/home/tianjian/.zshrc: line 1: setopt: command not found
/home/tianjian/.zshrc: line 5: bindkey: command not found
/home/tianjian/.zshrc: line 13: autoload: command not found
/home/tianjian/.zshrc: line 14: compinit: command not found
/home/tianjian/.zshrc: line 16: zstyle: command not found
/home/tianjian/.zshrc: line 17: zstyle: command not found
/home/tianjian/.zshrc: line 18: zstyle: command not found
/home/tianjian/.zshrc: line 19: zstyle: command not found
/home/tianjian/.zshrc: line 20: zstyle: command not found
/home/tianjian/.zshrc: line 22: ${(s.:.)LS_COLORS}: bad substitution
/home/tianjian/.zshrc: line 23: zstyle: command not found
/home/tianjian/.zshrc: line 24: zstyle: command not found
/home/tianjian/.zshrc: line 25: zstyle: command not found
/home/tianjian/.zshrc: line 26: zstyle: command not found
/home/tianjian/.zshrc: line 27: zstyle: command not found
/home/tianjian/.zshrc: line 28: zstyle: command not found
/home/tianjian/.zshrc: line 29: zstyle: command not found
/home/tianjian/.zshrc: line 31: zstyle: command not found
/home/tianjian/.zshrc: line 32: zstyle: command not found
/home/tianjian/.zshrc: line 34: setopt: command not found
/home/tianjian/.zshrc: line 35: setopt: command not found
/home/tianjian/.zshrc: line 36: setopt: command not found
[09/22/25 05:39:12] ERROR    fairseq2 - argument: --config-file:                
                             /home/tianjian/darling/dpo/dpo_config.yaml does not
                             contain a valid configuration override. See the    
                             logged stack trace for details.                    
                             Traceback (most recent call last):                 
                               File                                             
                             "/opt/hpcaas/.mounts/fs-072917c00f01ae1ba/home/chua
                             nyang/envs/fairseq2_2025-08-09/fairseq2/src/fairseq
                             2/cli/commands/recipe.py", line 452, in read       
                                 unstructured_config = merge_object(            
                               File                                             
                             "/opt/hpcaas/.mounts/fs-072917c00f01ae1ba/home/chua
                             nyang/envs/fairseq2_2025-08-09/fairseq2/src/fairseq
                             2/utils/merge.py", line 97, in merge_object        
                                 return merge_map(target, source)               
                               File                                             
                             "/opt/hpcaas/.mounts/fs-072917c00f01ae1ba/home/chua
                             nyang/envs/fairseq2_2025-08-09/fairseq2/src/fairseq
                             2/utils/merge.py", line 103, in merge_map          
                                 return _do_merge_map(target, source, [])       
                               File                                             
                             "/opt/hpcaas/.mounts/fs-072917c00f01ae1ba/home/chua
                             nyang/envs/fairseq2_2025-08-09/fairseq2/src/fairseq
                             2/utils/merge.py", line 190, in _do_merge_map      
                                 output[key] = _do_merge_map(target_value,      
                             source_value, path)                                
                               File                                             
                             "/opt/hpcaas/.mounts/fs-072917c00f01ae1ba/home/chua
                             nyang/envs/fairseq2_2025-08-09/fairseq2/src/fairseq
                             2/utils/merge.py", line 190, in _do_merge_map      
                                 output[key] = _do_merge_map(target_value,      
                             source_value, path)                                
                               File                                             
                             "/opt/hpcaas/.mounts/fs-072917c00f01ae1ba/home/chua
                             nyang/envs/fairseq2_2025-08-09/fairseq2/src/fairseq
                             2/utils/merge.py", line 184, in _do_merge_map      
                                 raise MergeError(                              
                             fairseq2.utils.merge.MergeError: `target` must have
                             an item at path                                    
                             'criterion.config.reference_tensor_parallel_size'. 
                                                                                
                             The above exception was the direct cause of the    
                             following exception:                               
                                                                                
                             Traceback (most recent call last):                 
                               File                                             
                             "/opt/hpcaas/.mounts/fs-072917c00f01ae1ba/home/chua
                             nyang/envs/fairseq2_2025-08-09/fairseq2/src/fairseq
                             2/cli/commands/recipe.py", line 290, in            
                             _read_config                                       
                                 return config_reader.read(                     
                               File                                             
                             "/opt/hpcaas/.mounts/fs-072917c00f01ae1ba/home/chua
                             nyang/envs/fairseq2_2025-08-09/fairseq2/src/fairseq
                             2/cli/commands/recipe.py", line 456, in read       
                                 raise InvalidConfigFileError(                  
                             fairseq2.cli.commands.recipe.InvalidConfigFileError
                             : The '/home/tianjian/darling/dpo/dpo_config.yaml' 
                             configuration file cannot be merged with the preset
                             configuration. See the nested exception for        
                             details.                                           
[09/22/25 05:39:12] ERROR    fairseq2 - argument: --config-file:                
                             /home/tianjian/darling/dpo/dpo_config.yaml does not
                             contain a valid configuration override. See the    
                             logged stack trace for details.                    
                             Traceback (most recent call last):                 
                               File                                             
                             "/opt/hpcaas/.mounts/fs-072917c00f01ae1ba/home/chua
                             nyang/envs/fairseq2_2025-08-09/fairseq2/src/fairseq
                             2/cli/commands/recipe.py", line 452, in read       
                                 unstructured_config = merge_object(            
                               File                                             
                             "/opt/hpcaas/.mounts/fs-072917c00f01ae1ba/home/chua
                             nyang/envs/fairseq2_2025-08-09/fairseq2/src/fairseq
                             2/utils/merge.py", line 97, in merge_object        
                                 return merge_map(target, source)               
                               File                                             
                             "/opt/hpcaas/.mounts/fs-072917c00f01ae1ba/home/chua
                             nyang/envs/fairseq2_2025-08-09/fairseq2/src/fairseq
                             2/utils/merge.py", line 103, in merge_map          
                                 return _do_merge_map(target, source, [])       
                               File                                             
                             "/opt/hpcaas/.mounts/fs-072917c00f01ae1ba/home/chua
                             nyang/envs/fairseq2_2025-08-09/fairseq2/src/fairseq
                             2/utils/merge.py", line 190, in _do_merge_map      
                                 output[key] = _do_merge_map(target_value,      
                             source_value, path)                                
                               File                                             
                             "/opt/hpcaas/.mounts/fs-072917c00f01ae1ba/home/chua
                             nyang/envs/fairseq2_2025-08-09/fairseq2/src/fairseq
                             2/utils/merge.py", line 190, in _do_merge_map      
                                 output[key] = _do_merge_map(target_value,      
                             source_value, path)                                
                               File                                             
                             "/opt/hpcaas/.mounts/fs-072917c00f01ae1ba/home/chua
                             nyang/envs/fairseq2_2025-08-09/fairseq2/src/fairseq
                             2/utils/merge.py", line 184, in _do_merge_map      
                                 raise MergeError(                              
                             fairseq2.utils.merge.MergeError: `target` must have
                             an item at path                                    
                             'criterion.config.reference_tensor_parallel_size'. 
                                                                                
                             The above exception was the direct cause of the    
                             following exception:                               
                                                                                
                             Traceback (most recent call last):                 
                               File                                             
                             "/opt/hpcaas/.mounts/fs-072917c00f01ae1ba/home/chua
                             nyang/envs/fairseq2_2025-08-09/fairseq2/src/fairseq
                             2/cli/commands/recipe.py", line 290, in            
                             _read_config                                       
                                 return config_reader.read(                     
                               File                                             
                             "/opt/hpcaas/.mounts/fs-072917c00f01ae1ba/home/chua
                             nyang/envs/fairseq2_2025-08-09/fairseq2/src/fairseq
                             2/cli/commands/recipe.py", line 456, in read       
                                 raise InvalidConfigFileError(                  
                             fairseq2.cli.commands.recipe.InvalidConfigFileError
                             : The '/home/tianjian/darling/dpo/dpo_config.yaml' 
                             configuration file cannot be merged with the preset
                             configuration. See the nested exception for        
                             details.                                           
[09/22/25 05:39:12] ERROR    fairseq2 - argument: --config-file:                
                             /home/tianjian/darling/dpo/dpo_config.yaml does not
                             contain a valid configuration override. See the    
                             logged stack trace for details.                    
                             Traceback (most recent call last):                 
                               File                                             
                             "/opt/hpcaas/.mounts/fs-072917c00f01ae1ba/home/chua
                             nyang/envs/fairseq2_2025-08-09/fairseq2/src/fairseq
                             2/cli/commands/recipe.py", line 452, in read       
                                 unstructured_config = merge_object(            
                               File                                             
                             "/opt/hpcaas/.mounts/fs-072917c00f01ae1ba/home/chua
                             nyang/envs/fairseq2_2025-08-09/fairseq2/src/fairseq
                             2/utils/merge.py", line 97, in merge_object        
                                 return merge_map(target, source)               
                               File                                             
                             "/opt/hpcaas/.mounts/fs-072917c00f01ae1ba/home/chua
                             nyang/envs/fairseq2_2025-08-09/fairseq2/src/fairseq
                             2/utils/merge.py", line 103, in merge_map          
                                 return _do_merge_map(target, source, [])       
                               File                                             
                             "/opt/hpcaas/.mounts/fs-072917c00f01ae1ba/home/chua
                             nyang/envs/fairseq2_2025-08-09/fairseq2/src/fairseq
                             2/utils/merge.py", line 190, in _do_merge_map      
                                 output[key] = _do_merge_map(target_value,      
                             source_value, path)                                
                               File                                             
                             "/opt/hpcaas/.mounts/fs-072917c00f01ae1ba/home/chua
                             nyang/envs/fairseq2_2025-08-09/fairseq2/src/fairseq
                             2/utils/merge.py", line 190, in _do_merge_map      
                                 output[key] = _do_merge_map(target_value,      
                             source_value, path)                                
                               File                                             
                             "/opt/hpcaas/.mounts/fs-072917c00f01ae1ba/home/chua
                             nyang/envs/fairseq2_2025-08-09/fairseq2/src/fairseq
                             2/utils/merge.py", line 184, in _do_merge_map      
                                 raise MergeError(                              
                             fairseq2.utils.merge.MergeError: `target` must have
                             an item at path                                    
                             'criterion.config.reference_tensor_parallel_size'. 
                                                                                
                             The above exception was the direct cause of the    
                             following exception:                               
                                                                                
                             Traceback (most recent call last):                 
                               File                                             
                             "/opt/hpcaas/.mounts/fs-072917c00f01ae1ba/home/chua
                             nyang/envs/fairseq2_2025-08-09/fairseq2/src/fairseq
                             2/cli/commands/recipe.py", line 290, in            
                             _read_config                                       
                                 return config_reader.read(                     
                               File                                             
                             "/opt/hpcaas/.mounts/fs-072917c00f01ae1ba/home/chua
                             nyang/envs/fairseq2_2025-08-09/fairseq2/src/fairseq
                             2/cli/commands/recipe.py", line 456, in read       
                                 raise InvalidConfigFileError(                  
                             fairseq2.cli.commands.recipe.InvalidConfigFileError
                             : The '/home/tianjian/darling/dpo/dpo_config.yaml' 
                             configuration file cannot be merged with the preset
                             configuration. See the nested exception for        
                             details.                                           
[09/22/25 05:39:12] ERROR    fairseq2 - argument: --config-file:                
                             /home/tianjian/darling/dpo/dpo_config.yaml does not
                             contain a valid configuration override. See the    
                             logged stack trace for details.                    
                             Traceback (most recent call last):                 
                               File                                             
                             "/opt/hpcaas/.mounts/fs-072917c00f01ae1ba/home/chua
                             nyang/envs/fairseq2_2025-08-09/fairseq2/src/fairseq
                             2/cli/commands/recipe.py", line 452, in read       
                                 unstructured_config = merge_object(            
                               File                                             
                             "/opt/hpcaas/.mounts/fs-072917c00f01ae1ba/home/chua
                             nyang/envs/fairseq2_2025-08-09/fairseq2/src/fairseq
                             2/utils/merge.py", line 97, in merge_object        
                                 return merge_map(target, source)               
                               File                                             
                             "/opt/hpcaas/.mounts/fs-072917c00f01ae1ba/home/chua
                             nyang/envs/fairseq2_2025-08-09/fairseq2/src/fairseq
                             2/utils/merge.py", line 103, in merge_map          
                                 return _do_merge_map(target, source, [])       
                               File                                             
                             "/opt/hpcaas/.mounts/fs-072917c00f01ae1ba/home/chua
                             nyang/envs/fairseq2_2025-08-09/fairseq2/src/fairseq
                             2/utils/merge.py", line 190, in _do_merge_map      
                                 output[key] = _do_merge_map(target_value,      
                             source_value, path)                                
                               File                                             
                             "/opt/hpcaas/.mounts/fs-072917c00f01ae1ba/home/chua
                             nyang/envs/fairseq2_2025-08-09/fairseq2/src/fairseq
                             2/utils/merge.py", line 190, in _do_merge_map      
                                 output[key] = _do_merge_map(target_value,      
                             source_value, path)                                
                               File                                             
                             "/opt/hpcaas/.mounts/fs-072917c00f01ae1ba/home/chua
                             nyang/envs/fairseq2_2025-08-09/fairseq2/src/fairseq
                             2/utils/merge.py", line 184, in _do_merge_map      
                                 raise MergeError(                              
                             fairseq2.utils.merge.MergeError: `target` must have
                             an item at path                                    
                             'criterion.config.reference_tensor_parallel_size'. 
                                                                                
                             The above exception was the direct cause of the    
                             following exception:                               
                                                                                
                             Traceback (most recent call last):                 
                               File                                             
                             "/opt/hpcaas/.mounts/fs-072917c00f01ae1ba/home/chua
                             nyang/envs/fairseq2_2025-08-09/fairseq2/src/fairseq
                             2/cli/commands/recipe.py", line 290, in            
                             _read_config                                       
                                 return config_reader.read(                     
                               File                                             
                             "/opt/hpcaas/.mounts/fs-072917c00f01ae1ba/home/chua
                             nyang/envs/fairseq2_2025-08-09/fairseq2/src/fairseq
                             2/cli/commands/recipe.py", line 456, in read       
                                 raise InvalidConfigFileError(                  
                             fairseq2.cli.commands.recipe.InvalidConfigFileError
                             : The '/home/tianjian/darling/dpo/dpo_config.yaml' 
                             configuration file cannot be merged with the preset
                             configuration. See the nested exception for        
                             details.                                           
[09/22/25 05:39:12] ERROR    fairseq2 - argument: --config-file:                
                             /home/tianjian/darling/dpo/dpo_config.yaml does not
                             contain a valid configuration override. See the    
                             logged stack trace for details.                    
                             Traceback (most recent call last):                 
                               File                                             
                             "/opt/hpcaas/.mounts/fs-072917c00f01ae1ba/home/chua
                             nyang/envs/fairseq2_2025-08-09/fairseq2/src/fairseq
                             2/cli/commands/recipe.py", line 452, in read       
                                 unstructured_config = merge_object(            
                               File                                             
                             "/opt/hpcaas/.mounts/fs-072917c00f01ae1ba/home/chua
                             nyang/envs/fairseq2_2025-08-09/fairseq2/src/fairseq
                             2/utils/merge.py", line 97, in merge_object        
                                 return merge_map(target, source)               
                               File                                             
                             "/opt/hpcaas/.mounts/fs-072917c00f01ae1ba/home/chua
                             nyang/envs/fairseq2_2025-08-09/fairseq2/src/fairseq
                             2/utils/merge.py", line 103, in merge_map          
                                 return _do_merge_map(target, source, [])       
                               File                                             
                             "/opt/hpcaas/.mounts/fs-072917c00f01ae1ba/home/chua
                             nyang/envs/fairseq2_2025-08-09/fairseq2/src/fairseq
                             2/utils/merge.py", line 190, in _do_merge_map      
                                 output[key] = _do_merge_map(target_value,      
                             source_value, path)                                
                               File                                             
                             "/opt/hpcaas/.mounts/fs-072917c00f01ae1ba/home/chua
                             nyang/envs/fairseq2_2025-08-09/fairseq2/src/fairseq
                             2/utils/merge.py", line 190, in _do_merge_map      
                                 output[key] = _do_merge_map(target_value,      
                             source_value, path)                                
                               File                                             
                             "/opt/hpcaas/.mounts/fs-072917c00f01ae1ba/home/chua
                             nyang/envs/fairseq2_2025-08-09/fairseq2/src/fairseq
                             2/utils/merge.py", line 184, in _do_merge_map      
                                 raise MergeError(                              
                             fairseq2.utils.merge.MergeError: `target` must have
                             an item at path                                    
                             'criterion.config.reference_tensor_parallel_size'. 
                                                                                
                             The above exception was the direct cause of the    
                             following exception:                               
                                                                                
                             Traceback (most recent call last):                 
                               File                                             
                             "/opt/hpcaas/.mounts/fs-072917c00f01ae1ba/home/chua
                             nyang/envs/fairseq2_2025-08-09/fairseq2/src/fairseq
                             2/cli/commands/recipe.py", line 290, in            
                             _read_config                                       
                                 return config_reader.read(                     
                               File                                             
                             "/opt/hpcaas/.mounts/fs-072917c00f01ae1ba/home/chua
                             nyang/envs/fairseq2_2025-08-09/fairseq2/src/fairseq
                             2/cli/commands/recipe.py", line 456, in read       
                                 raise InvalidConfigFileError(                  
                             fairseq2.cli.commands.recipe.InvalidConfigFileError
                             : The '/home/tianjian/darling/dpo/dpo_config.yaml' 
                             configuration file cannot be merged with the preset
                             configuration. See the nested exception for        
                             details.                                           
[09/22/25 05:39:12] ERROR    fairseq2 - argument: --config-file:                
                             /home/tianjian/darling/dpo/dpo_config.yaml does not
                             contain a valid configuration override. See the    
                             logged stack trace for details.                    
                             Traceback (most recent call last):                 
                               File                                             
                             "/opt/hpcaas/.mounts/fs-072917c00f01ae1ba/home/chua
                             nyang/envs/fairseq2_2025-08-09/fairseq2/src/fairseq
                             2/cli/commands/recipe.py", line 452, in read       
                                 unstructured_config = merge_object(            
                               File                                             
                             "/opt/hpcaas/.mounts/fs-072917c00f01ae1ba/home/chua
                             nyang/envs/fairseq2_2025-08-09/fairseq2/src/fairseq
                             2/utils/merge.py", line 97, in merge_object        
                                 return merge_map(target, source)               
                               File                                             
                             "/opt/hpcaas/.mounts/fs-072917c00f01ae1ba/home/chua
                             nyang/envs/fairseq2_2025-08-09/fairseq2/src/fairseq
                             2/utils/merge.py", line 103, in merge_map          
                                 return _do_merge_map(target, source, [])       
                               File                                             
                             "/opt/hpcaas/.mounts/fs-072917c00f01ae1ba/home/chua
                             nyang/envs/fairseq2_2025-08-09/fairseq2/src/fairseq
                             2/utils/merge.py", line 190, in _do_merge_map      
                                 output[key] = _do_merge_map(target_value,      
                             source_value, path)                                
                               File                                             
                             "/opt/hpcaas/.mounts/fs-072917c00f01ae1ba/home/chua
                             nyang/envs/fairseq2_2025-08-09/fairseq2/src/fairseq
                             2/utils/merge.py", line 190, in _do_merge_map      
                                 output[key] = _do_merge_map(target_value,      
                             source_value, path)                                
                               File                                             
                             "/opt/hpcaas/.mounts/fs-072917c00f01ae1ba/home/chua
                             nyang/envs/fairseq2_2025-08-09/fairseq2/src/fairseq
                             2/utils/merge.py", line 184, in _do_merge_map      
                                 raise MergeError(                              
                             fairseq2.utils.merge.MergeError: `target` must have
                             an item at path                                    
                             'criterion.config.reference_tensor_parallel_size'. 
                                                                                
                             The above exception was the direct cause of the    
                             following exception:                               
                                                                                
                             Traceback (most recent call last):                 
                               File                                             
                             "/opt/hpcaas/.mounts/fs-072917c00f01ae1ba/home/chua
                             nyang/envs/fairseq2_2025-08-09/fairseq2/src/fairseq
                             2/cli/commands/recipe.py", line 290, in            
                             _read_config                                       
                                 return config_reader.read(                     
                               File                                             
                             "/opt/hpcaas/.mounts/fs-072917c00f01ae1ba/home/chua
                             nyang/envs/fairseq2_2025-08-09/fairseq2/src/fairseq
                             2/cli/commands/recipe.py", line 456, in read       
                                 raise InvalidConfigFileError(                  
                             fairseq2.cli.commands.recipe.InvalidConfigFileError
                             : The '/home/tianjian/darling/dpo/dpo_config.yaml' 
                             configuration file cannot be merged with the preset
                             configuration. See the nested exception for        
                             details.                                           
[09/22/25 05:39:12] ERROR    fairseq2 - argument: --config-file:                
                             /home/tianjian/darling/dpo/dpo_config.yaml does not
                             contain a valid configuration override. See the    
                             logged stack trace for details.                    
                             Traceback (most recent call last):                 
                               File                                             
                             "/opt/hpcaas/.mounts/fs-072917c00f01ae1ba/home/chua
                             nyang/envs/fairseq2_2025-08-09/fairseq2/src/fairseq
                             2/cli/commands/recipe.py", line 452, in read       
                                 unstructured_config = merge_object(            
                               File                                             
                             "/opt/hpcaas/.mounts/fs-072917c00f01ae1ba/home/chua
                             nyang/envs/fairseq2_2025-08-09/fairseq2/src/fairseq
                             2/utils/merge.py", line 97, in merge_object        
                                 return merge_map(target, source)               
                               File                                             
                             "/opt/hpcaas/.mounts/fs-072917c00f01ae1ba/home/chua
                             nyang/envs/fairseq2_2025-08-09/fairseq2/src/fairseq
                             2/utils/merge.py", line 103, in merge_map          
                                 return _do_merge_map(target, source, [])       
                               File                                             
                             "/opt/hpcaas/.mounts/fs-072917c00f01ae1ba/home/chua
                             nyang/envs/fairseq2_2025-08-09/fairseq2/src/fairseq
                             2/utils/merge.py", line 190, in _do_merge_map      
                                 output[key] = _do_merge_map(target_value,      
                             source_value, path)                                
                               File                                             
                             "/opt/hpcaas/.mounts/fs-072917c00f01ae1ba/home/chua
                             nyang/envs/fairseq2_2025-08-09/fairseq2/src/fairseq
                             2/utils/merge.py", line 190, in _do_merge_map      
                                 output[key] = _do_merge_map(target_value,      
                             source_value, path)                                
                               File                                             
                             "/opt/hpcaas/.mounts/fs-072917c00f01ae1ba/home/chua
                             nyang/envs/fairseq2_2025-08-09/fairseq2/src/fairseq
                             2/utils/merge.py", line 184, in _do_merge_map      
                                 raise MergeError(                              
                             fairseq2.utils.merge.MergeError: `target` must have
                             an item at path                                    
                             'criterion.config.reference_tensor_parallel_size'. 
                                                                                
                             The above exception was the direct cause of the    
                             following exception:                               
                                                                                
                             Traceback (most recent call last):                 
                               File                                             
                             "/opt/hpcaas/.mounts/fs-072917c00f01ae1ba/home/chua
                             nyang/envs/fairseq2_2025-08-09/fairseq2/src/fairseq
                             2/cli/commands/recipe.py", line 290, in            
                             _read_config                                       
                                 return config_reader.read(                     
                               File                                             
                             "/opt/hpcaas/.mounts/fs-072917c00f01ae1ba/home/chua
                             nyang/envs/fairseq2_2025-08-09/fairseq2/src/fairseq
                             2/cli/commands/recipe.py", line 456, in read       
                                 raise InvalidConfigFileError(                  
                             fairseq2.cli.commands.recipe.InvalidConfigFileError
                             : The '/home/tianjian/darling/dpo/dpo_config.yaml' 
                             configuration file cannot be merged with the preset
                             configuration. See the nested exception for        
                             details.                                           
[09/22/25 05:39:12] ERROR    fairseq2 - argument: --config-file:                
                             /home/tianjian/darling/dpo/dpo_config.yaml does not
                             contain a valid configuration override. See the    
                             logged stack trace for details.                    
                             Traceback (most recent call last):                 
                               File                                             
                             "/opt/hpcaas/.mounts/fs-072917c00f01ae1ba/home/chua
                             nyang/envs/fairseq2_2025-08-09/fairseq2/src/fairseq
                             2/cli/commands/recipe.py", line 452, in read       
                                 unstructured_config = merge_object(            
                               File                                             
                             "/opt/hpcaas/.mounts/fs-072917c00f01ae1ba/home/chua
                             nyang/envs/fairseq2_2025-08-09/fairseq2/src/fairseq
                             2/utils/merge.py", line 97, in merge_object        
                                 return merge_map(target, source)               
                               File                                             
                             "/opt/hpcaas/.mounts/fs-072917c00f01ae1ba/home/chua
                             nyang/envs/fairseq2_2025-08-09/fairseq2/src/fairseq
                             2/utils/merge.py", line 103, in merge_map          
                                 return _do_merge_map(target, source, [])       
                               File                                             
                             "/opt/hpcaas/.mounts/fs-072917c00f01ae1ba/home/chua
                             nyang/envs/fairseq2_2025-08-09/fairseq2/src/fairseq
                             2/utils/merge.py", line 190, in _do_merge_map      
                                 output[key] = _do_merge_map(target_value,      
                             source_value, path)                                
                               File                                             
                             "/opt/hpcaas/.mounts/fs-072917c00f01ae1ba/home/chua
                             nyang/envs/fairseq2_2025-08-09/fairseq2/src/fairseq
                             2/utils/merge.py", line 190, in _do_merge_map      
                                 output[key] = _do_merge_map(target_value,      
                             source_value, path)                                
                               File                                             
                             "/opt/hpcaas/.mounts/fs-072917c00f01ae1ba/home/chua
                             nyang/envs/fairseq2_2025-08-09/fairseq2/src/fairseq
                             2/utils/merge.py", line 184, in _do_merge_map      
                                 raise MergeError(                              
                             fairseq2.utils.merge.MergeError: `target` must have
                             an item at path                                    
                             'criterion.config.reference_tensor_parallel_size'. 
                                                                                
                             The above exception was the direct cause of the    
                             following exception:                               
                                                                                
                             Traceback (most recent call last):                 
                               File                                             
                             "/opt/hpcaas/.mounts/fs-072917c00f01ae1ba/home/chua
                             nyang/envs/fairseq2_2025-08-09/fairseq2/src/fairseq
                             2/cli/commands/recipe.py", line 290, in            
                             _read_config                                       
                                 return config_reader.read(                     
                               File                                             
                             "/opt/hpcaas/.mounts/fs-072917c00f01ae1ba/home/chua
                             nyang/envs/fairseq2_2025-08-09/fairseq2/src/fairseq
                             2/cli/commands/recipe.py", line 456, in read       
                                 raise InvalidConfigFileError(                  
                             fairseq2.cli.commands.recipe.InvalidConfigFileError
                             : The '/home/tianjian/darling/dpo/dpo_config.yaml' 
                             configuration file cannot be merged with the preset
                             configuration. See the nested exception for        
                             details.                                           
srun: error: cr1-h200-p5en48xlarge-543: tasks 24-31: Exited with exit code 2
srun: Terminating StepId=1978838.0
slurmstepd: error: *** STEP 1978838.0 ON cr1-h200-p5en48xlarge-539 CANCELLED AT 2025-09-22T05:39:14 ***
srun: error: cr1-h200-p5en48xlarge-539: tasks 0-7: Terminated
srun: error: cr1-h200-p5en48xlarge-542: tasks 16-23: Terminated
srun: error: cr1-h200-p5en48xlarge-540: tasks 8-15: Terminated
srun: Force Terminated StepId=1978838.0
