/home/tianjian/.zshrc: line 1: setopt: command not found
/home/tianjian/.zshrc: line 5: bindkey: command not found
/home/tianjian/.zshrc: line 13: autoload: command not found
/home/tianjian/.zshrc: line 14: compinit: command not found
/home/tianjian/.zshrc: line 16: zstyle: command not found
/home/tianjian/.zshrc: line 17: zstyle: command not found
/home/tianjian/.zshrc: line 18: zstyle: command not found
/home/tianjian/.zshrc: line 19: zstyle: command not found
/home/tianjian/.zshrc: line 20: zstyle: command not found
/home/tianjian/.zshrc: line 22: ${(s.:.)LS_COLORS}: bad substitution
/home/tianjian/.zshrc: line 23: zstyle: command not found
/home/tianjian/.zshrc: line 24: zstyle: command not found
/home/tianjian/.zshrc: line 25: zstyle: command not found
/home/tianjian/.zshrc: line 26: zstyle: command not found
/home/tianjian/.zshrc: line 27: zstyle: command not found
/home/tianjian/.zshrc: line 28: zstyle: command not found
/home/tianjian/.zshrc: line 29: zstyle: command not found
/home/tianjian/.zshrc: line 31: zstyle: command not found
/home/tianjian/.zshrc: line 32: zstyle: command not found
/home/tianjian/.zshrc: line 34: setopt: command not found
/home/tianjian/.zshrc: line 35: setopt: command not found
/home/tianjian/.zshrc: line 36: setopt: command not found
Traceback (most recent call last):
  File "/home/tianjian/miniconda3/envs/alpacaeval/bin/fairseq2", line 5, in <module>
Traceback (most recent call last):
  File "/home/tianjian/miniconda3/envs/alpacaeval/bin/fairseq2", line 5, in <module>
Traceback (most recent call last):
  File "/home/tianjian/miniconda3/envs/alpacaeval/bin/fairseq2", line 5, in <module>
Traceback (most recent call last):
  File "/home/tianjian/miniconda3/envs/alpacaeval/bin/fairseq2", line 5, in <module>
    from fairseq2.cli import main
Traceback (most recent call last):
  File "/home/tianjian/miniconda3/envs/alpacaeval/bin/fairseq2", line 5, in <module>
Traceback (most recent call last):
  File "/home/tianjian/miniconda3/envs/alpacaeval/bin/fairseq2", line 5, in <module>
    from fairseq2.cli import main
ModuleNotFoundError: No module named 'fairseq2.cli'
    from fairseq2.cli import main
ModuleNotFoundError: No module named 'fairseq2.cli'
    from fairseq2.cli import main
ModuleNotFoundError: No module named 'fairseq2.cli'
Traceback (most recent call last):
  File "/home/tianjian/miniconda3/envs/alpacaeval/bin/fairseq2", line 5, in <module>
    from fairseq2.cli import main
ModuleNotFoundError: No module named 'fairseq2.cli'
ModuleNotFoundError: No module named 'fairseq2.cli'
    from fairseq2.cli import main
ModuleNotFoundError: No module named 'fairseq2.cli'
    from fairseq2.cli import main
ModuleNotFoundError: No module named 'fairseq2.cli'
Traceback (most recent call last):
  File "/home/tianjian/miniconda3/envs/alpacaeval/bin/fairseq2", line 5, in <module>
    from fairseq2.cli import main
ModuleNotFoundError: No module named 'fairseq2.cli'
Traceback (most recent call last):
  File "/home/tianjian/miniconda3/envs/alpacaeval/bin/fairseq2", line 5, in <module>
Traceback (most recent call last):
  File "/home/tianjian/miniconda3/envs/alpacaeval/bin/fairseq2", line 5, in <module>
Traceback (most recent call last):
  File "/home/tianjian/miniconda3/envs/alpacaeval/bin/fairseq2", line 5, in <module>
Traceback (most recent call last):
  File "/home/tianjian/miniconda3/envs/alpacaeval/bin/fairseq2", line 5, in <module>
    from fairseq2.cli import main
ModuleNotFoundError: No module named 'fairseq2.cli'
Traceback (most recent call last):
  File "/home/tianjian/miniconda3/envs/alpacaeval/bin/fairseq2", line 5, in <module>
    from fairseq2.cli import main
ModuleNotFoundError: No module named 'fairseq2.cli'
Traceback (most recent call last):
  File "/home/tianjian/miniconda3/envs/alpacaeval/bin/fairseq2", line 5, in <module>
    from fairseq2.cli import main
ModuleNotFoundError: No module named 'fairseq2.cli'
Traceback (most recent call last):
  File "/home/tianjian/miniconda3/envs/alpacaeval/bin/fairseq2", line 5, in <module>
    from fairseq2.cli import main
ModuleNotFoundError: No module named 'fairseq2.cli'
    from fairseq2.cli import main
ModuleNotFoundError: No module named 'fairseq2.cli'
    from fairseq2.cli import main
ModuleNotFoundError: No module named 'fairseq2.cli'
    from fairseq2.cli import main
ModuleNotFoundError: No module named 'fairseq2.cli'
Traceback (most recent call last):
  File "/home/tianjian/miniconda3/envs/alpacaeval/bin/fairseq2", line 5, in <module>
    from fairseq2.cli import main
ModuleNotFoundError: No module named 'fairseq2.cli'
Traceback (most recent call last):
  File "/home/tianjian/miniconda3/envs/alpacaeval/bin/fairseq2", line 5, in <module>
Traceback (most recent call last):
  File "/home/tianjian/miniconda3/envs/alpacaeval/bin/fairseq2", line 5, in <module>
Traceback (most recent call last):
  File "/home/tianjian/miniconda3/envs/alpacaeval/bin/fairseq2", line 5, in <module>
    from fairseq2.cli import main
Traceback (most recent call last):
  File "/home/tianjian/miniconda3/envs/alpacaeval/bin/fairseq2", line 5, in <module>
    from fairseq2.cli import main
Traceback (most recent call last):
  File "/home/tianjian/miniconda3/envs/alpacaeval/bin/fairseq2", line 5, in <module>
    from fairseq2.cli import main
ModuleNotFoundError: No module named 'fairseq2.cli'
Traceback (most recent call last):
  File "/home/tianjian/miniconda3/envs/alpacaeval/bin/fairseq2", line 5, in <module>
    from fairseq2.cli import main
ModuleNotFoundError: No module named 'fairseq2.cli'
Traceback (most recent call last):
  File "/home/tianjian/miniconda3/envs/alpacaeval/bin/fairseq2", line 5, in <module>
    from fairseq2.cli import main
ModuleNotFoundError: No module named 'fairseq2.cli'
    from fairseq2.cli import main
ModuleNotFoundError: No module named 'fairseq2.cli'
ModuleNotFoundError: No module named 'fairseq2.cli'
ModuleNotFoundError: No module named 'fairseq2.cli'
    from fairseq2.cli import main
ModuleNotFoundError: No module named 'fairseq2.cli'
Traceback (most recent call last):
  File "/home/tianjian/miniconda3/envs/alpacaeval/bin/fairseq2", line 5, in <module>
    from fairseq2.cli import main
ModuleNotFoundError: No module named 'fairseq2.cli'
Traceback (most recent call last):
  File "/home/tianjian/miniconda3/envs/alpacaeval/bin/fairseq2", line 5, in <module>
Traceback (most recent call last):
  File "/home/tianjian/miniconda3/envs/alpacaeval/bin/fairseq2", line 5, in <module>
    from fairseq2.cli import main
ModuleNotFoundError: No module named 'fairseq2.cli'
Traceback (most recent call last):
  File "/home/tianjian/miniconda3/envs/alpacaeval/bin/fairseq2", line 5, in <module>
    from fairseq2.cli import main
ModuleNotFoundError: No module named 'fairseq2.cli'
Traceback (most recent call last):
  File "/home/tianjian/miniconda3/envs/alpacaeval/bin/fairseq2", line 5, in <module>
    from fairseq2.cli import main
ModuleNotFoundError: No module named 'fairseq2.cli'
Traceback (most recent call last):
  File "/home/tianjian/miniconda3/envs/alpacaeval/bin/fairseq2", line 5, in <module>
    from fairseq2.cli import main
ModuleNotFoundError: No module named 'fairseq2.cli'
Traceback (most recent call last):
  File "/home/tianjian/miniconda3/envs/alpacaeval/bin/fairseq2", line 5, in <module>
    from fairseq2.cli import main
ModuleNotFoundError: No module named 'fairseq2.cli'
Traceback (most recent call last):
  File "/home/tianjian/miniconda3/envs/alpacaeval/bin/fairseq2", line 5, in <module>
    from fairseq2.cli import main
    from fairseq2.cli import main
ModuleNotFoundError: No module named 'fairseq2.cli'
ModuleNotFoundError: No module named 'fairseq2.cli'
Traceback (most recent call last):
  File "/home/tianjian/miniconda3/envs/alpacaeval/bin/fairseq2", line 5, in <module>
    from fairseq2.cli import main
ModuleNotFoundError: No module named 'fairseq2.cli'
srun: error: cr1-h200-p5en48xlarge-231: tasks 8-15: Exited with exit code 1
srun: Terminating StepId=1976523.0
slurmstepd: error: *** STEP 1976523.0 ON cr1-h200-p5en48xlarge-150 CANCELLED AT 2025-09-22T03:58:30 ***
srun: error: cr1-h200-p5en48xlarge-413: tasks 24-31: Terminated
srun: error: cr1-h200-p5en48xlarge-150: tasks 0-7: Terminated
srun: error: cr1-h200-p5en48xlarge-255: tasks 16-23: Terminated
srun: Force Terminated StepId=1976523.0
