/home/tianjian/.zshrc: line 1: setopt: command not found
/home/tianjian/.zshrc: line 5: bindkey: command not found
/home/tianjian/.zshrc: line 13: autoload: command not found
/home/tianjian/.zshrc: line 14: compinit: command not found
/home/tianjian/.zshrc: line 16: zstyle: command not found
/home/tianjian/.zshrc: line 17: zstyle: command not found
/home/tianjian/.zshrc: line 18: zstyle: command not found
/home/tianjian/.zshrc: line 19: zstyle: command not found
/home/tianjian/.zshrc: line 20: zstyle: command not found
/home/tianjian/.zshrc: line 22: ${(s.:.)LS_COLORS}: bad substitution
/home/tianjian/.zshrc: line 23: zstyle: command not found
/home/tianjian/.zshrc: line 24: zstyle: command not found
/home/tianjian/.zshrc: line 25: zstyle: command not found
/home/tianjian/.zshrc: line 26: zstyle: command not found
/home/tianjian/.zshrc: line 27: zstyle: command not found
/home/tianjian/.zshrc: line 28: zstyle: command not found
/home/tianjian/.zshrc: line 29: zstyle: command not found
/home/tianjian/.zshrc: line 31: zstyle: command not found
/home/tianjian/.zshrc: line 32: zstyle: command not found
/home/tianjian/.zshrc: line 34: setopt: command not found
/home/tianjian/.zshrc: line 35: setopt: command not found
/home/tianjian/.zshrc: line 36: setopt: command not found
Traceback (most recent call last):
  File "/home/tianjian/miniconda3/envs/alpacaeval/bin/fairseq2", line 5, in <module>
Traceback (most recent call last):
  File "/home/tianjian/miniconda3/envs/alpacaeval/bin/fairseq2", line 5, in <module>
Traceback (most recent call last):
  File "/home/tianjian/miniconda3/envs/alpacaeval/bin/fairseq2", line 5, in <module>
Traceback (most recent call last):
  File "/home/tianjian/miniconda3/envs/alpacaeval/bin/fairseq2", line 5, in <module>
Traceback (most recent call last):
  File "/home/tianjian/miniconda3/envs/alpacaeval/bin/fairseq2", line 5, in <module>
Traceback (most recent call last):
  File "/home/tianjian/miniconda3/envs/alpacaeval/bin/fairseq2", line 5, in <module>
Traceback (most recent call last):
  File "/home/tianjian/miniconda3/envs/alpacaeval/bin/fairseq2", line 5, in <module>
Traceback (most recent call last):
  File "/home/tianjian/miniconda3/envs/alpacaeval/bin/fairseq2", line 5, in <module>
Traceback (most recent call last):
  File "/home/tianjian/miniconda3/envs/alpacaeval/bin/fairseq2", line 5, in <module>
Traceback (most recent call last):
  File "/home/tianjian/miniconda3/envs/alpacaeval/bin/fairseq2", line 5, in <module>
    from fairseq2.cli import main
  File "/home/tianjian/miniconda3/envs/alpacaeval/lib/python3.10/site-packages/fairseq2/__init__.py", line 15, in <module>
    from fairseq2.cli import main
  File "/home/tianjian/miniconda3/envs/alpacaeval/lib/python3.10/site-packages/fairseq2/__init__.py", line 15, in <module>
    from fairseq2.setup import setup_fairseq2 as setup_fairseq2
  File "/home/tianjian/miniconda3/envs/alpacaeval/lib/python3.10/site-packages/fairseq2/setup/__init__.py", line 12, in <module>
Traceback (most recent call last):
  File "/home/tianjian/miniconda3/envs/alpacaeval/bin/fairseq2", line 5, in <module>
    from fairseq2.cli import main
  File "/home/tianjian/miniconda3/envs/alpacaeval/lib/python3.10/site-packages/fairseq2/__init__.py", line 15, in <module>
    from fairseq2.cli import main
  File "/home/tianjian/miniconda3/envs/alpacaeval/lib/python3.10/site-packages/fairseq2/__init__.py", line 15, in <module>
Traceback (most recent call last):
  File "/home/tianjian/miniconda3/envs/alpacaeval/bin/fairseq2", line 5, in <module>
Traceback (most recent call last):
  File "/home/tianjian/miniconda3/envs/alpacaeval/bin/fairseq2", line 5, in <module>
    from fairseq2.cli import main
  File "/home/tianjian/miniconda3/envs/alpacaeval/lib/python3.10/site-packages/fairseq2/__init__.py", line 15, in <module>
    from fairseq2.cli import main
  File "/home/tianjian/miniconda3/envs/alpacaeval/lib/python3.10/site-packages/fairseq2/__init__.py", line 15, in <module>
    from fairseq2.cli import main
  File "/home/tianjian/miniconda3/envs/alpacaeval/lib/python3.10/site-packages/fairseq2/__init__.py", line 15, in <module>
    from fairseq2.cli import main
  File "/home/tianjian/miniconda3/envs/alpacaeval/lib/python3.10/site-packages/fairseq2/__init__.py", line 15, in <module>
    from fairseq2.setup import setup_fairseq2 as setup_fairseq2
    from fairseq2.cli import main
  File "/home/tianjian/miniconda3/envs/alpacaeval/lib/python3.10/site-packages/fairseq2/__init__.py", line 15, in <module>
    from fairseq2.setup import setup_fairseq2 as setup_fairseq2
  File "/home/tianjian/miniconda3/envs/alpacaeval/lib/python3.10/site-packages/fairseq2/setup/__init__.py", line 12, in <module>
    from fairseq2.setup import setup_fairseq2 as setup_fairseq2
  File "/home/tianjian/miniconda3/envs/alpacaeval/lib/python3.10/site-packages/fairseq2/setup/__init__.py", line 12, in <module>
    from fairseq2.cli import main
  File "/home/tianjian/miniconda3/envs/alpacaeval/lib/python3.10/site-packages/fairseq2/__init__.py", line 15, in <module>
    from fairseq2.setup import setup_fairseq2 as setup_fairseq2
  File "/home/tianjian/miniconda3/envs/alpacaeval/lib/python3.10/site-packages/fairseq2/setup/__init__.py", line 12, in <module>
    from fairseq2.setup import setup_fairseq2 as setup_fairseq2
  File "/home/tianjian/miniconda3/envs/alpacaeval/lib/python3.10/site-packages/fairseq2/setup/__init__.py", line 12, in <module>
    from fairseq2.cli import main
  File "/home/tianjian/miniconda3/envs/alpacaeval/lib/python3.10/site-packages/fairseq2/__init__.py", line 15, in <module>
    from fairseq2.setup import setup_fairseq2 as setup_fairseq2
  File "/home/tianjian/miniconda3/envs/alpacaeval/lib/python3.10/site-packages/fairseq2/setup/__init__.py", line 12, in <module>
    from fairseq2.setup import setup_fairseq2 as setup_fairseq2
  File "/home/tianjian/miniconda3/envs/alpacaeval/lib/python3.10/site-packages/fairseq2/setup/__init__.py", line 12, in <module>
Traceback (most recent call last):
  File "/home/tianjian/miniconda3/envs/alpacaeval/bin/fairseq2", line 5, in <module>
    from fairseq2.setup import setup_fairseq2 as setup_fairseq2
  File "/home/tianjian/miniconda3/envs/alpacaeval/lib/python3.10/site-packages/fairseq2/setup/__init__.py", line 12, in <module>
  File "/home/tianjian/miniconda3/envs/alpacaeval/lib/python3.10/site-packages/fairseq2/setup/__init__.py", line 12, in <module>
    from fairseq2.cli import main
  File "/home/tianjian/miniconda3/envs/alpacaeval/lib/python3.10/site-packages/fairseq2/__init__.py", line 15, in <module>
    from fairseq2.setup import setup_fairseq2 as setup_fairseq2
  File "/home/tianjian/miniconda3/envs/alpacaeval/lib/python3.10/site-packages/fairseq2/setup/__init__.py", line 12, in <module>
    from fairseq2.setup import setup_fairseq2 as setup_fairseq2
  File "/home/tianjian/miniconda3/envs/alpacaeval/lib/python3.10/site-packages/fairseq2/setup/__init__.py", line 12, in <module>
    from fairseq2.cli import main
  File "/home/tianjian/miniconda3/envs/alpacaeval/lib/python3.10/site-packages/fairseq2/__init__.py", line 15, in <module>
    from fairseq2.setup import setup_fairseq2 as setup_fairseq2
  File "/home/tianjian/miniconda3/envs/alpacaeval/lib/python3.10/site-packages/fairseq2/setup/__init__.py", line 12, in <module>
    from fairseq2.setup import setup_fairseq2 as setup_fairseq2
  File "/home/tianjian/miniconda3/envs/alpacaeval/lib/python3.10/site-packages/fairseq2/setup/__init__.py", line 12, in <module>
Traceback (most recent call last):
  File "/home/tianjian/miniconda3/envs/alpacaeval/bin/fairseq2", line 5, in <module>
    from fairseq2.cli import main
  File "/home/tianjian/miniconda3/envs/alpacaeval/lib/python3.10/site-packages/fairseq2/__init__.py", line 15, in <module>
    from fairseq2.cli import main
  File "/home/tianjian/miniconda3/envs/alpacaeval/lib/python3.10/site-packages/fairseq2/__init__.py", line 15, in <module>
    from fairseq2.setup import setup_fairseq2 as setup_fairseq2
  File "/home/tianjian/miniconda3/envs/alpacaeval/lib/python3.10/site-packages/fairseq2/setup/__init__.py", line 12, in <module>
    from fairseq2.setup import setup_fairseq2 as setup_fairseq2
  File "/home/tianjian/miniconda3/envs/alpacaeval/lib/python3.10/site-packages/fairseq2/setup/__init__.py", line 12, in <module>
Traceback (most recent call last):
  File "/home/tianjian/miniconda3/envs/alpacaeval/bin/fairseq2", line 5, in <module>
    from fairseq2.setup._cli import setup_cli as setup_cli
  File "/home/tianjian/miniconda3/envs/alpacaeval/lib/python3.10/site-packages/fairseq2/setup/_cli/__init__.py", line 9, in <module>
    from fairseq2.cli import main
  File "/home/tianjian/miniconda3/envs/alpacaeval/lib/python3.10/site-packages/fairseq2/__init__.py", line 15, in <module>
    from fairseq2.setup._cli import setup_cli as setup_cli
  File "/home/tianjian/miniconda3/envs/alpacaeval/lib/python3.10/site-packages/fairseq2/setup/_cli/__init__.py", line 9, in <module>
    from fairseq2.setup import setup_fairseq2 as setup_fairseq2
  File "/home/tianjian/miniconda3/envs/alpacaeval/lib/python3.10/site-packages/fairseq2/setup/__init__.py", line 12, in <module>
    from fairseq2.setup._cli import setup_cli as setup_cli
  File "/home/tianjian/miniconda3/envs/alpacaeval/lib/python3.10/site-packages/fairseq2/setup/_cli/__init__.py", line 9, in <module>
    from fairseq2.setup._cli import setup_cli as setup_cli
  File "/home/tianjian/miniconda3/envs/alpacaeval/lib/python3.10/site-packages/fairseq2/setup/_cli/__init__.py", line 9, in <module>
    from fairseq2.setup._cli import setup_cli as setup_cli
  File "/home/tianjian/miniconda3/envs/alpacaeval/lib/python3.10/site-packages/fairseq2/setup/_cli/__init__.py", line 9, in <module>
    from fairseq2.setup._cli import setup_cli as setup_cli
  File "/home/tianjian/miniconda3/envs/alpacaeval/lib/python3.10/site-packages/fairseq2/setup/_cli/__init__.py", line 9, in <module>
    from fairseq2.setup._cli import setup_cli as setup_cli
  File "/home/tianjian/miniconda3/envs/alpacaeval/lib/python3.10/site-packages/fairseq2/setup/_cli/__init__.py", line 9, in <module>
    from fairseq2.setup._cli import setup_cli as setup_cli
  File "/home/tianjian/miniconda3/envs/alpacaeval/lib/python3.10/site-packages/fairseq2/setup/_cli/__init__.py", line 9, in <module>
    from fairseq2.setup._cli import setup_cli as setup_cli
  File "/home/tianjian/miniconda3/envs/alpacaeval/lib/python3.10/site-packages/fairseq2/setup/_cli/__init__.py", line 9, in <module>
    from fairseq2.setup._cli import setup_cli as setup_cli
  File "/home/tianjian/miniconda3/envs/alpacaeval/lib/python3.10/site-packages/fairseq2/setup/_cli/__init__.py", line 9, in <module>
    from fairseq2.setup._cli import setup_cli as setup_cli
  File "/home/tianjian/miniconda3/envs/alpacaeval/lib/python3.10/site-packages/fairseq2/setup/_cli/__init__.py", line 9, in <module>
    from fairseq2.setup._cli import setup_cli as setup_cli
  File "/home/tianjian/miniconda3/envs/alpacaeval/lib/python3.10/site-packages/fairseq2/setup/_cli/__init__.py", line 9, in <module>
    from fairseq2.setup._cli import setup_cli as setup_cli
  File "/home/tianjian/miniconda3/envs/alpacaeval/lib/python3.10/site-packages/fairseq2/setup/_cli/__init__.py", line 9, in <module>
    from fairseq2.setup._cli import setup_cli as setup_cli
  File "/home/tianjian/miniconda3/envs/alpacaeval/lib/python3.10/site-packages/fairseq2/setup/_cli/__init__.py", line 9, in <module>
    from fairseq2.setup._cli._commands import setup_cli as setup_cli
  File "/home/tianjian/miniconda3/envs/alpacaeval/lib/python3.10/site-packages/fairseq2/setup/_cli/_commands.py", line 11, in <module>
    from fairseq2.setup._cli import setup_cli as setup_cli
  File "/home/tianjian/miniconda3/envs/alpacaeval/lib/python3.10/site-packages/fairseq2/setup/_cli/__init__.py", line 9, in <module>
    from fairseq2.setup._cli._commands import setup_cli as setup_cli
  File "/home/tianjian/miniconda3/envs/alpacaeval/lib/python3.10/site-packages/fairseq2/setup/_cli/_commands.py", line 11, in <module>
    from fairseq2.setup._cli import setup_cli as setup_cli
  File "/home/tianjian/miniconda3/envs/alpacaeval/lib/python3.10/site-packages/fairseq2/setup/_cli/__init__.py", line 9, in <module>
    from fairseq2.setup._cli._commands import setup_cli as setup_cli
  File "/home/tianjian/miniconda3/envs/alpacaeval/lib/python3.10/site-packages/fairseq2/setup/_cli/_commands.py", line 11, in <module>
    from fairseq2.setup._cli._commands import setup_cli as setup_cli
  File "/home/tianjian/miniconda3/envs/alpacaeval/lib/python3.10/site-packages/fairseq2/setup/_cli/_commands.py", line 11, in <module>
    from fairseq2.setup._cli._commands import setup_cli as setup_cli
  File "/home/tianjian/miniconda3/envs/alpacaeval/lib/python3.10/site-packages/fairseq2/setup/_cli/_commands.py", line 11, in <module>
    from fairseq2.setup._cli._commands import setup_cli as setup_cli
  File "/home/tianjian/miniconda3/envs/alpacaeval/lib/python3.10/site-packages/fairseq2/setup/_cli/_commands.py", line 11, in <module>
    from fairseq2.setup._cli._commands import setup_cli as setup_cli
  File "/home/tianjian/miniconda3/envs/alpacaeval/lib/python3.10/site-packages/fairseq2/setup/_cli/_commands.py", line 11, in <module>
    from fairseq2.setup._cli._commands import setup_cli as setup_cli
  File "/home/tianjian/miniconda3/envs/alpacaeval/lib/python3.10/site-packages/fairseq2/setup/_cli/_commands.py", line 11, in <module>
    from fairseq2.setup._cli._commands import setup_cli as setup_cli
  File "/home/tianjian/miniconda3/envs/alpacaeval/lib/python3.10/site-packages/fairseq2/setup/_cli/_commands.py", line 11, in <module>
    from fairseq2.setup._cli._commands import setup_cli as setup_cli
  File "/home/tianjian/miniconda3/envs/alpacaeval/lib/python3.10/site-packages/fairseq2/setup/_cli/_commands.py", line 11, in <module>
    from fairseq2.setup._cli._commands import setup_cli as setup_cli
  File "/home/tianjian/miniconda3/envs/alpacaeval/lib/python3.10/site-packages/fairseq2/setup/_cli/_commands.py", line 11, in <module>
    from fairseq2.setup._cli._commands import setup_cli as setup_cli
  File "/home/tianjian/miniconda3/envs/alpacaeval/lib/python3.10/site-packages/fairseq2/setup/_cli/_commands.py", line 11, in <module>
    from fairseq2.setup._cli._commands import setup_cli as setup_cli
  File "/home/tianjian/miniconda3/envs/alpacaeval/lib/python3.10/site-packages/fairseq2/setup/_cli/_commands.py", line 11, in <module>
    from fairseq2.setup._cli._commands import setup_cli as setup_cli
  File "/home/tianjian/miniconda3/envs/alpacaeval/lib/python3.10/site-packages/fairseq2/setup/_cli/_commands.py", line 11, in <module>
    from fairseq2.cli.commands.chatbot import RunChatbotHandler
  File "/home/tianjian/miniconda3/envs/alpacaeval/lib/python3.10/site-packages/fairseq2/cli/commands/chatbot.py", line 35, in <module>
    from fairseq2.setup._cli._commands import setup_cli as setup_cli
  File "/home/tianjian/miniconda3/envs/alpacaeval/lib/python3.10/site-packages/fairseq2/setup/_cli/_commands.py", line 11, in <module>
    from fairseq2.cli.commands.chatbot import RunChatbotHandler
  File "/home/tianjian/miniconda3/envs/alpacaeval/lib/python3.10/site-packages/fairseq2/cli/commands/chatbot.py", line 35, in <module>
    from fairseq2.setup._cli._commands import setup_cli as setup_cli
  File "/home/tianjian/miniconda3/envs/alpacaeval/lib/python3.10/site-packages/fairseq2/setup/_cli/_commands.py", line 11, in <module>
    from fairseq2.cli.commands.chatbot import RunChatbotHandler
  File "/home/tianjian/miniconda3/envs/alpacaeval/lib/python3.10/site-packages/fairseq2/cli/commands/chatbot.py", line 35, in <module>
    from fairseq2.cli.commands.chatbot import RunChatbotHandler
  File "/home/tianjian/miniconda3/envs/alpacaeval/lib/python3.10/site-packages/fairseq2/cli/commands/chatbot.py", line 35, in <module>
    from fairseq2.cli.commands.chatbot import RunChatbotHandler
  File "/home/tianjian/miniconda3/envs/alpacaeval/lib/python3.10/site-packages/fairseq2/cli/commands/chatbot.py", line 35, in <module>
    from fairseq2.cli.commands.chatbot import RunChatbotHandler
  File "/home/tianjian/miniconda3/envs/alpacaeval/lib/python3.10/site-packages/fairseq2/cli/commands/chatbot.py", line 35, in <module>
    from fairseq2.cli.commands.chatbot import RunChatbotHandler
  File "/home/tianjian/miniconda3/envs/alpacaeval/lib/python3.10/site-packages/fairseq2/cli/commands/chatbot.py", line 35, in <module>
    from fairseq2.cli.commands.chatbot import RunChatbotHandler
  File "/home/tianjian/miniconda3/envs/alpacaeval/lib/python3.10/site-packages/fairseq2/cli/commands/chatbot.py", line 35, in <module>
    from fairseq2.cli.commands.chatbot import RunChatbotHandler
  File "/home/tianjian/miniconda3/envs/alpacaeval/lib/python3.10/site-packages/fairseq2/cli/commands/chatbot.py", line 35, in <module>
    from fairseq2.cli.commands.chatbot import RunChatbotHandler
  File "/home/tianjian/miniconda3/envs/alpacaeval/lib/python3.10/site-packages/fairseq2/cli/commands/chatbot.py", line 35, in <module>
    from fairseq2.cli.commands.chatbot import RunChatbotHandler
  File "/home/tianjian/miniconda3/envs/alpacaeval/lib/python3.10/site-packages/fairseq2/cli/commands/chatbot.py", line 35, in <module>
    from fairseq2.cli.commands.chatbot import RunChatbotHandler
  File "/home/tianjian/miniconda3/envs/alpacaeval/lib/python3.10/site-packages/fairseq2/cli/commands/chatbot.py", line 35, in <module>
    from fairseq2.cli.commands.chatbot import RunChatbotHandler
  File "/home/tianjian/miniconda3/envs/alpacaeval/lib/python3.10/site-packages/fairseq2/cli/commands/chatbot.py", line 35, in <module>
    from fairseq2.cli.commands.chatbot import RunChatbotHandler
  File "/home/tianjian/miniconda3/envs/alpacaeval/lib/python3.10/site-packages/fairseq2/cli/commands/chatbot.py", line 35, in <module>
    from fairseq2.recipes.common import (
  File "/home/tianjian/miniconda3/envs/alpacaeval/lib/python3.10/site-packages/fairseq2/recipes/common/__init__.py", line 9, in <module>
    from fairseq2.cli.commands.chatbot import RunChatbotHandler
  File "/home/tianjian/miniconda3/envs/alpacaeval/lib/python3.10/site-packages/fairseq2/cli/commands/chatbot.py", line 35, in <module>
    from fairseq2.recipes.common import (
  File "/home/tianjian/miniconda3/envs/alpacaeval/lib/python3.10/site-packages/fairseq2/recipes/common/__init__.py", line 9, in <module>
    from fairseq2.cli.commands.chatbot import RunChatbotHandler
  File "/home/tianjian/miniconda3/envs/alpacaeval/lib/python3.10/site-packages/fairseq2/cli/commands/chatbot.py", line 35, in <module>
    from fairseq2.recipes.common import (
  File "/home/tianjian/miniconda3/envs/alpacaeval/lib/python3.10/site-packages/fairseq2/recipes/common/__init__.py", line 9, in <module>
    from fairseq2.recipes.common import (
  File "/home/tianjian/miniconda3/envs/alpacaeval/lib/python3.10/site-packages/fairseq2/recipes/common/__init__.py", line 9, in <module>
    from fairseq2.recipes.common import (
  File "/home/tianjian/miniconda3/envs/alpacaeval/lib/python3.10/site-packages/fairseq2/recipes/common/__init__.py", line 9, in <module>
    from fairseq2.recipes.common import (
  File "/home/tianjian/miniconda3/envs/alpacaeval/lib/python3.10/site-packages/fairseq2/recipes/common/__init__.py", line 9, in <module>
    from fairseq2.recipes.common import (
  File "/home/tianjian/miniconda3/envs/alpacaeval/lib/python3.10/site-packages/fairseq2/recipes/common/__init__.py", line 9, in <module>
    from fairseq2.recipes.common import (
  File "/home/tianjian/miniconda3/envs/alpacaeval/lib/python3.10/site-packages/fairseq2/recipes/common/__init__.py", line 9, in <module>
    from fairseq2.recipes.common import (
  File "/home/tianjian/miniconda3/envs/alpacaeval/lib/python3.10/site-packages/fairseq2/recipes/common/__init__.py", line 9, in <module>
    from fairseq2.recipes.common import (
  File "/home/tianjian/miniconda3/envs/alpacaeval/lib/python3.10/site-packages/fairseq2/recipes/common/__init__.py", line 9, in <module>
    from fairseq2.recipes.common import (
  File "/home/tianjian/miniconda3/envs/alpacaeval/lib/python3.10/site-packages/fairseq2/recipes/common/__init__.py", line 9, in <module>
    from fairseq2.recipes.common import (
  File "/home/tianjian/miniconda3/envs/alpacaeval/lib/python3.10/site-packages/fairseq2/recipes/common/__init__.py", line 9, in <module>
    from fairseq2.recipes.common import (
  File "/home/tianjian/miniconda3/envs/alpacaeval/lib/python3.10/site-packages/fairseq2/recipes/common/__init__.py", line 9, in <module>
    from fairseq2.recipes.common import (
  File "/home/tianjian/miniconda3/envs/alpacaeval/lib/python3.10/site-packages/fairseq2/recipes/common/__init__.py", line 9, in <module>
    from fairseq2.recipes.common._asset import (
  File "/home/tianjian/miniconda3/envs/alpacaeval/lib/python3.10/site-packages/fairseq2/recipes/common/_asset.py", line 22, in <module>
    from fairseq2.recipes.common import (
  File "/home/tianjian/miniconda3/envs/alpacaeval/lib/python3.10/site-packages/fairseq2/recipes/common/__init__.py", line 9, in <module>
    from fairseq2.recipes.common._asset import (
  File "/home/tianjian/miniconda3/envs/alpacaeval/lib/python3.10/site-packages/fairseq2/recipes/common/_asset.py", line 22, in <module>
    from fairseq2.recipes.common import (
  File "/home/tianjian/miniconda3/envs/alpacaeval/lib/python3.10/site-packages/fairseq2/recipes/common/__init__.py", line 9, in <module>
    from fairseq2.recipes.common._asset import (
  File "/home/tianjian/miniconda3/envs/alpacaeval/lib/python3.10/site-packages/fairseq2/recipes/common/_asset.py", line 22, in <module>
    from fairseq2.recipes.common._asset import (
  File "/home/tianjian/miniconda3/envs/alpacaeval/lib/python3.10/site-packages/fairseq2/recipes/common/_asset.py", line 22, in <module>
    from fairseq2.recipes.common._asset import (
  File "/home/tianjian/miniconda3/envs/alpacaeval/lib/python3.10/site-packages/fairseq2/recipes/common/_asset.py", line 22, in <module>
    from fairseq2.recipes.common._asset import (
  File "/home/tianjian/miniconda3/envs/alpacaeval/lib/python3.10/site-packages/fairseq2/recipes/common/_asset.py", line 22, in <module>
    from fairseq2.recipes.common._asset import (
  File "/home/tianjian/miniconda3/envs/alpacaeval/lib/python3.10/site-packages/fairseq2/recipes/common/_asset.py", line 22, in <module>
    from fairseq2.recipes.common._asset import (
  File "/home/tianjian/miniconda3/envs/alpacaeval/lib/python3.10/site-packages/fairseq2/recipes/common/_asset.py", line 22, in <module>
    from fairseq2.recipes.common._asset import (
  File "/home/tianjian/miniconda3/envs/alpacaeval/lib/python3.10/site-packages/fairseq2/recipes/common/_asset.py", line 22, in <module>
    from fairseq2.recipes.common._asset import (
  File "/home/tianjian/miniconda3/envs/alpacaeval/lib/python3.10/site-packages/fairseq2/recipes/common/_asset.py", line 22, in <module>
    from fairseq2.recipes.common._asset import (
  File "/home/tianjian/miniconda3/envs/alpacaeval/lib/python3.10/site-packages/fairseq2/recipes/common/_asset.py", line 22, in <module>
    from fairseq2.recipes.common._asset import (
  File "/home/tianjian/miniconda3/envs/alpacaeval/lib/python3.10/site-packages/fairseq2/recipes/common/_asset.py", line 22, in <module>
    from fairseq2.recipes.common._asset import (
  File "/home/tianjian/miniconda3/envs/alpacaeval/lib/python3.10/site-packages/fairseq2/recipes/common/_asset.py", line 22, in <module>
    from fairseq2.recipes.common._asset import (
  File "/home/tianjian/miniconda3/envs/alpacaeval/lib/python3.10/site-packages/fairseq2/recipes/common/_asset.py", line 22, in <module>
    from fairseq2.recipes.config import CommonSection, get_config_section
  File "/home/tianjian/miniconda3/envs/alpacaeval/lib/python3.10/site-packages/fairseq2/recipes/config.py", line 21, in <module>
    from fairseq2.recipes.common._asset import (
  File "/home/tianjian/miniconda3/envs/alpacaeval/lib/python3.10/site-packages/fairseq2/recipes/common/_asset.py", line 22, in <module>
    from fairseq2.recipes.config import CommonSection, get_config_section
  File "/home/tianjian/miniconda3/envs/alpacaeval/lib/python3.10/site-packages/fairseq2/recipes/config.py", line 21, in <module>
    from fairseq2.recipes.common._asset import (
  File "/home/tianjian/miniconda3/envs/alpacaeval/lib/python3.10/site-packages/fairseq2/recipes/common/_asset.py", line 22, in <module>
    from fairseq2.recipes.config import CommonSection, get_config_section
  File "/home/tianjian/miniconda3/envs/alpacaeval/lib/python3.10/site-packages/fairseq2/recipes/config.py", line 21, in <module>
    from fairseq2.recipes.config import CommonSection, get_config_section
  File "/home/tianjian/miniconda3/envs/alpacaeval/lib/python3.10/site-packages/fairseq2/recipes/config.py", line 21, in <module>
    from fairseq2.recipes.config import CommonSection, get_config_section
  File "/home/tianjian/miniconda3/envs/alpacaeval/lib/python3.10/site-packages/fairseq2/recipes/config.py", line 21, in <module>
    from fairseq2.recipes.config import CommonSection, get_config_section
  File "/home/tianjian/miniconda3/envs/alpacaeval/lib/python3.10/site-packages/fairseq2/recipes/config.py", line 21, in <module>
    from fairseq2.recipes.config import CommonSection, get_config_section
  File "/home/tianjian/miniconda3/envs/alpacaeval/lib/python3.10/site-packages/fairseq2/recipes/config.py", line 21, in <module>
    from fairseq2.recipes.config import CommonSection, get_config_section
  File "/home/tianjian/miniconda3/envs/alpacaeval/lib/python3.10/site-packages/fairseq2/recipes/config.py", line 21, in <module>
    from fairseq2.recipes.config import CommonSection, get_config_section
  File "/home/tianjian/miniconda3/envs/alpacaeval/lib/python3.10/site-packages/fairseq2/recipes/config.py", line 21, in <module>
    from fairseq2.recipes.config import CommonSection, get_config_section
  File "/home/tianjian/miniconda3/envs/alpacaeval/lib/python3.10/site-packages/fairseq2/recipes/config.py", line 21, in <module>
    from fairseq2.recipes.config import CommonSection, get_config_section
  File "/home/tianjian/miniconda3/envs/alpacaeval/lib/python3.10/site-packages/fairseq2/recipes/config.py", line 21, in <module>
    from fairseq2.recipes.config import CommonSection, get_config_section
  File "/home/tianjian/miniconda3/envs/alpacaeval/lib/python3.10/site-packages/fairseq2/recipes/config.py", line 21, in <module>
    from fairseq2.recipes.config import CommonSection, get_config_section
  File "/home/tianjian/miniconda3/envs/alpacaeval/lib/python3.10/site-packages/fairseq2/recipes/config.py", line 21, in <module>
    from fairseq2.recipes.config import CommonSection, get_config_section
  File "/home/tianjian/miniconda3/envs/alpacaeval/lib/python3.10/site-packages/fairseq2/recipes/config.py", line 21, in <module>
    from fairseq2.metrics.recorders import (
  File "/home/tianjian/miniconda3/envs/alpacaeval/lib/python3.10/site-packages/fairseq2/metrics/__init__.py", line 9, in <module>
    from fairseq2.recipes.config import CommonSection, get_config_section
  File "/home/tianjian/miniconda3/envs/alpacaeval/lib/python3.10/site-packages/fairseq2/recipes/config.py", line 21, in <module>
    from fairseq2.metrics.recorders import (
  File "/home/tianjian/miniconda3/envs/alpacaeval/lib/python3.10/site-packages/fairseq2/metrics/__init__.py", line 9, in <module>
    from fairseq2.recipes.config import CommonSection, get_config_section
  File "/home/tianjian/miniconda3/envs/alpacaeval/lib/python3.10/site-packages/fairseq2/recipes/config.py", line 21, in <module>
    from fairseq2.metrics.recorders import (
  File "/home/tianjian/miniconda3/envs/alpacaeval/lib/python3.10/site-packages/fairseq2/metrics/__init__.py", line 9, in <module>
    from fairseq2.metrics.recorders import (
  File "/home/tianjian/miniconda3/envs/alpacaeval/lib/python3.10/site-packages/fairseq2/metrics/__init__.py", line 9, in <module>
    from fairseq2.metrics.recorders import (
  File "/home/tianjian/miniconda3/envs/alpacaeval/lib/python3.10/site-packages/fairseq2/metrics/__init__.py", line 9, in <module>
    from fairseq2.metrics.recorders import (
  File "/home/tianjian/miniconda3/envs/alpacaeval/lib/python3.10/site-packages/fairseq2/metrics/__init__.py", line 9, in <module>
    from fairseq2.metrics.recorders import (
  File "/home/tianjian/miniconda3/envs/alpacaeval/lib/python3.10/site-packages/fairseq2/metrics/__init__.py", line 9, in <module>
    from fairseq2.metrics.recorders import (
  File "/home/tianjian/miniconda3/envs/alpacaeval/lib/python3.10/site-packages/fairseq2/metrics/__init__.py", line 9, in <module>
    from fairseq2.metrics.recorders import (
  File "/home/tianjian/miniconda3/envs/alpacaeval/lib/python3.10/site-packages/fairseq2/metrics/__init__.py", line 9, in <module>
    from fairseq2.metrics.recorders import (
  File "/home/tianjian/miniconda3/envs/alpacaeval/lib/python3.10/site-packages/fairseq2/metrics/__init__.py", line 9, in <module>
    from fairseq2.metrics.recorders import (
  File "/home/tianjian/miniconda3/envs/alpacaeval/lib/python3.10/site-packages/fairseq2/metrics/__init__.py", line 9, in <module>
    from fairseq2.metrics.recorders import (
  File "/home/tianjian/miniconda3/envs/alpacaeval/lib/python3.10/site-packages/fairseq2/metrics/__init__.py", line 9, in <module>
    from fairseq2.metrics.recorders import (
  File "/home/tianjian/miniconda3/envs/alpacaeval/lib/python3.10/site-packages/fairseq2/metrics/__init__.py", line 9, in <module>
    from fairseq2.metrics.recorders import (
  File "/home/tianjian/miniconda3/envs/alpacaeval/lib/python3.10/site-packages/fairseq2/metrics/__init__.py", line 9, in <module>
    from fairseq2.metrics._aggregation import Max as Max
  File "/home/tianjian/miniconda3/envs/alpacaeval/lib/python3.10/site-packages/fairseq2/metrics/_aggregation.py", line 11, in <module>
    from fairseq2.metrics.recorders import (
  File "/home/tianjian/miniconda3/envs/alpacaeval/lib/python3.10/site-packages/fairseq2/metrics/__init__.py", line 9, in <module>
    from fairseq2.metrics._aggregation import Max as Max
  File "/home/tianjian/miniconda3/envs/alpacaeval/lib/python3.10/site-packages/fairseq2/metrics/_aggregation.py", line 11, in <module>
    from fairseq2.metrics.recorders import (
  File "/home/tianjian/miniconda3/envs/alpacaeval/lib/python3.10/site-packages/fairseq2/metrics/__init__.py", line 9, in <module>
    from fairseq2.metrics._aggregation import Max as Max
  File "/home/tianjian/miniconda3/envs/alpacaeval/lib/python3.10/site-packages/fairseq2/metrics/_aggregation.py", line 11, in <module>
    from fairseq2.metrics._aggregation import Max as Max
  File "/home/tianjian/miniconda3/envs/alpacaeval/lib/python3.10/site-packages/fairseq2/metrics/_aggregation.py", line 11, in <module>
    from fairseq2.metrics._aggregation import Max as Max
  File "/home/tianjian/miniconda3/envs/alpacaeval/lib/python3.10/site-packages/fairseq2/metrics/_aggregation.py", line 11, in <module>
    from fairseq2.metrics._aggregation import Max as Max
  File "/home/tianjian/miniconda3/envs/alpacaeval/lib/python3.10/site-packages/fairseq2/metrics/_aggregation.py", line 11, in <module>
    from fairseq2.metrics._aggregation import Max as Max
  File "/home/tianjian/miniconda3/envs/alpacaeval/lib/python3.10/site-packages/fairseq2/metrics/_aggregation.py", line 11, in <module>
    from fairseq2.metrics._aggregation import Max as Max
  File "/home/tianjian/miniconda3/envs/alpacaeval/lib/python3.10/site-packages/fairseq2/metrics/_aggregation.py", line 11, in <module>
    from fairseq2.metrics._aggregation import Max as Max
  File "/home/tianjian/miniconda3/envs/alpacaeval/lib/python3.10/site-packages/fairseq2/metrics/_aggregation.py", line 11, in <module>
    from fairseq2.metrics._aggregation import Max as Max
  File "/home/tianjian/miniconda3/envs/alpacaeval/lib/python3.10/site-packages/fairseq2/metrics/_aggregation.py", line 11, in <module>
    from fairseq2.metrics._aggregation import Max as Max
  File "/home/tianjian/miniconda3/envs/alpacaeval/lib/python3.10/site-packages/fairseq2/metrics/_aggregation.py", line 11, in <module>
    from fairseq2.metrics._aggregation import Max as Max
  File "/home/tianjian/miniconda3/envs/alpacaeval/lib/python3.10/site-packages/fairseq2/metrics/_aggregation.py", line 11, in <module>
    from fairseq2.metrics._aggregation import Max as Max
  File "/home/tianjian/miniconda3/envs/alpacaeval/lib/python3.10/site-packages/fairseq2/metrics/_aggregation.py", line 11, in <module>
    from fairseq2.metrics._aggregation import Max as Max
  File "/home/tianjian/miniconda3/envs/alpacaeval/lib/python3.10/site-packages/fairseq2/metrics/_aggregation.py", line 11, in <module>
    from torcheval.metrics import Max as MaxBase
  File "/home/tianjian/miniconda3/envs/alpacaeval/lib/python3.10/site-packages/torcheval/metrics/__init__.py", line 9, in <module>
    from fairseq2.metrics._aggregation import Max as Max
  File "/home/tianjian/miniconda3/envs/alpacaeval/lib/python3.10/site-packages/fairseq2/metrics/_aggregation.py", line 11, in <module>
    from torcheval.metrics import Max as MaxBase
  File "/home/tianjian/miniconda3/envs/alpacaeval/lib/python3.10/site-packages/torcheval/metrics/__init__.py", line 9, in <module>
    from fairseq2.metrics._aggregation import Max as Max
  File "/home/tianjian/miniconda3/envs/alpacaeval/lib/python3.10/site-packages/fairseq2/metrics/_aggregation.py", line 11, in <module>
    from torcheval.metrics import Max as MaxBase
  File "/home/tianjian/miniconda3/envs/alpacaeval/lib/python3.10/site-packages/torcheval/metrics/__init__.py", line 9, in <module>
    from torcheval.metrics import Max as MaxBase
  File "/home/tianjian/miniconda3/envs/alpacaeval/lib/python3.10/site-packages/torcheval/metrics/__init__.py", line 9, in <module>
    from torcheval.metrics import Max as MaxBase
  File "/home/tianjian/miniconda3/envs/alpacaeval/lib/python3.10/site-packages/torcheval/metrics/__init__.py", line 9, in <module>
    from torcheval.metrics import Max as MaxBase
  File "/home/tianjian/miniconda3/envs/alpacaeval/lib/python3.10/site-packages/torcheval/metrics/__init__.py", line 9, in <module>
    from torcheval.metrics import Max as MaxBase
  File "/home/tianjian/miniconda3/envs/alpacaeval/lib/python3.10/site-packages/torcheval/metrics/__init__.py", line 9, in <module>
    from torcheval.metrics import Max as MaxBase
  File "/home/tianjian/miniconda3/envs/alpacaeval/lib/python3.10/site-packages/torcheval/metrics/__init__.py", line 9, in <module>
    from torcheval.metrics import Max as MaxBase
  File "/home/tianjian/miniconda3/envs/alpacaeval/lib/python3.10/site-packages/torcheval/metrics/__init__.py", line 9, in <module>
    from torcheval.metrics import Max as MaxBase
  File "/home/tianjian/miniconda3/envs/alpacaeval/lib/python3.10/site-packages/torcheval/metrics/__init__.py", line 9, in <module>
    from torcheval.metrics import Max as MaxBase
  File "/home/tianjian/miniconda3/envs/alpacaeval/lib/python3.10/site-packages/torcheval/metrics/__init__.py", line 9, in <module>
    from torcheval.metrics import Max as MaxBase
  File "/home/tianjian/miniconda3/envs/alpacaeval/lib/python3.10/site-packages/torcheval/metrics/__init__.py", line 9, in <module>
    from torcheval.metrics import Max as MaxBase
  File "/home/tianjian/miniconda3/envs/alpacaeval/lib/python3.10/site-packages/torcheval/metrics/__init__.py", line 9, in <module>
    from torcheval.metrics import Max as MaxBase
  File "/home/tianjian/miniconda3/envs/alpacaeval/lib/python3.10/site-packages/torcheval/metrics/__init__.py", line 9, in <module>
    from torcheval.metrics.audio import FrechetAudioDistance
  File "/home/tianjian/miniconda3/envs/alpacaeval/lib/python3.10/site-packages/torcheval/metrics/audio/__init__.py", line 7, in <module>
    from torcheval.metrics import Max as MaxBase
  File "/home/tianjian/miniconda3/envs/alpacaeval/lib/python3.10/site-packages/torcheval/metrics/__init__.py", line 9, in <module>
    from torcheval.metrics.audio import FrechetAudioDistance
  File "/home/tianjian/miniconda3/envs/alpacaeval/lib/python3.10/site-packages/torcheval/metrics/audio/__init__.py", line 7, in <module>
    from torcheval.metrics import Max as MaxBase
  File "/home/tianjian/miniconda3/envs/alpacaeval/lib/python3.10/site-packages/torcheval/metrics/__init__.py", line 9, in <module>
    from torcheval.metrics.audio import FrechetAudioDistance
  File "/home/tianjian/miniconda3/envs/alpacaeval/lib/python3.10/site-packages/torcheval/metrics/audio/__init__.py", line 7, in <module>
    from torcheval.metrics.audio import FrechetAudioDistance
  File "/home/tianjian/miniconda3/envs/alpacaeval/lib/python3.10/site-packages/torcheval/metrics/audio/__init__.py", line 7, in <module>
    from torcheval.metrics.audio import FrechetAudioDistance
  File "/home/tianjian/miniconda3/envs/alpacaeval/lib/python3.10/site-packages/torcheval/metrics/audio/__init__.py", line 7, in <module>
    from torcheval.metrics.audio import FrechetAudioDistance
  File "/home/tianjian/miniconda3/envs/alpacaeval/lib/python3.10/site-packages/torcheval/metrics/audio/__init__.py", line 7, in <module>
    from torcheval.metrics.audio import FrechetAudioDistance
  File "/home/tianjian/miniconda3/envs/alpacaeval/lib/python3.10/site-packages/torcheval/metrics/audio/__init__.py", line 7, in <module>
    from torcheval.metrics.audio import FrechetAudioDistance
  File "/home/tianjian/miniconda3/envs/alpacaeval/lib/python3.10/site-packages/torcheval/metrics/audio/__init__.py", line 7, in <module>
    from torcheval.metrics.audio import FrechetAudioDistance
  File "/home/tianjian/miniconda3/envs/alpacaeval/lib/python3.10/site-packages/torcheval/metrics/audio/__init__.py", line 7, in <module>
    from torcheval.metrics.audio import FrechetAudioDistance
  File "/home/tianjian/miniconda3/envs/alpacaeval/lib/python3.10/site-packages/torcheval/metrics/audio/__init__.py", line 7, in <module>
    from torcheval.metrics.audio.fad import FrechetAudioDistance
  File "/home/tianjian/miniconda3/envs/alpacaeval/lib/python3.10/site-packages/torcheval/metrics/audio/fad.py", line 13, in <module>
    from torcheval.metrics.audio import FrechetAudioDistance
  File "/home/tianjian/miniconda3/envs/alpacaeval/lib/python3.10/site-packages/torcheval/metrics/audio/__init__.py", line 7, in <module>
    from torcheval.metrics.audio import FrechetAudioDistance
  File "/home/tianjian/miniconda3/envs/alpacaeval/lib/python3.10/site-packages/torcheval/metrics/audio/__init__.py", line 7, in <module>
    from torcheval.metrics.audio import FrechetAudioDistance
  File "/home/tianjian/miniconda3/envs/alpacaeval/lib/python3.10/site-packages/torcheval/metrics/audio/__init__.py", line 7, in <module>
    from torcheval.metrics.audio.fad import FrechetAudioDistance
    from torcheval.metrics.audio import FrechetAudioDistance
  File "/home/tianjian/miniconda3/envs/alpacaeval/lib/python3.10/site-packages/torcheval/metrics/audio/__init__.py", line 7, in <module>
    from torcheval.metrics.audio.fad import FrechetAudioDistance
  File "/home/tianjian/miniconda3/envs/alpacaeval/lib/python3.10/site-packages/torcheval/metrics/audio/fad.py", line 13, in <module>
    from torcheval.metrics.audio.fad import FrechetAudioDistance
  File "/home/tianjian/miniconda3/envs/alpacaeval/lib/python3.10/site-packages/torcheval/metrics/audio/fad.py", line 13, in <module>
    from torcheval.metrics.audio.fad import FrechetAudioDistance
  File "/home/tianjian/miniconda3/envs/alpacaeval/lib/python3.10/site-packages/torcheval/metrics/audio/fad.py", line 13, in <module>
    from torcheval.metrics.audio.fad import FrechetAudioDistance
  File "/home/tianjian/miniconda3/envs/alpacaeval/lib/python3.10/site-packages/torcheval/metrics/audio/fad.py", line 13, in <module>
    from torcheval.metrics.audio.fad import FrechetAudioDistance
  File "/home/tianjian/miniconda3/envs/alpacaeval/lib/python3.10/site-packages/torcheval/metrics/audio/fad.py", line 13, in <module>
    from torcheval.metrics.audio.fad import FrechetAudioDistance
  File "/home/tianjian/miniconda3/envs/alpacaeval/lib/python3.10/site-packages/torcheval/metrics/audio/fad.py", line 13, in <module>
  File "/home/tianjian/miniconda3/envs/alpacaeval/lib/python3.10/site-packages/torcheval/metrics/audio/fad.py", line 13, in <module>
    from torcheval.metrics.audio.fad import FrechetAudioDistance
  File "/home/tianjian/miniconda3/envs/alpacaeval/lib/python3.10/site-packages/torcheval/metrics/audio/fad.py", line 13, in <module>
    from torcheval.metrics.audio.fad import FrechetAudioDistance
  File "/home/tianjian/miniconda3/envs/alpacaeval/lib/python3.10/site-packages/torcheval/metrics/audio/fad.py", line 13, in <module>
    from torcheval.metrics.audio.fad import FrechetAudioDistance
  File "/home/tianjian/miniconda3/envs/alpacaeval/lib/python3.10/site-packages/torcheval/metrics/audio/fad.py", line 13, in <module>
    from torcheval.metrics.audio import FrechetAudioDistance
  File "/home/tianjian/miniconda3/envs/alpacaeval/lib/python3.10/site-packages/torcheval/metrics/audio/__init__.py", line 7, in <module>
    from torcheval.metrics.audio.fad import FrechetAudioDistance
  File "/home/tianjian/miniconda3/envs/alpacaeval/lib/python3.10/site-packages/torcheval/metrics/audio/fad.py", line 13, in <module>
    from torcheval.metrics.audio.fad import FrechetAudioDistance
  File "/home/tianjian/miniconda3/envs/alpacaeval/lib/python3.10/site-packages/torcheval/metrics/audio/fad.py", line 13, in <module>
    from torcheval.metrics.audio import FrechetAudioDistance
  File "/home/tianjian/miniconda3/envs/alpacaeval/lib/python3.10/site-packages/torcheval/metrics/audio/__init__.py", line 7, in <module>
    from torcheval.metrics.audio.fad import FrechetAudioDistance
  File "/home/tianjian/miniconda3/envs/alpacaeval/lib/python3.10/site-packages/torcheval/metrics/audio/fad.py", line 13, in <module>
    from torcheval.metrics.audio.fad import FrechetAudioDistance
  File "/home/tianjian/miniconda3/envs/alpacaeval/lib/python3.10/site-packages/torcheval/metrics/audio/fad.py", line 13, in <module>
    from torchaudio.functional import frechet_distance
  File "/home/tianjian/miniconda3/envs/alpacaeval/lib/python3.10/site-packages/torchaudio/__init__.py", line 4, in <module>
    from torcheval.metrics.audio.fad import FrechetAudioDistance
  File "/home/tianjian/miniconda3/envs/alpacaeval/lib/python3.10/site-packages/torcheval/metrics/audio/fad.py", line 13, in <module>
    from torchaudio.functional import frechet_distance
  File "/home/tianjian/miniconda3/envs/alpacaeval/lib/python3.10/site-packages/torchaudio/__init__.py", line 4, in <module>
    from torchaudio.functional import frechet_distance
  File "/home/tianjian/miniconda3/envs/alpacaeval/lib/python3.10/site-packages/torchaudio/__init__.py", line 4, in <module>
    from torchaudio.functional import frechet_distance
  File "/home/tianjian/miniconda3/envs/alpacaeval/lib/python3.10/site-packages/torchaudio/__init__.py", line 4, in <module>
    from torchaudio.functional import frechet_distance
  File "/home/tianjian/miniconda3/envs/alpacaeval/lib/python3.10/site-packages/torchaudio/__init__.py", line 4, in <module>
    from torchaudio.functional import frechet_distance
  File "/home/tianjian/miniconda3/envs/alpacaeval/lib/python3.10/site-packages/torchaudio/__init__.py", line 4, in <module>
    from torchaudio.functional import frechet_distance
  File "/home/tianjian/miniconda3/envs/alpacaeval/lib/python3.10/site-packages/torchaudio/__init__.py", line 4, in <module>
    from torchaudio.functional import frechet_distance
  File "/home/tianjian/miniconda3/envs/alpacaeval/lib/python3.10/site-packages/torchaudio/__init__.py", line 4, in <module>
    from torchaudio.functional import frechet_distance
  File "/home/tianjian/miniconda3/envs/alpacaeval/lib/python3.10/site-packages/torchaudio/__init__.py", line 4, in <module>
    from torchaudio.functional import frechet_distance
  File "/home/tianjian/miniconda3/envs/alpacaeval/lib/python3.10/site-packages/torchaudio/__init__.py", line 4, in <module>
    from torchaudio.functional import frechet_distance
  File "/home/tianjian/miniconda3/envs/alpacaeval/lib/python3.10/site-packages/torchaudio/__init__.py", line 4, in <module>
    from torchaudio.functional import frechet_distance
  File "/home/tianjian/miniconda3/envs/alpacaeval/lib/python3.10/site-packages/torchaudio/__init__.py", line 4, in <module>
    from torchaudio.functional import frechet_distance
  File "/home/tianjian/miniconda3/envs/alpacaeval/lib/python3.10/site-packages/torchaudio/__init__.py", line 4, in <module>
    from torchaudio.functional import frechet_distance
  File "/home/tianjian/miniconda3/envs/alpacaeval/lib/python3.10/site-packages/torchaudio/__init__.py", line 4, in <module>
    from torchaudio.functional import frechet_distance
  File "/home/tianjian/miniconda3/envs/alpacaeval/lib/python3.10/site-packages/torchaudio/__init__.py", line 4, in <module>
    from . import _extension  # noqa  # usort: skip
  File "/home/tianjian/miniconda3/envs/alpacaeval/lib/python3.10/site-packages/torchaudio/_extension/__init__.py", line 38, in <module>
    from torchaudio.functional import frechet_distance
  File "/home/tianjian/miniconda3/envs/alpacaeval/lib/python3.10/site-packages/torchaudio/__init__.py", line 4, in <module>
    from . import _extension  # noqa  # usort: skip
  File "/home/tianjian/miniconda3/envs/alpacaeval/lib/python3.10/site-packages/torchaudio/_extension/__init__.py", line 38, in <module>
    from . import _extension  # noqa  # usort: skip
  File "/home/tianjian/miniconda3/envs/alpacaeval/lib/python3.10/site-packages/torchaudio/_extension/__init__.py", line 38, in <module>
    from . import _extension  # noqa  # usort: skip
  File "/home/tianjian/miniconda3/envs/alpacaeval/lib/python3.10/site-packages/torchaudio/_extension/__init__.py", line 38, in <module>
    from . import _extension  # noqa  # usort: skip
  File "/home/tianjian/miniconda3/envs/alpacaeval/lib/python3.10/site-packages/torchaudio/_extension/__init__.py", line 38, in <module>
    from . import _extension  # noqa  # usort: skip
  File "/home/tianjian/miniconda3/envs/alpacaeval/lib/python3.10/site-packages/torchaudio/_extension/__init__.py", line 38, in <module>
    from . import _extension  # noqa  # usort: skip
  File "/home/tianjian/miniconda3/envs/alpacaeval/lib/python3.10/site-packages/torchaudio/_extension/__init__.py", line 38, in <module>
    from . import _extension  # noqa  # usort: skip
  File "/home/tianjian/miniconda3/envs/alpacaeval/lib/python3.10/site-packages/torchaudio/_extension/__init__.py", line 38, in <module>
    from . import _extension  # noqa  # usort: skip
  File "/home/tianjian/miniconda3/envs/alpacaeval/lib/python3.10/site-packages/torchaudio/_extension/__init__.py", line 38, in <module>
    from . import _extension  # noqa  # usort: skip
  File "/home/tianjian/miniconda3/envs/alpacaeval/lib/python3.10/site-packages/torchaudio/_extension/__init__.py", line 38, in <module>
    from . import _extension  # noqa  # usort: skip
  File "/home/tianjian/miniconda3/envs/alpacaeval/lib/python3.10/site-packages/torchaudio/_extension/__init__.py", line 38, in <module>
    from . import _extension  # noqa  # usort: skip
  File "/home/tianjian/miniconda3/envs/alpacaeval/lib/python3.10/site-packages/torchaudio/_extension/__init__.py", line 38, in <module>
    from . import _extension  # noqa  # usort: skip
  File "/home/tianjian/miniconda3/envs/alpacaeval/lib/python3.10/site-packages/torchaudio/_extension/__init__.py", line 38, in <module>
    from . import _extension  # noqa  # usort: skip
  File "/home/tianjian/miniconda3/envs/alpacaeval/lib/python3.10/site-packages/torchaudio/_extension/__init__.py", line 38, in <module>
    from . import _extension  # noqa  # usort: skip
  File "/home/tianjian/miniconda3/envs/alpacaeval/lib/python3.10/site-packages/torchaudio/_extension/__init__.py", line 38, in <module>
    _load_lib("libtorchaudio")
  File "/home/tianjian/miniconda3/envs/alpacaeval/lib/python3.10/site-packages/torchaudio/_extension/utils.py", line 60, in _load_lib
    from . import _extension  # noqa  # usort: skip
  File "/home/tianjian/miniconda3/envs/alpacaeval/lib/python3.10/site-packages/torchaudio/_extension/__init__.py", line 38, in <module>
    _load_lib("libtorchaudio")
  File "/home/tianjian/miniconda3/envs/alpacaeval/lib/python3.10/site-packages/torchaudio/_extension/utils.py", line 60, in _load_lib
    _load_lib("libtorchaudio")
  File "/home/tianjian/miniconda3/envs/alpacaeval/lib/python3.10/site-packages/torchaudio/_extension/utils.py", line 60, in _load_lib
    _load_lib("libtorchaudio")
  File "/home/tianjian/miniconda3/envs/alpacaeval/lib/python3.10/site-packages/torchaudio/_extension/utils.py", line 60, in _load_lib
    _load_lib("libtorchaudio")
  File "/home/tianjian/miniconda3/envs/alpacaeval/lib/python3.10/site-packages/torchaudio/_extension/utils.py", line 60, in _load_lib
    _load_lib("libtorchaudio")
  File "/home/tianjian/miniconda3/envs/alpacaeval/lib/python3.10/site-packages/torchaudio/_extension/utils.py", line 60, in _load_lib
    _load_lib("libtorchaudio")
  File "/home/tianjian/miniconda3/envs/alpacaeval/lib/python3.10/site-packages/torchaudio/_extension/utils.py", line 60, in _load_lib
    _load_lib("libtorchaudio")
  File "/home/tianjian/miniconda3/envs/alpacaeval/lib/python3.10/site-packages/torchaudio/_extension/utils.py", line 60, in _load_lib
    _load_lib("libtorchaudio")
  File "/home/tianjian/miniconda3/envs/alpacaeval/lib/python3.10/site-packages/torchaudio/_extension/utils.py", line 60, in _load_lib
    _load_lib("libtorchaudio")
  File "/home/tianjian/miniconda3/envs/alpacaeval/lib/python3.10/site-packages/torchaudio/_extension/utils.py", line 60, in _load_lib
    _load_lib("libtorchaudio")
  File "/home/tianjian/miniconda3/envs/alpacaeval/lib/python3.10/site-packages/torchaudio/_extension/utils.py", line 60, in _load_lib
    _load_lib("libtorchaudio")
  File "/home/tianjian/miniconda3/envs/alpacaeval/lib/python3.10/site-packages/torchaudio/_extension/utils.py", line 60, in _load_lib
    _load_lib("libtorchaudio")
  File "/home/tianjian/miniconda3/envs/alpacaeval/lib/python3.10/site-packages/torchaudio/_extension/utils.py", line 60, in _load_lib
    _load_lib("libtorchaudio")
  File "/home/tianjian/miniconda3/envs/alpacaeval/lib/python3.10/site-packages/torchaudio/_extension/utils.py", line 60, in _load_lib
    _load_lib("libtorchaudio")
  File "/home/tianjian/miniconda3/envs/alpacaeval/lib/python3.10/site-packages/torchaudio/_extension/utils.py", line 60, in _load_lib
    torch.ops.load_library(path)
  File "/home/tianjian/miniconda3/envs/alpacaeval/lib/python3.10/site-packages/torch/_ops.py", line 1357, in load_library
    _load_lib("libtorchaudio")
  File "/home/tianjian/miniconda3/envs/alpacaeval/lib/python3.10/site-packages/torchaudio/_extension/utils.py", line 60, in _load_lib
    torch.ops.load_library(path)
  File "/home/tianjian/miniconda3/envs/alpacaeval/lib/python3.10/site-packages/torch/_ops.py", line 1357, in load_library
    torch.ops.load_library(path)
  File "/home/tianjian/miniconda3/envs/alpacaeval/lib/python3.10/site-packages/torch/_ops.py", line 1357, in load_library
    torch.ops.load_library(path)
  File "/home/tianjian/miniconda3/envs/alpacaeval/lib/python3.10/site-packages/torch/_ops.py", line 1357, in load_library
    torch.ops.load_library(path)
  File "/home/tianjian/miniconda3/envs/alpacaeval/lib/python3.10/site-packages/torch/_ops.py", line 1357, in load_library
    torch.ops.load_library(path)
  File "/home/tianjian/miniconda3/envs/alpacaeval/lib/python3.10/site-packages/torch/_ops.py", line 1357, in load_library
    torch.ops.load_library(path)
  File "/home/tianjian/miniconda3/envs/alpacaeval/lib/python3.10/site-packages/torch/_ops.py", line 1357, in load_library
    torch.ops.load_library(path)
  File "/home/tianjian/miniconda3/envs/alpacaeval/lib/python3.10/site-packages/torch/_ops.py", line 1357, in load_library
    torch.ops.load_library(path)
  File "/home/tianjian/miniconda3/envs/alpacaeval/lib/python3.10/site-packages/torch/_ops.py", line 1357, in load_library
    torch.ops.load_library(path)
  File "/home/tianjian/miniconda3/envs/alpacaeval/lib/python3.10/site-packages/torch/_ops.py", line 1357, in load_library
    torch.ops.load_library(path)
  File "/home/tianjian/miniconda3/envs/alpacaeval/lib/python3.10/site-packages/torch/_ops.py", line 1357, in load_library
    torch.ops.load_library(path)
  File "/home/tianjian/miniconda3/envs/alpacaeval/lib/python3.10/site-packages/torch/_ops.py", line 1357, in load_library
    torch.ops.load_library(path)
  File "/home/tianjian/miniconda3/envs/alpacaeval/lib/python3.10/site-packages/torch/_ops.py", line 1357, in load_library
    torch.ops.load_library(path)
  File "/home/tianjian/miniconda3/envs/alpacaeval/lib/python3.10/site-packages/torch/_ops.py", line 1357, in load_library
    torch.ops.load_library(path)
  File "/home/tianjian/miniconda3/envs/alpacaeval/lib/python3.10/site-packages/torch/_ops.py", line 1357, in load_library
    ctypes.CDLL(path)
  File "/home/tianjian/miniconda3/envs/alpacaeval/lib/python3.10/ctypes/__init__.py", line 374, in __init__
    torch.ops.load_library(path)
  File "/home/tianjian/miniconda3/envs/alpacaeval/lib/python3.10/site-packages/torch/_ops.py", line 1357, in load_library
    ctypes.CDLL(path)
  File "/home/tianjian/miniconda3/envs/alpacaeval/lib/python3.10/ctypes/__init__.py", line 374, in __init__
    ctypes.CDLL(path)
  File "/home/tianjian/miniconda3/envs/alpacaeval/lib/python3.10/ctypes/__init__.py", line 374, in __init__
    ctypes.CDLL(path)
  File "/home/tianjian/miniconda3/envs/alpacaeval/lib/python3.10/ctypes/__init__.py", line 374, in __init__
    ctypes.CDLL(path)
  File "/home/tianjian/miniconda3/envs/alpacaeval/lib/python3.10/ctypes/__init__.py", line 374, in __init__
    ctypes.CDLL(path)
  File "/home/tianjian/miniconda3/envs/alpacaeval/lib/python3.10/ctypes/__init__.py", line 374, in __init__
    ctypes.CDLL(path)
  File "/home/tianjian/miniconda3/envs/alpacaeval/lib/python3.10/ctypes/__init__.py", line 374, in __init__
    ctypes.CDLL(path)
  File "/home/tianjian/miniconda3/envs/alpacaeval/lib/python3.10/ctypes/__init__.py", line 374, in __init__
    ctypes.CDLL(path)
  File "/home/tianjian/miniconda3/envs/alpacaeval/lib/python3.10/ctypes/__init__.py", line 374, in __init__
    ctypes.CDLL(path)
  File "/home/tianjian/miniconda3/envs/alpacaeval/lib/python3.10/ctypes/__init__.py", line 374, in __init__
    ctypes.CDLL(path)
  File "/home/tianjian/miniconda3/envs/alpacaeval/lib/python3.10/ctypes/__init__.py", line 374, in __init__
    ctypes.CDLL(path)
  File "/home/tianjian/miniconda3/envs/alpacaeval/lib/python3.10/ctypes/__init__.py", line 374, in __init__
    ctypes.CDLL(path)
  File "/home/tianjian/miniconda3/envs/alpacaeval/lib/python3.10/ctypes/__init__.py", line 374, in __init__
    ctypes.CDLL(path)
  File "/home/tianjian/miniconda3/envs/alpacaeval/lib/python3.10/ctypes/__init__.py", line 374, in __init__
    ctypes.CDLL(path)
  File "/home/tianjian/miniconda3/envs/alpacaeval/lib/python3.10/ctypes/__init__.py", line 374, in __init__
    self._handle = _dlopen(self._name, mode)
    ctypes.CDLL(path)
  File "/home/tianjian/miniconda3/envs/alpacaeval/lib/python3.10/ctypes/__init__.py", line 374, in __init__
    self._handle = _dlopen(self._name, mode)
OSError: /opt/hpcaas/.mounts/fs-072917c00f01ae1ba/home/tianjian/miniconda3/envs/alpacaeval/lib/python3.10/site-packages/torchaudio/lib/libtorchaudio.so: undefined symbol: _ZNK5torch8autograd4Node4nameB5cxx11Ev
    self._handle = _dlopen(self._name, mode)
    self._handle = _dlopen(self._name, mode)
OSError: /opt/hpcaas/.mounts/fs-072917c00f01ae1ba/home/tianjian/miniconda3/envs/alpacaeval/lib/python3.10/site-packages/torchaudio/lib/libtorchaudio.so: undefined symbol: _ZNK5torch8autograd4Node4nameB5cxx11Ev
    self._handle = _dlopen(self._name, mode)
OSError: /opt/hpcaas/.mounts/fs-072917c00f01ae1ba/home/tianjian/miniconda3/envs/alpacaeval/lib/python3.10/site-packages/torchaudio/lib/libtorchaudio.so: undefined symbol: _ZNK5torch8autograd4Node4nameB5cxx11Ev
    self._handle = _dlopen(self._name, mode)
OSError: /opt/hpcaas/.mounts/fs-072917c00f01ae1ba/home/tianjian/miniconda3/envs/alpacaeval/lib/python3.10/site-packages/torchaudio/lib/libtorchaudio.so: undefined symbol: _ZNK5torch8autograd4Node4nameB5cxx11Ev
    self._handle = _dlopen(self._name, mode)
OSError: /opt/hpcaas/.mounts/fs-072917c00f01ae1ba/home/tianjian/miniconda3/envs/alpacaeval/lib/python3.10/site-packages/torchaudio/lib/libtorchaudio.so: undefined symbol: _ZNK5torch8autograd4Node4nameB5cxx11Ev
    self._handle = _dlopen(self._name, mode)
OSError: /opt/hpcaas/.mounts/fs-072917c00f01ae1ba/home/tianjian/miniconda3/envs/alpacaeval/lib/python3.10/site-packages/torchaudio/lib/libtorchaudio.so: undefined symbol: _ZNK5torch8autograd4Node4nameB5cxx11Ev
    self._handle = _dlopen(self._name, mode)
OSError: /opt/hpcaas/.mounts/fs-072917c00f01ae1ba/home/tianjian/miniconda3/envs/alpacaeval/lib/python3.10/site-packages/torchaudio/lib/libtorchaudio.so: undefined symbol: _ZNK5torch8autograd4Node4nameB5cxx11Ev
    self._handle = _dlopen(self._name, mode)
OSError: /opt/hpcaas/.mounts/fs-072917c00f01ae1ba/home/tianjian/miniconda3/envs/alpacaeval/lib/python3.10/site-packages/torchaudio/lib/libtorchaudio.so: undefined symbol: _ZNK5torch8autograd4Node4nameB5cxx11Ev
    self._handle = _dlopen(self._name, mode)
OSError: /opt/hpcaas/.mounts/fs-072917c00f01ae1ba/home/tianjian/miniconda3/envs/alpacaeval/lib/python3.10/site-packages/torchaudio/lib/libtorchaudio.so: undefined symbol: _ZNK5torch8autograd4Node4nameB5cxx11Ev
    self._handle = _dlopen(self._name, mode)
OSError: /opt/hpcaas/.mounts/fs-072917c00f01ae1ba/home/tianjian/miniconda3/envs/alpacaeval/lib/python3.10/site-packages/torchaudio/lib/libtorchaudio.so: undefined symbol: _ZNK5torch8autograd4Node4nameB5cxx11Ev
    self._handle = _dlopen(self._name, mode)
OSError: /opt/hpcaas/.mounts/fs-072917c00f01ae1ba/home/tianjian/miniconda3/envs/alpacaeval/lib/python3.10/site-packages/torchaudio/lib/libtorchaudio.so: undefined symbol: _ZNK5torch8autograd4Node4nameB5cxx11Ev
    self._handle = _dlopen(self._name, mode)
OSError: /opt/hpcaas/.mounts/fs-072917c00f01ae1ba/home/tianjian/miniconda3/envs/alpacaeval/lib/python3.10/site-packages/torchaudio/lib/libtorchaudio.so: undefined symbol: _ZNK5torch8autograd4Node4nameB5cxx11Ev
    self._handle = _dlopen(self._name, mode)
OSError: /opt/hpcaas/.mounts/fs-072917c00f01ae1ba/home/tianjian/miniconda3/envs/alpacaeval/lib/python3.10/site-packages/torchaudio/lib/libtorchaudio.so: undefined symbol: _ZNK5torch8autograd4Node4nameB5cxx11Ev
OSError: /opt/hpcaas/.mounts/fs-072917c00f01ae1ba/home/tianjian/miniconda3/envs/alpacaeval/lib/python3.10/site-packages/torchaudio/lib/libtorchaudio.so: undefined symbol: _ZNK5torch8autograd4Node4nameB5cxx11Ev
    self._handle = _dlopen(self._name, mode)
OSError: /opt/hpcaas/.mounts/fs-072917c00f01ae1ba/home/tianjian/miniconda3/envs/alpacaeval/lib/python3.10/site-packages/torchaudio/lib/libtorchaudio.so: undefined symbol: _ZNK5torch8autograd4Node4nameB5cxx11Ev
OSError: /opt/hpcaas/.mounts/fs-072917c00f01ae1ba/home/tianjian/miniconda3/envs/alpacaeval/lib/python3.10/site-packages/torchaudio/lib/libtorchaudio.so: undefined symbol: _ZNK5torch8autograd4Node4nameB5cxx11Ev
Traceback (most recent call last):
  File "/home/tianjian/miniconda3/envs/alpacaeval/bin/fairseq2", line 5, in <module>
Traceback (most recent call last):
  File "/home/tianjian/miniconda3/envs/alpacaeval/bin/fairseq2", line 5, in <module>
    from fairseq2.cli import main
  File "/home/tianjian/miniconda3/envs/alpacaeval/lib/python3.10/site-packages/fairseq2/__init__.py", line 15, in <module>
Traceback (most recent call last):
  File "/home/tianjian/miniconda3/envs/alpacaeval/bin/fairseq2", line 5, in <module>
Traceback (most recent call last):
  File "/home/tianjian/miniconda3/envs/alpacaeval/bin/fairseq2", line 5, in <module>
Traceback (most recent call last):
  File "/home/tianjian/miniconda3/envs/alpacaeval/bin/fairseq2", line 5, in <module>
Traceback (most recent call last):
  File "/home/tianjian/miniconda3/envs/alpacaeval/bin/fairseq2", line 5, in <module>
Traceback (most recent call last):
  File "/home/tianjian/miniconda3/envs/alpacaeval/bin/fairseq2", line 5, in <module>
    from fairseq2.setup import setup_fairseq2 as setup_fairseq2
  File "/home/tianjian/miniconda3/envs/alpacaeval/lib/python3.10/site-packages/fairseq2/setup/__init__.py", line 12, in <module>
    from fairseq2.cli import main
  File "/home/tianjian/miniconda3/envs/alpacaeval/lib/python3.10/site-packages/fairseq2/__init__.py", line 15, in <module>
    from fairseq2.cli import main
  File "/home/tianjian/miniconda3/envs/alpacaeval/lib/python3.10/site-packages/fairseq2/__init__.py", line 15, in <module>
    from fairseq2.setup import setup_fairseq2 as setup_fairseq2
  File "/home/tianjian/miniconda3/envs/alpacaeval/lib/python3.10/site-packages/fairseq2/setup/__init__.py", line 12, in <module>
    from fairseq2.cli import main
  File "/home/tianjian/miniconda3/envs/alpacaeval/lib/python3.10/site-packages/fairseq2/__init__.py", line 15, in <module>
    from fairseq2.cli import main
  File "/home/tianjian/miniconda3/envs/alpacaeval/lib/python3.10/site-packages/fairseq2/__init__.py", line 15, in <module>
    from fairseq2.setup import setup_fairseq2 as setup_fairseq2
  File "/home/tianjian/miniconda3/envs/alpacaeval/lib/python3.10/site-packages/fairseq2/setup/__init__.py", line 12, in <module>
    from fairseq2.setup import setup_fairseq2 as setup_fairseq2
  File "/home/tianjian/miniconda3/envs/alpacaeval/lib/python3.10/site-packages/fairseq2/setup/__init__.py", line 12, in <module>
    from fairseq2.cli import main
  File "/home/tianjian/miniconda3/envs/alpacaeval/lib/python3.10/site-packages/fairseq2/__init__.py", line 15, in <module>
    from fairseq2.cli import main
  File "/home/tianjian/miniconda3/envs/alpacaeval/lib/python3.10/site-packages/fairseq2/__init__.py", line 15, in <module>
    from fairseq2.setup import setup_fairseq2 as setup_fairseq2
  File "/home/tianjian/miniconda3/envs/alpacaeval/lib/python3.10/site-packages/fairseq2/setup/__init__.py", line 12, in <module>
    from fairseq2.setup import setup_fairseq2 as setup_fairseq2
  File "/home/tianjian/miniconda3/envs/alpacaeval/lib/python3.10/site-packages/fairseq2/setup/__init__.py", line 12, in <module>
    from fairseq2.setup import setup_fairseq2 as setup_fairseq2
  File "/home/tianjian/miniconda3/envs/alpacaeval/lib/python3.10/site-packages/fairseq2/setup/__init__.py", line 12, in <module>
Traceback (most recent call last):
  File "/home/tianjian/miniconda3/envs/alpacaeval/bin/fairseq2", line 5, in <module>
    from fairseq2.cli import main
  File "/home/tianjian/miniconda3/envs/alpacaeval/lib/python3.10/site-packages/fairseq2/__init__.py", line 15, in <module>
    from fairseq2.setup import setup_fairseq2 as setup_fairseq2
  File "/home/tianjian/miniconda3/envs/alpacaeval/lib/python3.10/site-packages/fairseq2/setup/__init__.py", line 12, in <module>
    from fairseq2.setup._cli import setup_cli as setup_cli
  File "/home/tianjian/miniconda3/envs/alpacaeval/lib/python3.10/site-packages/fairseq2/setup/_cli/__init__.py", line 9, in <module>
    from fairseq2.setup._cli import setup_cli as setup_cli
  File "/home/tianjian/miniconda3/envs/alpacaeval/lib/python3.10/site-packages/fairseq2/setup/_cli/__init__.py", line 9, in <module>
    from fairseq2.setup._cli import setup_cli as setup_cli
  File "/home/tianjian/miniconda3/envs/alpacaeval/lib/python3.10/site-packages/fairseq2/setup/_cli/__init__.py", line 9, in <module>
    from fairseq2.setup._cli import setup_cli as setup_cli
  File "/home/tianjian/miniconda3/envs/alpacaeval/lib/python3.10/site-packages/fairseq2/setup/_cli/__init__.py", line 9, in <module>
    from fairseq2.setup._cli import setup_cli as setup_cli
  File "/home/tianjian/miniconda3/envs/alpacaeval/lib/python3.10/site-packages/fairseq2/setup/_cli/__init__.py", line 9, in <module>
    from fairseq2.setup._cli import setup_cli as setup_cli
  File "/home/tianjian/miniconda3/envs/alpacaeval/lib/python3.10/site-packages/fairseq2/setup/_cli/__init__.py", line 9, in <module>
    from fairseq2.setup._cli import setup_cli as setup_cli
  File "/home/tianjian/miniconda3/envs/alpacaeval/lib/python3.10/site-packages/fairseq2/setup/_cli/__init__.py", line 9, in <module>
    from fairseq2.setup._cli import setup_cli as setup_cli
  File "/home/tianjian/miniconda3/envs/alpacaeval/lib/python3.10/site-packages/fairseq2/setup/_cli/__init__.py", line 9, in <module>
    from fairseq2.setup._cli._commands import setup_cli as setup_cli
  File "/home/tianjian/miniconda3/envs/alpacaeval/lib/python3.10/site-packages/fairseq2/setup/_cli/_commands.py", line 11, in <module>
    from fairseq2.setup._cli._commands import setup_cli as setup_cli
  File "/home/tianjian/miniconda3/envs/alpacaeval/lib/python3.10/site-packages/fairseq2/setup/_cli/_commands.py", line 11, in <module>
    from fairseq2.setup._cli._commands import setup_cli as setup_cli
  File "/home/tianjian/miniconda3/envs/alpacaeval/lib/python3.10/site-packages/fairseq2/setup/_cli/_commands.py", line 11, in <module>
    from fairseq2.setup._cli._commands import setup_cli as setup_cli
  File "/home/tianjian/miniconda3/envs/alpacaeval/lib/python3.10/site-packages/fairseq2/setup/_cli/_commands.py", line 11, in <module>
    from fairseq2.setup._cli._commands import setup_cli as setup_cli
  File "/home/tianjian/miniconda3/envs/alpacaeval/lib/python3.10/site-packages/fairseq2/setup/_cli/_commands.py", line 11, in <module>
    from fairseq2.setup._cli._commands import setup_cli as setup_cli
  File "/home/tianjian/miniconda3/envs/alpacaeval/lib/python3.10/site-packages/fairseq2/setup/_cli/_commands.py", line 11, in <module>
    from fairseq2.setup._cli._commands import setup_cli as setup_cli
  File "/home/tianjian/miniconda3/envs/alpacaeval/lib/python3.10/site-packages/fairseq2/setup/_cli/_commands.py", line 11, in <module>
    from fairseq2.setup._cli._commands import setup_cli as setup_cli
  File "/home/tianjian/miniconda3/envs/alpacaeval/lib/python3.10/site-packages/fairseq2/setup/_cli/_commands.py", line 11, in <module>
    from fairseq2.cli.commands.chatbot import RunChatbotHandler
  File "/home/tianjian/miniconda3/envs/alpacaeval/lib/python3.10/site-packages/fairseq2/cli/commands/chatbot.py", line 35, in <module>
    from fairseq2.cli.commands.chatbot import RunChatbotHandler
  File "/home/tianjian/miniconda3/envs/alpacaeval/lib/python3.10/site-packages/fairseq2/cli/commands/chatbot.py", line 35, in <module>
    from fairseq2.cli.commands.chatbot import RunChatbotHandler
  File "/home/tianjian/miniconda3/envs/alpacaeval/lib/python3.10/site-packages/fairseq2/cli/commands/chatbot.py", line 35, in <module>
    from fairseq2.cli.commands.chatbot import RunChatbotHandler
  File "/home/tianjian/miniconda3/envs/alpacaeval/lib/python3.10/site-packages/fairseq2/cli/commands/chatbot.py", line 35, in <module>
    from fairseq2.cli.commands.chatbot import RunChatbotHandler
  File "/home/tianjian/miniconda3/envs/alpacaeval/lib/python3.10/site-packages/fairseq2/cli/commands/chatbot.py", line 35, in <module>
    from fairseq2.cli.commands.chatbot import RunChatbotHandler
  File "/home/tianjian/miniconda3/envs/alpacaeval/lib/python3.10/site-packages/fairseq2/cli/commands/chatbot.py", line 35, in <module>
    from fairseq2.cli.commands.chatbot import RunChatbotHandler
  File "/home/tianjian/miniconda3/envs/alpacaeval/lib/python3.10/site-packages/fairseq2/cli/commands/chatbot.py", line 35, in <module>
    from fairseq2.cli.commands.chatbot import RunChatbotHandler
  File "/home/tianjian/miniconda3/envs/alpacaeval/lib/python3.10/site-packages/fairseq2/cli/commands/chatbot.py", line 35, in <module>
    from fairseq2.recipes.common import (
  File "/home/tianjian/miniconda3/envs/alpacaeval/lib/python3.10/site-packages/fairseq2/recipes/common/__init__.py", line 9, in <module>
    from fairseq2.recipes.common import (
  File "/home/tianjian/miniconda3/envs/alpacaeval/lib/python3.10/site-packages/fairseq2/recipes/common/__init__.py", line 9, in <module>
    from fairseq2.recipes.common import (
  File "/home/tianjian/miniconda3/envs/alpacaeval/lib/python3.10/site-packages/fairseq2/recipes/common/__init__.py", line 9, in <module>
    from fairseq2.recipes.common import (
  File "/home/tianjian/miniconda3/envs/alpacaeval/lib/python3.10/site-packages/fairseq2/recipes/common/__init__.py", line 9, in <module>
    from fairseq2.recipes.common import (
  File "/home/tianjian/miniconda3/envs/alpacaeval/lib/python3.10/site-packages/fairseq2/recipes/common/__init__.py", line 9, in <module>
    from fairseq2.recipes.common import (
  File "/home/tianjian/miniconda3/envs/alpacaeval/lib/python3.10/site-packages/fairseq2/recipes/common/__init__.py", line 9, in <module>
    from fairseq2.recipes.common import (
  File "/home/tianjian/miniconda3/envs/alpacaeval/lib/python3.10/site-packages/fairseq2/recipes/common/__init__.py", line 9, in <module>
    from fairseq2.recipes.common import (
  File "/home/tianjian/miniconda3/envs/alpacaeval/lib/python3.10/site-packages/fairseq2/recipes/common/__init__.py", line 9, in <module>
    from fairseq2.recipes.common._asset import (
  File "/home/tianjian/miniconda3/envs/alpacaeval/lib/python3.10/site-packages/fairseq2/recipes/common/_asset.py", line 22, in <module>
    from fairseq2.recipes.common._asset import (
  File "/home/tianjian/miniconda3/envs/alpacaeval/lib/python3.10/site-packages/fairseq2/recipes/common/_asset.py", line 22, in <module>
    from fairseq2.recipes.common._asset import (
  File "/home/tianjian/miniconda3/envs/alpacaeval/lib/python3.10/site-packages/fairseq2/recipes/common/_asset.py", line 22, in <module>
    from fairseq2.recipes.common._asset import (
  File "/home/tianjian/miniconda3/envs/alpacaeval/lib/python3.10/site-packages/fairseq2/recipes/common/_asset.py", line 22, in <module>
    from fairseq2.recipes.common._asset import (
  File "/home/tianjian/miniconda3/envs/alpacaeval/lib/python3.10/site-packages/fairseq2/recipes/common/_asset.py", line 22, in <module>
    from fairseq2.recipes.common._asset import (
  File "/home/tianjian/miniconda3/envs/alpacaeval/lib/python3.10/site-packages/fairseq2/recipes/common/_asset.py", line 22, in <module>
    from fairseq2.recipes.common._asset import (
  File "/home/tianjian/miniconda3/envs/alpacaeval/lib/python3.10/site-packages/fairseq2/recipes/common/_asset.py", line 22, in <module>
    from fairseq2.recipes.common._asset import (
  File "/home/tianjian/miniconda3/envs/alpacaeval/lib/python3.10/site-packages/fairseq2/recipes/common/_asset.py", line 22, in <module>
    from fairseq2.recipes.config import CommonSection, get_config_section
  File "/home/tianjian/miniconda3/envs/alpacaeval/lib/python3.10/site-packages/fairseq2/recipes/config.py", line 21, in <module>
    from fairseq2.recipes.config import CommonSection, get_config_section
  File "/home/tianjian/miniconda3/envs/alpacaeval/lib/python3.10/site-packages/fairseq2/recipes/config.py", line 21, in <module>
    from fairseq2.recipes.config import CommonSection, get_config_section
  File "/home/tianjian/miniconda3/envs/alpacaeval/lib/python3.10/site-packages/fairseq2/recipes/config.py", line 21, in <module>
    from fairseq2.recipes.config import CommonSection, get_config_section
  File "/home/tianjian/miniconda3/envs/alpacaeval/lib/python3.10/site-packages/fairseq2/recipes/config.py", line 21, in <module>
    from fairseq2.recipes.config import CommonSection, get_config_section
  File "/home/tianjian/miniconda3/envs/alpacaeval/lib/python3.10/site-packages/fairseq2/recipes/config.py", line 21, in <module>
    from fairseq2.recipes.config import CommonSection, get_config_section
  File "/home/tianjian/miniconda3/envs/alpacaeval/lib/python3.10/site-packages/fairseq2/recipes/config.py", line 21, in <module>
    from fairseq2.recipes.config import CommonSection, get_config_section
  File "/home/tianjian/miniconda3/envs/alpacaeval/lib/python3.10/site-packages/fairseq2/recipes/config.py", line 21, in <module>
    from fairseq2.recipes.config import CommonSection, get_config_section
  File "/home/tianjian/miniconda3/envs/alpacaeval/lib/python3.10/site-packages/fairseq2/recipes/config.py", line 21, in <module>
    from fairseq2.metrics.recorders import (
  File "/home/tianjian/miniconda3/envs/alpacaeval/lib/python3.10/site-packages/fairseq2/metrics/__init__.py", line 9, in <module>
    from fairseq2.metrics.recorders import (
  File "/home/tianjian/miniconda3/envs/alpacaeval/lib/python3.10/site-packages/fairseq2/metrics/__init__.py", line 9, in <module>
    from fairseq2.metrics.recorders import (
  File "/home/tianjian/miniconda3/envs/alpacaeval/lib/python3.10/site-packages/fairseq2/metrics/__init__.py", line 9, in <module>
    from fairseq2.metrics.recorders import (
  File "/home/tianjian/miniconda3/envs/alpacaeval/lib/python3.10/site-packages/fairseq2/metrics/__init__.py", line 9, in <module>
    from fairseq2.metrics.recorders import (
  File "/home/tianjian/miniconda3/envs/alpacaeval/lib/python3.10/site-packages/fairseq2/metrics/__init__.py", line 9, in <module>
    from fairseq2.metrics.recorders import (
  File "/home/tianjian/miniconda3/envs/alpacaeval/lib/python3.10/site-packages/fairseq2/metrics/__init__.py", line 9, in <module>
    from fairseq2.metrics.recorders import (
  File "/home/tianjian/miniconda3/envs/alpacaeval/lib/python3.10/site-packages/fairseq2/metrics/__init__.py", line 9, in <module>
    from fairseq2.metrics.recorders import (
  File "/home/tianjian/miniconda3/envs/alpacaeval/lib/python3.10/site-packages/fairseq2/metrics/__init__.py", line 9, in <module>
    from fairseq2.metrics._aggregation import Max as Max
  File "/home/tianjian/miniconda3/envs/alpacaeval/lib/python3.10/site-packages/fairseq2/metrics/_aggregation.py", line 11, in <module>
    from fairseq2.metrics._aggregation import Max as Max
  File "/home/tianjian/miniconda3/envs/alpacaeval/lib/python3.10/site-packages/fairseq2/metrics/_aggregation.py", line 11, in <module>
    from fairseq2.metrics._aggregation import Max as Max
  File "/home/tianjian/miniconda3/envs/alpacaeval/lib/python3.10/site-packages/fairseq2/metrics/_aggregation.py", line 11, in <module>
    from fairseq2.metrics._aggregation import Max as Max
  File "/home/tianjian/miniconda3/envs/alpacaeval/lib/python3.10/site-packages/fairseq2/metrics/_aggregation.py", line 11, in <module>
    from fairseq2.metrics._aggregation import Max as Max
  File "/home/tianjian/miniconda3/envs/alpacaeval/lib/python3.10/site-packages/fairseq2/metrics/_aggregation.py", line 11, in <module>
    from fairseq2.metrics._aggregation import Max as Max
  File "/home/tianjian/miniconda3/envs/alpacaeval/lib/python3.10/site-packages/fairseq2/metrics/_aggregation.py", line 11, in <module>
    from fairseq2.metrics._aggregation import Max as Max
  File "/home/tianjian/miniconda3/envs/alpacaeval/lib/python3.10/site-packages/fairseq2/metrics/_aggregation.py", line 11, in <module>
    from fairseq2.metrics._aggregation import Max as Max
  File "/home/tianjian/miniconda3/envs/alpacaeval/lib/python3.10/site-packages/fairseq2/metrics/_aggregation.py", line 11, in <module>
    from torcheval.metrics import Max as MaxBase
  File "/home/tianjian/miniconda3/envs/alpacaeval/lib/python3.10/site-packages/torcheval/metrics/__init__.py", line 9, in <module>
    from torcheval.metrics import Max as MaxBase
  File "/home/tianjian/miniconda3/envs/alpacaeval/lib/python3.10/site-packages/torcheval/metrics/__init__.py", line 9, in <module>
    from torcheval.metrics import Max as MaxBase
  File "/home/tianjian/miniconda3/envs/alpacaeval/lib/python3.10/site-packages/torcheval/metrics/__init__.py", line 9, in <module>
    from torcheval.metrics import Max as MaxBase
  File "/home/tianjian/miniconda3/envs/alpacaeval/lib/python3.10/site-packages/torcheval/metrics/__init__.py", line 9, in <module>
    from torcheval.metrics import Max as MaxBase
  File "/home/tianjian/miniconda3/envs/alpacaeval/lib/python3.10/site-packages/torcheval/metrics/__init__.py", line 9, in <module>
    from torcheval.metrics import Max as MaxBase
  File "/home/tianjian/miniconda3/envs/alpacaeval/lib/python3.10/site-packages/torcheval/metrics/__init__.py", line 9, in <module>
    from torcheval.metrics import Max as MaxBase
  File "/home/tianjian/miniconda3/envs/alpacaeval/lib/python3.10/site-packages/torcheval/metrics/__init__.py", line 9, in <module>
    from torcheval.metrics import Max as MaxBase
  File "/home/tianjian/miniconda3/envs/alpacaeval/lib/python3.10/site-packages/torcheval/metrics/__init__.py", line 9, in <module>
    from torcheval.metrics.audio import FrechetAudioDistance
  File "/home/tianjian/miniconda3/envs/alpacaeval/lib/python3.10/site-packages/torcheval/metrics/audio/__init__.py", line 7, in <module>
    from torcheval.metrics.audio import FrechetAudioDistance
  File "/home/tianjian/miniconda3/envs/alpacaeval/lib/python3.10/site-packages/torcheval/metrics/audio/__init__.py", line 7, in <module>
    from torcheval.metrics.audio import FrechetAudioDistance
  File "/home/tianjian/miniconda3/envs/alpacaeval/lib/python3.10/site-packages/torcheval/metrics/audio/__init__.py", line 7, in <module>
    from torcheval.metrics.audio import FrechetAudioDistance
  File "/home/tianjian/miniconda3/envs/alpacaeval/lib/python3.10/site-packages/torcheval/metrics/audio/__init__.py", line 7, in <module>
    from torcheval.metrics.audio import FrechetAudioDistance
  File "/home/tianjian/miniconda3/envs/alpacaeval/lib/python3.10/site-packages/torcheval/metrics/audio/__init__.py", line 7, in <module>
    from torcheval.metrics.audio import FrechetAudioDistance
  File "/home/tianjian/miniconda3/envs/alpacaeval/lib/python3.10/site-packages/torcheval/metrics/audio/__init__.py", line 7, in <module>
    from torcheval.metrics.audio import FrechetAudioDistance
  File "/home/tianjian/miniconda3/envs/alpacaeval/lib/python3.10/site-packages/torcheval/metrics/audio/__init__.py", line 7, in <module>
    from torcheval.metrics.audio import FrechetAudioDistance
  File "/home/tianjian/miniconda3/envs/alpacaeval/lib/python3.10/site-packages/torcheval/metrics/audio/__init__.py", line 7, in <module>
    from torcheval.metrics.audio.fad import FrechetAudioDistance
  File "/home/tianjian/miniconda3/envs/alpacaeval/lib/python3.10/site-packages/torcheval/metrics/audio/fad.py", line 13, in <module>
    from torcheval.metrics.audio.fad import FrechetAudioDistance
  File "/home/tianjian/miniconda3/envs/alpacaeval/lib/python3.10/site-packages/torcheval/metrics/audio/fad.py", line 13, in <module>
    from torcheval.metrics.audio.fad import FrechetAudioDistance
  File "/home/tianjian/miniconda3/envs/alpacaeval/lib/python3.10/site-packages/torcheval/metrics/audio/fad.py", line 13, in <module>
    from torcheval.metrics.audio.fad import FrechetAudioDistance
  File "/home/tianjian/miniconda3/envs/alpacaeval/lib/python3.10/site-packages/torcheval/metrics/audio/fad.py", line 13, in <module>
    from torcheval.metrics.audio.fad import FrechetAudioDistance
  File "/home/tianjian/miniconda3/envs/alpacaeval/lib/python3.10/site-packages/torcheval/metrics/audio/fad.py", line 13, in <module>
    from torcheval.metrics.audio.fad import FrechetAudioDistance
  File "/home/tianjian/miniconda3/envs/alpacaeval/lib/python3.10/site-packages/torcheval/metrics/audio/fad.py", line 13, in <module>
    from torcheval.metrics.audio.fad import FrechetAudioDistance
  File "/home/tianjian/miniconda3/envs/alpacaeval/lib/python3.10/site-packages/torcheval/metrics/audio/fad.py", line 13, in <module>
    from torcheval.metrics.audio.fad import FrechetAudioDistance
  File "/home/tianjian/miniconda3/envs/alpacaeval/lib/python3.10/site-packages/torcheval/metrics/audio/fad.py", line 13, in <module>
    from torchaudio.functional import frechet_distance
  File "/home/tianjian/miniconda3/envs/alpacaeval/lib/python3.10/site-packages/torchaudio/__init__.py", line 4, in <module>
    from torchaudio.functional import frechet_distance
  File "/home/tianjian/miniconda3/envs/alpacaeval/lib/python3.10/site-packages/torchaudio/__init__.py", line 4, in <module>
    from torchaudio.functional import frechet_distance
  File "/home/tianjian/miniconda3/envs/alpacaeval/lib/python3.10/site-packages/torchaudio/__init__.py", line 4, in <module>
    from torchaudio.functional import frechet_distance
  File "/home/tianjian/miniconda3/envs/alpacaeval/lib/python3.10/site-packages/torchaudio/__init__.py", line 4, in <module>
    from torchaudio.functional import frechet_distance
  File "/home/tianjian/miniconda3/envs/alpacaeval/lib/python3.10/site-packages/torchaudio/__init__.py", line 4, in <module>
    from torchaudio.functional import frechet_distance
  File "/home/tianjian/miniconda3/envs/alpacaeval/lib/python3.10/site-packages/torchaudio/__init__.py", line 4, in <module>
    from torchaudio.functional import frechet_distance
  File "/home/tianjian/miniconda3/envs/alpacaeval/lib/python3.10/site-packages/torchaudio/__init__.py", line 4, in <module>
    from torchaudio.functional import frechet_distance
  File "/home/tianjian/miniconda3/envs/alpacaeval/lib/python3.10/site-packages/torchaudio/__init__.py", line 4, in <module>
    from . import _extension  # noqa  # usort: skip
  File "/home/tianjian/miniconda3/envs/alpacaeval/lib/python3.10/site-packages/torchaudio/_extension/__init__.py", line 38, in <module>
    from . import _extension  # noqa  # usort: skip
  File "/home/tianjian/miniconda3/envs/alpacaeval/lib/python3.10/site-packages/torchaudio/_extension/__init__.py", line 38, in <module>
    from . import _extension  # noqa  # usort: skip
  File "/home/tianjian/miniconda3/envs/alpacaeval/lib/python3.10/site-packages/torchaudio/_extension/__init__.py", line 38, in <module>
    from . import _extension  # noqa  # usort: skip
  File "/home/tianjian/miniconda3/envs/alpacaeval/lib/python3.10/site-packages/torchaudio/_extension/__init__.py", line 38, in <module>
    from . import _extension  # noqa  # usort: skip
  File "/home/tianjian/miniconda3/envs/alpacaeval/lib/python3.10/site-packages/torchaudio/_extension/__init__.py", line 38, in <module>
    from . import _extension  # noqa  # usort: skip
  File "/home/tianjian/miniconda3/envs/alpacaeval/lib/python3.10/site-packages/torchaudio/_extension/__init__.py", line 38, in <module>
    from . import _extension  # noqa  # usort: skip
  File "/home/tianjian/miniconda3/envs/alpacaeval/lib/python3.10/site-packages/torchaudio/_extension/__init__.py", line 38, in <module>
    from . import _extension  # noqa  # usort: skip
  File "/home/tianjian/miniconda3/envs/alpacaeval/lib/python3.10/site-packages/torchaudio/_extension/__init__.py", line 38, in <module>
    _load_lib("libtorchaudio")
  File "/home/tianjian/miniconda3/envs/alpacaeval/lib/python3.10/site-packages/torchaudio/_extension/utils.py", line 60, in _load_lib
    _load_lib("libtorchaudio")
  File "/home/tianjian/miniconda3/envs/alpacaeval/lib/python3.10/site-packages/torchaudio/_extension/utils.py", line 60, in _load_lib
    _load_lib("libtorchaudio")
  File "/home/tianjian/miniconda3/envs/alpacaeval/lib/python3.10/site-packages/torchaudio/_extension/utils.py", line 60, in _load_lib
    _load_lib("libtorchaudio")
  File "/home/tianjian/miniconda3/envs/alpacaeval/lib/python3.10/site-packages/torchaudio/_extension/utils.py", line 60, in _load_lib
    _load_lib("libtorchaudio")
  File "/home/tianjian/miniconda3/envs/alpacaeval/lib/python3.10/site-packages/torchaudio/_extension/utils.py", line 60, in _load_lib
    _load_lib("libtorchaudio")
  File "/home/tianjian/miniconda3/envs/alpacaeval/lib/python3.10/site-packages/torchaudio/_extension/utils.py", line 60, in _load_lib
    _load_lib("libtorchaudio")
  File "/home/tianjian/miniconda3/envs/alpacaeval/lib/python3.10/site-packages/torchaudio/_extension/utils.py", line 60, in _load_lib
    _load_lib("libtorchaudio")
  File "/home/tianjian/miniconda3/envs/alpacaeval/lib/python3.10/site-packages/torchaudio/_extension/utils.py", line 60, in _load_lib
    torch.ops.load_library(path)
  File "/home/tianjian/miniconda3/envs/alpacaeval/lib/python3.10/site-packages/torch/_ops.py", line 1357, in load_library
    torch.ops.load_library(path)
  File "/home/tianjian/miniconda3/envs/alpacaeval/lib/python3.10/site-packages/torch/_ops.py", line 1357, in load_library
    torch.ops.load_library(path)
  File "/home/tianjian/miniconda3/envs/alpacaeval/lib/python3.10/site-packages/torch/_ops.py", line 1357, in load_library
    torch.ops.load_library(path)
  File "/home/tianjian/miniconda3/envs/alpacaeval/lib/python3.10/site-packages/torch/_ops.py", line 1357, in load_library
    torch.ops.load_library(path)
  File "/home/tianjian/miniconda3/envs/alpacaeval/lib/python3.10/site-packages/torch/_ops.py", line 1357, in load_library
    torch.ops.load_library(path)
  File "/home/tianjian/miniconda3/envs/alpacaeval/lib/python3.10/site-packages/torch/_ops.py", line 1357, in load_library
    torch.ops.load_library(path)
  File "/home/tianjian/miniconda3/envs/alpacaeval/lib/python3.10/site-packages/torch/_ops.py", line 1357, in load_library
    torch.ops.load_library(path)
  File "/home/tianjian/miniconda3/envs/alpacaeval/lib/python3.10/site-packages/torch/_ops.py", line 1357, in load_library
    ctypes.CDLL(path)
  File "/home/tianjian/miniconda3/envs/alpacaeval/lib/python3.10/ctypes/__init__.py", line 374, in __init__
    ctypes.CDLL(path)
  File "/home/tianjian/miniconda3/envs/alpacaeval/lib/python3.10/ctypes/__init__.py", line 374, in __init__
    ctypes.CDLL(path)
  File "/home/tianjian/miniconda3/envs/alpacaeval/lib/python3.10/ctypes/__init__.py", line 374, in __init__
    ctypes.CDLL(path)
  File "/home/tianjian/miniconda3/envs/alpacaeval/lib/python3.10/ctypes/__init__.py", line 374, in __init__
    ctypes.CDLL(path)
  File "/home/tianjian/miniconda3/envs/alpacaeval/lib/python3.10/ctypes/__init__.py", line 374, in __init__
    ctypes.CDLL(path)
  File "/home/tianjian/miniconda3/envs/alpacaeval/lib/python3.10/ctypes/__init__.py", line 374, in __init__
    ctypes.CDLL(path)
  File "/home/tianjian/miniconda3/envs/alpacaeval/lib/python3.10/ctypes/__init__.py", line 374, in __init__
    ctypes.CDLL(path)
  File "/home/tianjian/miniconda3/envs/alpacaeval/lib/python3.10/ctypes/__init__.py", line 374, in __init__
    self._handle = _dlopen(self._name, mode)
    self._handle = _dlopen(self._name, mode)
OSError: /opt/hpcaas/.mounts/fs-072917c00f01ae1ba/home/tianjian/miniconda3/envs/alpacaeval/lib/python3.10/site-packages/torchaudio/lib/libtorchaudio.so: undefined symbol: _ZNK5torch8autograd4Node4nameB5cxx11Ev
    self._handle = _dlopen(self._name, mode)
OSError: /opt/hpcaas/.mounts/fs-072917c00f01ae1ba/home/tianjian/miniconda3/envs/alpacaeval/lib/python3.10/site-packages/torchaudio/lib/libtorchaudio.so: undefined symbol: _ZNK5torch8autograd4Node4nameB5cxx11Ev
    self._handle = _dlopen(self._name, mode)
OSError: /opt/hpcaas/.mounts/fs-072917c00f01ae1ba/home/tianjian/miniconda3/envs/alpacaeval/lib/python3.10/site-packages/torchaudio/lib/libtorchaudio.so: undefined symbol: _ZNK5torch8autograd4Node4nameB5cxx11Ev
    self._handle = _dlopen(self._name, mode)
OSError: /opt/hpcaas/.mounts/fs-072917c00f01ae1ba/home/tianjian/miniconda3/envs/alpacaeval/lib/python3.10/site-packages/torchaudio/lib/libtorchaudio.so: undefined symbol: _ZNK5torch8autograd4Node4nameB5cxx11Ev
    self._handle = _dlopen(self._name, mode)
OSError: /opt/hpcaas/.mounts/fs-072917c00f01ae1ba/home/tianjian/miniconda3/envs/alpacaeval/lib/python3.10/site-packages/torchaudio/lib/libtorchaudio.so: undefined symbol: _ZNK5torch8autograd4Node4nameB5cxx11Ev
    self._handle = _dlopen(self._name, mode)
OSError: /opt/hpcaas/.mounts/fs-072917c00f01ae1ba/home/tianjian/miniconda3/envs/alpacaeval/lib/python3.10/site-packages/torchaudio/lib/libtorchaudio.so: undefined symbol: _ZNK5torch8autograd4Node4nameB5cxx11Ev
    self._handle = _dlopen(self._name, mode)
OSError: /opt/hpcaas/.mounts/fs-072917c00f01ae1ba/home/tianjian/miniconda3/envs/alpacaeval/lib/python3.10/site-packages/torchaudio/lib/libtorchaudio.so: undefined symbol: _ZNK5torch8autograd4Node4nameB5cxx11Ev
OSError: /opt/hpcaas/.mounts/fs-072917c00f01ae1ba/home/tianjian/miniconda3/envs/alpacaeval/lib/python3.10/site-packages/torchaudio/lib/libtorchaudio.so: undefined symbol: _ZNK5torch8autograd4Node4nameB5cxx11Ev
srun: error: cr1-h200-p5en48xlarge-817: tasks 16-23: Exited with exit code 1
srun: Terminating StepId=1976344.0
srun: error: cr1-h200-p5en48xlarge-816: tasks 8-15: Exited with exit code 1
slurmstepd: error: *** STEP 1976344.0 ON cr1-h200-p5en48xlarge-578 CANCELLED AT 2025-09-22T02:46:07 ***
srun: error: cr1-h200-p5en48xlarge-818: tasks 24-31: Terminated
srun: error: cr1-h200-p5en48xlarge-578: tasks 0-7: Terminated
srun: Force Terminated StepId=1976344.0
