/home/tianjian/.zshrc: line 1: setopt: command not found
/home/tianjian/.zshrc: line 5: bindkey: command not found
/home/tianjian/.zshrc: line 13: autoload: command not found
/home/tianjian/.zshrc: line 14: compinit: command not found
/home/tianjian/.zshrc: line 16: zstyle: command not found
/home/tianjian/.zshrc: line 17: zstyle: command not found
/home/tianjian/.zshrc: line 18: zstyle: command not found
/home/tianjian/.zshrc: line 19: zstyle: command not found
/home/tianjian/.zshrc: line 20: zstyle: command not found
/home/tianjian/.zshrc: line 22: ${(s.:.)LS_COLORS}: bad substitution
/home/tianjian/.zshrc: line 23: zstyle: command not found
/home/tianjian/.zshrc: line 24: zstyle: command not found
/home/tianjian/.zshrc: line 25: zstyle: command not found
/home/tianjian/.zshrc: line 26: zstyle: command not found
/home/tianjian/.zshrc: line 27: zstyle: command not found
/home/tianjian/.zshrc: line 28: zstyle: command not found
/home/tianjian/.zshrc: line 29: zstyle: command not found
/home/tianjian/.zshrc: line 31: zstyle: command not found
/home/tianjian/.zshrc: line 32: zstyle: command not found
/home/tianjian/.zshrc: line 34: setopt: command not found
/home/tianjian/.zshrc: line 35: setopt: command not found
/home/tianjian/.zshrc: line 36: setopt: command not found
Traceback (most recent call last):
  File "/home/tianjian/miniconda3/envs/alpacaeval/bin/fairseq2", line 5, in <module>
Traceback (most recent call last):
  File "/home/tianjian/miniconda3/envs/alpacaeval/bin/fairseq2", line 5, in <module>
Traceback (most recent call last):
  File "/home/tianjian/miniconda3/envs/alpacaeval/bin/fairseq2", line 5, in <module>
Traceback (most recent call last):
  File "/home/tianjian/miniconda3/envs/alpacaeval/bin/fairseq2", line 5, in <module>
Traceback (most recent call last):
  File "/home/tianjian/miniconda3/envs/alpacaeval/bin/fairseq2", line 5, in <module>
    from fairseq2.assets.cli import main
Traceback (most recent call last):
  File "/home/tianjian/miniconda3/envs/alpacaeval/bin/fairseq2", line 5, in <module>
Traceback (most recent call last):
  File "/home/tianjian/miniconda3/envs/alpacaeval/bin/fairseq2", line 5, in <module>
    from fairseq2.assets.cli import main
ImportError: cannot import name 'main' from 'fairseq2.assets.cli' (/home/tianjian/miniconda3/envs/alpacaeval/lib/python3.10/site-packages/fairseq2/assets/cli.py)
Traceback (most recent call last):
  File "/home/tianjian/miniconda3/envs/alpacaeval/bin/fairseq2", line 5, in <module>
Traceback (most recent call last):
  File "/home/tianjian/miniconda3/envs/alpacaeval/bin/fairseq2", line 5, in <module>
    from fairseq2.assets.cli import main
ImportError: cannot import name 'main' from 'fairseq2.assets.cli' (/home/tianjian/miniconda3/envs/alpacaeval/lib/python3.10/site-packages/fairseq2/assets/cli.py)
Traceback (most recent call last):
  File "/home/tianjian/miniconda3/envs/alpacaeval/bin/fairseq2", line 5, in <module>
Traceback (most recent call last):
  File "/home/tianjian/miniconda3/envs/alpacaeval/bin/fairseq2", line 5, in <module>
    from fairseq2.assets.cli import main
Traceback (most recent call last):
  File "/home/tianjian/miniconda3/envs/alpacaeval/bin/fairseq2", line 5, in <module>
    from fairseq2.assets.cli import main
ImportError: cannot import name 'main' from 'fairseq2.assets.cli' (/home/tianjian/miniconda3/envs/alpacaeval/lib/python3.10/site-packages/fairseq2/assets/cli.py)
Traceback (most recent call last):
  File "/home/tianjian/miniconda3/envs/alpacaeval/bin/fairseq2", line 5, in <module>
    from fairseq2.assets.cli import main
ImportError: cannot import name 'main' from 'fairseq2.assets.cli' (/home/tianjian/miniconda3/envs/alpacaeval/lib/python3.10/site-packages/fairseq2/assets/cli.py)
Traceback (most recent call last):
  File "/home/tianjian/miniconda3/envs/alpacaeval/bin/fairseq2", line 5, in <module>
    from fairseq2.assets.cli import main
ImportError: cannot import name 'main' from 'fairseq2.assets.cli' (/home/tianjian/miniconda3/envs/alpacaeval/lib/python3.10/site-packages/fairseq2/assets/cli.py)
    from fairseq2.assets.cli import main
ImportError: cannot import name 'main' from 'fairseq2.assets.cli' (/home/tianjian/miniconda3/envs/alpacaeval/lib/python3.10/site-packages/fairseq2/assets/cli.py)
    from fairseq2.assets.cli import main
ImportError: cannot import name 'main' from 'fairseq2.assets.cli' (/home/tianjian/miniconda3/envs/alpacaeval/lib/python3.10/site-packages/fairseq2/assets/cli.py)
ImportError: cannot import name 'main' from 'fairseq2.assets.cli' (/home/tianjian/miniconda3/envs/alpacaeval/lib/python3.10/site-packages/fairseq2/assets/cli.py)
    from fairseq2.assets.cli import main
ImportError: cannot import name 'main' from 'fairseq2.assets.cli' (/home/tianjian/miniconda3/envs/alpacaeval/lib/python3.10/site-packages/fairseq2/assets/cli.py)
ImportError: cannot import name 'main' from 'fairseq2.assets.cli' (/home/tianjian/miniconda3/envs/alpacaeval/lib/python3.10/site-packages/fairseq2/assets/cli.py)
    from fairseq2.assets.cli import main
ImportError: cannot import name 'main' from 'fairseq2.assets.cli' (/home/tianjian/miniconda3/envs/alpacaeval/lib/python3.10/site-packages/fairseq2/assets/cli.py)
Traceback (most recent call last):
    from fairseq2.assets.cli import main
ImportError: cannot import name 'main' from 'fairseq2.assets.cli' (/home/tianjian/miniconda3/envs/alpacaeval/lib/python3.10/site-packages/fairseq2/assets/cli.py)
Traceback (most recent call last):
  File "/home/tianjian/miniconda3/envs/alpacaeval/bin/fairseq2", line 5, in <module>
  File "/home/tianjian/miniconda3/envs/alpacaeval/bin/fairseq2", line 5, in <module>
    from fairseq2.assets.cli import main
ImportError: cannot import name 'main' from 'fairseq2.assets.cli' (/home/tianjian/miniconda3/envs/alpacaeval/lib/python3.10/site-packages/fairseq2/assets/cli.py)
Traceback (most recent call last):
  File "/home/tianjian/miniconda3/envs/alpacaeval/bin/fairseq2", line 5, in <module>
    from fairseq2.assets.cli import main
ImportError: cannot import name 'main' from 'fairseq2.assets.cli' (/home/tianjian/miniconda3/envs/alpacaeval/lib/python3.10/site-packages/fairseq2/assets/cli.py)
    from fairseq2.assets.cli import main
ImportError: cannot import name 'main' from 'fairseq2.assets.cli' (/home/tianjian/miniconda3/envs/alpacaeval/lib/python3.10/site-packages/fairseq2/assets/cli.py)
Traceback (most recent call last):
  File "/home/tianjian/miniconda3/envs/alpacaeval/bin/fairseq2", line 5, in <module>
Traceback (most recent call last):
  File "/home/tianjian/miniconda3/envs/alpacaeval/bin/fairseq2", line 5, in <module>
Traceback (most recent call last):
  File "/home/tianjian/miniconda3/envs/alpacaeval/bin/fairseq2", line 5, in <module>
    from fairseq2.assets.cli import main
ImportError: cannot import name 'main' from 'fairseq2.assets.cli' (/home/tianjian/miniconda3/envs/alpacaeval/lib/python3.10/site-packages/fairseq2/assets/cli.py)
Traceback (most recent call last):
  File "/home/tianjian/miniconda3/envs/alpacaeval/bin/fairseq2", line 5, in <module>
    from fairseq2.assets.cli import main
ImportError: cannot import name 'main' from 'fairseq2.assets.cli' (/home/tianjian/miniconda3/envs/alpacaeval/lib/python3.10/site-packages/fairseq2/assets/cli.py)
Traceback (most recent call last):
  File "/home/tianjian/miniconda3/envs/alpacaeval/bin/fairseq2", line 5, in <module>
    from fairseq2.assets.cli import main
ImportError: cannot import name 'main' from 'fairseq2.assets.cli' (/home/tianjian/miniconda3/envs/alpacaeval/lib/python3.10/site-packages/fairseq2/assets/cli.py)
Traceback (most recent call last):
  File "/home/tianjian/miniconda3/envs/alpacaeval/bin/fairseq2", line 5, in <module>
    from fairseq2.assets.cli import main
ImportError: cannot import name 'main' from 'fairseq2.assets.cli' (/home/tianjian/miniconda3/envs/alpacaeval/lib/python3.10/site-packages/fairseq2/assets/cli.py)
    from fairseq2.assets.cli import main
ImportError: cannot import name 'main' from 'fairseq2.assets.cli' (/home/tianjian/miniconda3/envs/alpacaeval/lib/python3.10/site-packages/fairseq2/assets/cli.py)
    from fairseq2.assets.cli import main
ImportError: cannot import name 'main' from 'fairseq2.assets.cli' (/home/tianjian/miniconda3/envs/alpacaeval/lib/python3.10/site-packages/fairseq2/assets/cli.py)
    from fairseq2.assets.cli import main
ImportError: cannot import name 'main' from 'fairseq2.assets.cli' (/home/tianjian/miniconda3/envs/alpacaeval/lib/python3.10/site-packages/fairseq2/assets/cli.py)
    from fairseq2.assets.cli import main
ImportError: cannot import name 'main' from 'fairseq2.assets.cli' (/home/tianjian/miniconda3/envs/alpacaeval/lib/python3.10/site-packages/fairseq2/assets/cli.py)
Traceback (most recent call last):
  File "/home/tianjian/miniconda3/envs/alpacaeval/bin/fairseq2", line 5, in <module>
    from fairseq2.assets.cli import main
ImportError: cannot import name 'main' from 'fairseq2.assets.cli' (/home/tianjian/miniconda3/envs/alpacaeval/lib/python3.10/site-packages/fairseq2/assets/cli.py)
Traceback (most recent call last):
  File "/home/tianjian/miniconda3/envs/alpacaeval/bin/fairseq2", line 5, in <module>
Traceback (most recent call last):
  File "/home/tianjian/miniconda3/envs/alpacaeval/bin/fairseq2", line 5, in <module>
    from fairseq2.assets.cli import main
ImportError: cannot import name 'main' from 'fairseq2.assets.cli' (/home/tianjian/miniconda3/envs/alpacaeval/lib/python3.10/site-packages/fairseq2/assets/cli.py)
    from fairseq2.assets.cli import main
ImportError: cannot import name 'main' from 'fairseq2.assets.cli' (/home/tianjian/miniconda3/envs/alpacaeval/lib/python3.10/site-packages/fairseq2/assets/cli.py)
Traceback (most recent call last):
  File "/home/tianjian/miniconda3/envs/alpacaeval/bin/fairseq2", line 5, in <module>
Traceback (most recent call last):
  File "/home/tianjian/miniconda3/envs/alpacaeval/bin/fairseq2", line 5, in <module>
Traceback (most recent call last):
  File "/home/tianjian/miniconda3/envs/alpacaeval/bin/fairseq2", line 5, in <module>
    from fairseq2.assets.cli import main
Traceback (most recent call last):
  File "/home/tianjian/miniconda3/envs/alpacaeval/bin/fairseq2", line 5, in <module>
    from fairseq2.assets.cli import main
ImportError: cannot import name 'main' from 'fairseq2.assets.cli' (/home/tianjian/miniconda3/envs/alpacaeval/lib/python3.10/site-packages/fairseq2/assets/cli.py)
Traceback (most recent call last):
  File "/home/tianjian/miniconda3/envs/alpacaeval/bin/fairseq2", line 5, in <module>
    from fairseq2.assets.cli import main
ImportError: cannot import name 'main' from 'fairseq2.assets.cli' (/home/tianjian/miniconda3/envs/alpacaeval/lib/python3.10/site-packages/fairseq2/assets/cli.py)
    from fairseq2.assets.cli import main
ImportError: cannot import name 'main' from 'fairseq2.assets.cli' (/home/tianjian/miniconda3/envs/alpacaeval/lib/python3.10/site-packages/fairseq2/assets/cli.py)
    from fairseq2.assets.cli import main
ImportError: cannot import name 'main' from 'fairseq2.assets.cli' (/home/tianjian/miniconda3/envs/alpacaeval/lib/python3.10/site-packages/fairseq2/assets/cli.py)
ImportError: cannot import name 'main' from 'fairseq2.assets.cli' (/home/tianjian/miniconda3/envs/alpacaeval/lib/python3.10/site-packages/fairseq2/assets/cli.py)
Traceback (most recent call last):
  File "/home/tianjian/miniconda3/envs/alpacaeval/bin/fairseq2", line 5, in <module>
    from fairseq2.assets.cli import main
ImportError: cannot import name 'main' from 'fairseq2.assets.cli' (/home/tianjian/miniconda3/envs/alpacaeval/lib/python3.10/site-packages/fairseq2/assets/cli.py)
srun: error: cr1-h200-p5en48xlarge-150: tasks 0-7: Exited with exit code 1
srun: Terminating StepId=1976529.0
srun: error: cr1-h200-p5en48xlarge-818: tasks 24-31: Exited with exit code 1
srun: error: cr1-h200-p5en48xlarge-816: tasks 8-15: Exited with exit code 1
srun: error: cr1-h200-p5en48xlarge-817: tasks 16-23: Exited with exit code 1
