no change     /home/tianjian/miniconda3/condabin/conda
no change     /home/tianjian/miniconda3/bin/conda
no change     /home/tianjian/miniconda3/bin/conda-env
no change     /home/tianjian/miniconda3/bin/activate
no change     /home/tianjian/miniconda3/bin/deactivate
no change     /home/tianjian/miniconda3/etc/profile.d/conda.sh
no change     /home/tianjian/miniconda3/etc/fish/conf.d/conda.fish
no change     /home/tianjian/miniconda3/shell/condabin/Conda.psm1
no change     /home/tianjian/miniconda3/shell/condabin/conda-hook.ps1
no change     /home/tianjian/miniconda3/lib/python3.13/site-packages/xontrib/conda.xsh
no change     /home/tianjian/miniconda3/etc/profile.d/conda.csh
no change     /home/tianjian/.bashrc
No action taken.
INFO 09-22 05:39:07 [importing.py:53] Triton module has been replaced with a placeholder.
INFO 09-22 05:39:07 [importing.py:53] Triton module has been replaced with a placeholder.
INFO 09-22 05:39:07 [importing.py:53] Triton module has been replaced with a placeholder.
INFO 09-22 05:39:07 [importing.py:53] Triton module has been replaced with a placeholder.
INFO 09-22 05:39:07 [importing.py:53] Triton module has been replaced with a placeholder.
INFO 09-22 05:39:07 [importing.py:53] Triton module has been replaced with a placeholder.
INFO 09-22 05:39:07 [importing.py:53] Triton module has been replaced with a placeholder.
INFO 09-22 05:39:08 [__init__.py:239] Automatically detected platform cuda.
INFO 09-22 05:39:08 [__init__.py:239] Automatically detected platform cuda.
INFO 09-22 05:39:08 [__init__.py:239] Automatically detected platform cuda.
INFO 09-22 05:39:08 [__init__.py:239] Automatically detected platform cuda.
INFO 09-22 05:39:08 [__init__.py:239] Automatically detected platform cuda.
INFO 09-22 05:39:08 [__init__.py:239] Automatically detected platform cuda.
INFO 09-22 05:39:08 [__init__.py:239] Automatically detected platform cuda.
INFO 09-22 05:39:09 [importing.py:53] Triton module has been replaced with a placeholder.
INFO 09-22 05:39:09 [__init__.py:239] Automatically detected platform cuda.
INFO 09-22 05:39:10 [importing.py:53] Triton module has been replaced with a placeholder.
INFO 09-22 05:39:10 [importing.py:53] Triton module has been replaced with a placeholder.
INFO 09-22 05:39:10 [importing.py:53] Triton module has been replaced with a placeholder.
INFO 09-22 05:39:10 [importing.py:53] Triton module has been replaced with a placeholder.
INFO 09-22 05:39:10 [importing.py:53] Triton module has been replaced with a placeholder.
INFO 09-22 05:39:10 [importing.py:53] Triton module has been replaced with a placeholder.
INFO 09-22 05:39:10 [importing.py:53] Triton module has been replaced with a placeholder.
INFO 09-22 05:39:10 [importing.py:53] Triton module has been replaced with a placeholder.
INFO 09-22 05:39:10 [importing.py:53] Triton module has been replaced with a placeholder.
INFO 09-22 05:39:10 [importing.py:53] Triton module has been replaced with a placeholder.
INFO 09-22 05:39:10 [importing.py:53] Triton module has been replaced with a placeholder.
INFO 09-22 05:39:10 [importing.py:53] Triton module has been replaced with a placeholder.
INFO 09-22 05:39:10 [importing.py:53] Triton module has been replaced with a placeholder.
INFO 09-22 05:39:10 [importing.py:53] Triton module has been replaced with a placeholder.
INFO 09-22 05:39:10 [importing.py:53] Triton module has been replaced with a placeholder.
INFO 09-22 05:39:10 [importing.py:53] Triton module has been replaced with a placeholder.
INFO 09-22 05:39:10 [importing.py:53] Triton module has been replaced with a placeholder.
INFO 09-22 05:39:10 [importing.py:53] Triton module has been replaced with a placeholder.
INFO 09-22 05:39:10 [importing.py:53] Triton module has been replaced with a placeholder.
INFO 09-22 05:39:10 [importing.py:53] Triton module has been replaced with a placeholder.
INFO 09-22 05:39:10 [importing.py:53] Triton module has been replaced with a placeholder.
INFO 09-22 05:39:10 [importing.py:53] Triton module has been replaced with a placeholder.
INFO 09-22 05:39:10 [importing.py:53] Triton module has been replaced with a placeholder.
INFO 09-22 05:39:10 [importing.py:53] Triton module has been replaced with a placeholder.
INFO 09-22 05:39:11 [__init__.py:239] Automatically detected platform cuda.
INFO 09-22 05:39:12 [__init__.py:239] Automatically detected platform cuda.
INFO 09-22 05:39:12 [__init__.py:239] Automatically detected platform cuda.
INFO 09-22 05:39:12 [__init__.py:239] Automatically detected platform cuda.
INFO 09-22 05:39:12 [__init__.py:239] Automatically detected platform cuda.
INFO 09-22 05:39:12 [__init__.py:239] Automatically detected platform cuda.
INFO 09-22 05:39:12 [__init__.py:239] Automatically detected platform cuda.
INFO 09-22 05:39:12 [__init__.py:239] Automatically detected platform cuda.
INFO 09-22 05:39:12 [__init__.py:239] Automatically detected platform cuda.
INFO 09-22 05:39:12 [__init__.py:239] Automatically detected platform cuda.
INFO 09-22 05:39:12 [__init__.py:239] Automatically detected platform cuda.
INFO 09-22 05:39:12 [__init__.py:239] Automatically detected platform cuda.
INFO 09-22 05:39:12 [__init__.py:239] Automatically detected platform cuda.
INFO 09-22 05:39:12 [__init__.py:239] Automatically detected platform cuda.
INFO 09-22 05:39:12 [__init__.py:239] Automatically detected platform cuda.
INFO 09-22 05:39:12 [__init__.py:239] Automatically detected platform cuda.
INFO 09-22 05:39:12 [__init__.py:239] Automatically detected platform cuda.
INFO 09-22 05:39:12 [__init__.py:239] Automatically detected platform cuda.
INFO 09-22 05:39:12 [__init__.py:239] Automatically detected platform cuda.
INFO 09-22 05:39:12 [__init__.py:239] Automatically detected platform cuda.
INFO 09-22 05:39:12 [__init__.py:239] Automatically detected platform cuda.
INFO 09-22 05:39:12 [__init__.py:239] Automatically detected platform cuda.
INFO 09-22 05:39:12 [__init__.py:239] Automatically detected platform cuda.
INFO 09-22 05:39:12 [__init__.py:239] Automatically detected platform cuda.
