/home/tianjian/.zshrc: line 1: setopt: command not found
/home/tianjian/.zshrc: line 5: bindkey: command not found
/home/tianjian/.zshrc: line 13: autoload: command not found
/home/tianjian/.zshrc: line 14: compinit: command not found
/home/tianjian/.zshrc: line 16: zstyle: command not found
/home/tianjian/.zshrc: line 17: zstyle: command not found
/home/tianjian/.zshrc: line 18: zstyle: command not found
/home/tianjian/.zshrc: line 19: zstyle: command not found
/home/tianjian/.zshrc: line 20: zstyle: command not found
/home/tianjian/.zshrc: line 22: ${(s.:.)LS_COLORS}: bad substitution
/home/tianjian/.zshrc: line 23: zstyle: command not found
/home/tianjian/.zshrc: line 24: zstyle: command not found
/home/tianjian/.zshrc: line 25: zstyle: command not found
/home/tianjian/.zshrc: line 26: zstyle: command not found
/home/tianjian/.zshrc: line 27: zstyle: command not found
/home/tianjian/.zshrc: line 28: zstyle: command not found
/home/tianjian/.zshrc: line 29: zstyle: command not found
/home/tianjian/.zshrc: line 31: zstyle: command not found
/home/tianjian/.zshrc: line 32: zstyle: command not found
/home/tianjian/.zshrc: line 34: setopt: command not found
/home/tianjian/.zshrc: line 35: setopt: command not found
/home/tianjian/.zshrc: line 36: setopt: command not found
Traceback (most recent call last):
  File "/home/tianjian/miniconda3/envs/alpacaeval/bin/fairseq2", line 5, in <module>
    from fairseq2.recipe.cli import main
  File "/home/tianjian/miniconda3/envs/alpacaeval/lib/python3.10/site-packages/fairseq2/recipe/__init__.py", line 9, in <module>
Traceback (most recent call last):
  File "/home/tianjian/miniconda3/envs/alpacaeval/bin/fairseq2", line 5, in <module>
Traceback (most recent call last):
  File "/home/tianjian/miniconda3/envs/alpacaeval/bin/fairseq2", line 5, in <module>
Traceback (most recent call last):
  File "/home/tianjian/miniconda3/envs/alpacaeval/bin/fairseq2", line 5, in <module>
Traceback (most recent call last):
  File "/home/tianjian/miniconda3/envs/alpacaeval/bin/fairseq2", line 5, in <module>
Traceback (most recent call last):
  File "/home/tianjian/miniconda3/envs/alpacaeval/bin/fairseq2", line 5, in <module>
    from fairseq2.recipe.cli import main
  File "/home/tianjian/miniconda3/envs/alpacaeval/lib/python3.10/site-packages/fairseq2/recipe/__init__.py", line 9, in <module>
    from fairseq2.recipe.cli import main
  File "/home/tianjian/miniconda3/envs/alpacaeval/lib/python3.10/site-packages/fairseq2/recipe/__init__.py", line 9, in <module>
    from fairseq2.recipe.cli import main
  File "/home/tianjian/miniconda3/envs/alpacaeval/lib/python3.10/site-packages/fairseq2/recipe/__init__.py", line 9, in <module>
    from fairseq2.recipe.cli import main
  File "/home/tianjian/miniconda3/envs/alpacaeval/lib/python3.10/site-packages/fairseq2/recipe/__init__.py", line 9, in <module>
    from fairseq2.recipe.base import EvalRecipe as EvalRecipe
  File "/home/tianjian/miniconda3/envs/alpacaeval/lib/python3.10/site-packages/fairseq2/recipe/base.py", line 22, in <module>
    from fairseq2.recipe.cli import main
  File "/home/tianjian/miniconda3/envs/alpacaeval/lib/python3.10/site-packages/fairseq2/recipe/__init__.py", line 9, in <module>
    from fairseq2.recipe.base import EvalRecipe as EvalRecipe
  File "/home/tianjian/miniconda3/envs/alpacaeval/lib/python3.10/site-packages/fairseq2/recipe/base.py", line 22, in <module>
    from fairseq2.recipe.base import EvalRecipe as EvalRecipe
  File "/home/tianjian/miniconda3/envs/alpacaeval/lib/python3.10/site-packages/fairseq2/recipe/base.py", line 22, in <module>
Traceback (most recent call last):
  File "/home/tianjian/miniconda3/envs/alpacaeval/bin/fairseq2", line 5, in <module>
    from fairseq2.recipe.cli import main
  File "/home/tianjian/miniconda3/envs/alpacaeval/lib/python3.10/site-packages/fairseq2/recipe/__init__.py", line 9, in <module>
    from fairseq2.recipe.evaluator import Evaluator, EvalUnit
  File "/home/tianjian/miniconda3/envs/alpacaeval/lib/python3.10/site-packages/fairseq2/recipe/evaluator.py", line 24, in <module>
    from fairseq2.recipe.evaluator import Evaluator, EvalUnit
  File "/home/tianjian/miniconda3/envs/alpacaeval/lib/python3.10/site-packages/fairseq2/recipe/evaluator.py", line 24, in <module>
    from fairseq2.recipe.base import EvalRecipe as EvalRecipe
  File "/home/tianjian/miniconda3/envs/alpacaeval/lib/python3.10/site-packages/fairseq2/recipe/base.py", line 22, in <module>
    from fairseq2.recipe.evaluator import Evaluator, EvalUnit
  File "/home/tianjian/miniconda3/envs/alpacaeval/lib/python3.10/site-packages/fairseq2/recipe/evaluator.py", line 24, in <module>
    from fairseq2.recipe.base import EvalRecipe as EvalRecipe
  File "/home/tianjian/miniconda3/envs/alpacaeval/lib/python3.10/site-packages/fairseq2/recipe/base.py", line 22, in <module>
    from fairseq2.metrics import MetricBag, sync_and_compute_metrics
  File "/home/tianjian/miniconda3/envs/alpacaeval/lib/python3.10/site-packages/fairseq2/metrics/__init__.py", line 9, in <module>
    from fairseq2.recipe.evaluator import Evaluator, EvalUnit
  File "/home/tianjian/miniconda3/envs/alpacaeval/lib/python3.10/site-packages/fairseq2/recipe/evaluator.py", line 24, in <module>
    from fairseq2.recipe.evaluator import Evaluator, EvalUnit
  File "/home/tianjian/miniconda3/envs/alpacaeval/lib/python3.10/site-packages/fairseq2/recipe/evaluator.py", line 24, in <module>
    from fairseq2.recipe.base import EvalRecipe as EvalRecipe
  File "/home/tianjian/miniconda3/envs/alpacaeval/lib/python3.10/site-packages/fairseq2/recipe/base.py", line 22, in <module>
    from fairseq2.metrics import MetricBag, sync_and_compute_metrics
    from fairseq2.metrics import MetricBag, sync_and_compute_metrics
  File "/home/tianjian/miniconda3/envs/alpacaeval/lib/python3.10/site-packages/fairseq2/metrics/__init__.py", line 9, in <module>
  File "/home/tianjian/miniconda3/envs/alpacaeval/lib/python3.10/site-packages/fairseq2/metrics/__init__.py", line 9, in <module>
    from fairseq2.recipe.evaluator import Evaluator, EvalUnit
  File "/home/tianjian/miniconda3/envs/alpacaeval/lib/python3.10/site-packages/fairseq2/recipe/evaluator.py", line 24, in <module>
    from fairseq2.recipe.base import EvalRecipe as EvalRecipe
  File "/home/tianjian/miniconda3/envs/alpacaeval/lib/python3.10/site-packages/fairseq2/recipe/base.py", line 22, in <module>
    from fairseq2.recipe.evaluator import Evaluator, EvalUnit
  File "/home/tianjian/miniconda3/envs/alpacaeval/lib/python3.10/site-packages/fairseq2/recipe/evaluator.py", line 24, in <module>
    from fairseq2.metrics import MetricBag, sync_and_compute_metrics
  File "/home/tianjian/miniconda3/envs/alpacaeval/lib/python3.10/site-packages/fairseq2/metrics/__init__.py", line 9, in <module>
    from fairseq2.metrics.aggregation import Max as Max
  File "/home/tianjian/miniconda3/envs/alpacaeval/lib/python3.10/site-packages/fairseq2/metrics/aggregation.py", line 10, in <module>
    from fairseq2.metrics.aggregation import Max as Max
  File "/home/tianjian/miniconda3/envs/alpacaeval/lib/python3.10/site-packages/fairseq2/metrics/aggregation.py", line 10, in <module>
    from fairseq2.metrics import MetricBag, sync_and_compute_metrics
  File "/home/tianjian/miniconda3/envs/alpacaeval/lib/python3.10/site-packages/fairseq2/metrics/__init__.py", line 9, in <module>
    from fairseq2.metrics import MetricBag, sync_and_compute_metrics
  File "/home/tianjian/miniconda3/envs/alpacaeval/lib/python3.10/site-packages/fairseq2/metrics/__init__.py", line 9, in <module>
    from fairseq2.metrics import MetricBag, sync_and_compute_metrics
  File "/home/tianjian/miniconda3/envs/alpacaeval/lib/python3.10/site-packages/fairseq2/metrics/__init__.py", line 9, in <module>
    from fairseq2.metrics.aggregation import Max as Max
  File "/home/tianjian/miniconda3/envs/alpacaeval/lib/python3.10/site-packages/fairseq2/metrics/aggregation.py", line 10, in <module>
    from fairseq2.metrics.aggregation import Max as Max
  File "/home/tianjian/miniconda3/envs/alpacaeval/lib/python3.10/site-packages/fairseq2/metrics/aggregation.py", line 10, in <module>
    from fairseq2.metrics.aggregation import Max as Max
  File "/home/tianjian/miniconda3/envs/alpacaeval/lib/python3.10/site-packages/fairseq2/metrics/aggregation.py", line 10, in <module>
    from torcheval.metrics import Max as MaxBase
  File "/home/tianjian/miniconda3/envs/alpacaeval/lib/python3.10/site-packages/torcheval/metrics/__init__.py", line 44, in <module>
    from fairseq2.metrics.aggregation import Max as Max
  File "/home/tianjian/miniconda3/envs/alpacaeval/lib/python3.10/site-packages/fairseq2/metrics/aggregation.py", line 10, in <module>
    from fairseq2.metrics.aggregation import Max as Max
  File "/home/tianjian/miniconda3/envs/alpacaeval/lib/python3.10/site-packages/fairseq2/metrics/aggregation.py", line 10, in <module>
    from torcheval.metrics import Max as MaxBase
  File "/home/tianjian/miniconda3/envs/alpacaeval/lib/python3.10/site-packages/torcheval/metrics/__init__.py", line 44, in <module>
    from torcheval.metrics import Max as MaxBase
  File "/home/tianjian/miniconda3/envs/alpacaeval/lib/python3.10/site-packages/torcheval/metrics/__init__.py", line 44, in <module>
    from torcheval.metrics.image import FrechetInceptionDistance, PeakSignalNoiseRatio
  File "/home/tianjian/miniconda3/envs/alpacaeval/lib/python3.10/site-packages/torcheval/metrics/image/__init__.py", line 7, in <module>
    from torcheval.metrics import Max as MaxBase
  File "/home/tianjian/miniconda3/envs/alpacaeval/lib/python3.10/site-packages/torcheval/metrics/__init__.py", line 44, in <module>
    from torcheval.metrics import Max as MaxBase
  File "/home/tianjian/miniconda3/envs/alpacaeval/lib/python3.10/site-packages/torcheval/metrics/__init__.py", line 44, in <module>
    from torcheval.metrics.image import FrechetInceptionDistance, PeakSignalNoiseRatio
  File "/home/tianjian/miniconda3/envs/alpacaeval/lib/python3.10/site-packages/torcheval/metrics/image/__init__.py", line 7, in <module>
    from torcheval.metrics import Max as MaxBase
  File "/home/tianjian/miniconda3/envs/alpacaeval/lib/python3.10/site-packages/torcheval/metrics/__init__.py", line 44, in <module>
    from torcheval.metrics.image import FrechetInceptionDistance, PeakSignalNoiseRatio
  File "/home/tianjian/miniconda3/envs/alpacaeval/lib/python3.10/site-packages/torcheval/metrics/image/__init__.py", line 7, in <module>
    from torcheval.metrics.image import FrechetInceptionDistance, PeakSignalNoiseRatio
  File "/home/tianjian/miniconda3/envs/alpacaeval/lib/python3.10/site-packages/torcheval/metrics/image/__init__.py", line 7, in <module>
    from torcheval.metrics.image.fid import FrechetInceptionDistance
  File "/home/tianjian/miniconda3/envs/alpacaeval/lib/python3.10/site-packages/torcheval/metrics/image/fid.py", line 17, in <module>
    from torcheval.metrics import Max as MaxBase
  File "/home/tianjian/miniconda3/envs/alpacaeval/lib/python3.10/site-packages/torcheval/metrics/__init__.py", line 44, in <module>
    from torcheval.metrics.image.fid import FrechetInceptionDistance
  File "/home/tianjian/miniconda3/envs/alpacaeval/lib/python3.10/site-packages/torcheval/metrics/image/fid.py", line 17, in <module>
    from torcheval.metrics.image.fid import FrechetInceptionDistance
  File "/home/tianjian/miniconda3/envs/alpacaeval/lib/python3.10/site-packages/torcheval/metrics/image/fid.py", line 17, in <module>
    from torcheval.metrics.image import FrechetInceptionDistance, PeakSignalNoiseRatio
  File "/home/tianjian/miniconda3/envs/alpacaeval/lib/python3.10/site-packages/torcheval/metrics/image/__init__.py", line 7, in <module>
    from torcheval.metrics.image import FrechetInceptionDistance, PeakSignalNoiseRatio
  File "/home/tianjian/miniconda3/envs/alpacaeval/lib/python3.10/site-packages/torcheval/metrics/image/__init__.py", line 7, in <module>
    from torcheval.metrics.image.fid import FrechetInceptionDistance
  File "/home/tianjian/miniconda3/envs/alpacaeval/lib/python3.10/site-packages/torcheval/metrics/image/fid.py", line 17, in <module>
    from torcheval.metrics.image import FrechetInceptionDistance, PeakSignalNoiseRatio
  File "/home/tianjian/miniconda3/envs/alpacaeval/lib/python3.10/site-packages/torcheval/metrics/image/__init__.py", line 7, in <module>
    from torcheval.metrics.image.fid import FrechetInceptionDistance
  File "/home/tianjian/miniconda3/envs/alpacaeval/lib/python3.10/site-packages/torcheval/metrics/image/fid.py", line 17, in <module>
    from torchvision import models
  File "/home/tianjian/miniconda3/envs/alpacaeval/lib/python3.10/site-packages/torchvision/__init__.py", line 10, in <module>
    from torchvision import models
  File "/home/tianjian/miniconda3/envs/alpacaeval/lib/python3.10/site-packages/torchvision/__init__.py", line 10, in <module>
    from torchvision import models
  File "/home/tianjian/miniconda3/envs/alpacaeval/lib/python3.10/site-packages/torchvision/__init__.py", line 10, in <module>
    from torcheval.metrics.image.fid import FrechetInceptionDistance
  File "/home/tianjian/miniconda3/envs/alpacaeval/lib/python3.10/site-packages/torcheval/metrics/image/fid.py", line 17, in <module>
    from torcheval.metrics.image.fid import FrechetInceptionDistance
  File "/home/tianjian/miniconda3/envs/alpacaeval/lib/python3.10/site-packages/torcheval/metrics/image/fid.py", line 17, in <module>
    from torchvision import models
  File "/home/tianjian/miniconda3/envs/alpacaeval/lib/python3.10/site-packages/torchvision/__init__.py", line 10, in <module>
    from torchvision import models
  File "/home/tianjian/miniconda3/envs/alpacaeval/lib/python3.10/site-packages/torchvision/__init__.py", line 10, in <module>
    from torchvision import _meta_registrations, datasets, io, models, ops, transforms, utils  # usort:skip
  File "/home/tianjian/miniconda3/envs/alpacaeval/lib/python3.10/site-packages/torchvision/_meta_registrations.py", line 164, in <module>
    from torchvision import _meta_registrations, datasets, io, models, ops, transforms, utils  # usort:skip
  File "/home/tianjian/miniconda3/envs/alpacaeval/lib/python3.10/site-packages/torchvision/_meta_registrations.py", line 164, in <module>
    from torchvision import models
  File "/home/tianjian/miniconda3/envs/alpacaeval/lib/python3.10/site-packages/torchvision/__init__.py", line 10, in <module>
    def meta_nms(dets, scores, iou_threshold):
  File "/home/tianjian/miniconda3/envs/alpacaeval/lib/python3.10/site-packages/torch/library.py", line 1069, in register
    def meta_nms(dets, scores, iou_threshold):
  File "/home/tianjian/miniconda3/envs/alpacaeval/lib/python3.10/site-packages/torch/library.py", line 1069, in register
    from torchvision import models
  File "/home/tianjian/miniconda3/envs/alpacaeval/lib/python3.10/site-packages/torchvision/__init__.py", line 10, in <module>
    use_lib._register_fake(
  File "/home/tianjian/miniconda3/envs/alpacaeval/lib/python3.10/site-packages/torch/library.py", line 219, in _register_fake
    from torchvision import _meta_registrations, datasets, io, models, ops, transforms, utils  # usort:skip
  File "/home/tianjian/miniconda3/envs/alpacaeval/lib/python3.10/site-packages/torchvision/_meta_registrations.py", line 164, in <module>
    use_lib._register_fake(
  File "/home/tianjian/miniconda3/envs/alpacaeval/lib/python3.10/site-packages/torch/library.py", line 219, in _register_fake
    handle = entry.fake_impl.register(
  File "/home/tianjian/miniconda3/envs/alpacaeval/lib/python3.10/site-packages/torch/_library/fake_impl.py", line 50, in register
    def meta_nms(dets, scores, iou_threshold):
  File "/home/tianjian/miniconda3/envs/alpacaeval/lib/python3.10/site-packages/torch/library.py", line 1069, in register
    handle = entry.fake_impl.register(
  File "/home/tianjian/miniconda3/envs/alpacaeval/lib/python3.10/site-packages/torch/_library/fake_impl.py", line 50, in register
    from torchvision import _meta_registrations, datasets, io, models, ops, transforms, utils  # usort:skip
  File "/home/tianjian/miniconda3/envs/alpacaeval/lib/python3.10/site-packages/torchvision/_meta_registrations.py", line 164, in <module>
    use_lib._register_fake(
  File "/home/tianjian/miniconda3/envs/alpacaeval/lib/python3.10/site-packages/torch/library.py", line 219, in _register_fake
    from torchvision import _meta_registrations, datasets, io, models, ops, transforms, utils  # usort:skip
  File "/home/tianjian/miniconda3/envs/alpacaeval/lib/python3.10/site-packages/torchvision/_meta_registrations.py", line 164, in <module>
    def meta_nms(dets, scores, iou_threshold):
  File "/home/tianjian/miniconda3/envs/alpacaeval/lib/python3.10/site-packages/torch/library.py", line 1069, in register
    handle = entry.fake_impl.register(
    from torchvision import _meta_registrations, datasets, io, models, ops, transforms, utils  # usort:skip
  File "/home/tianjian/miniconda3/envs/alpacaeval/lib/python3.10/site-packages/torchvision/_meta_registrations.py", line 164, in <module>
  File "/home/tianjian/miniconda3/envs/alpacaeval/lib/python3.10/site-packages/torch/_library/fake_impl.py", line 50, in register
    if torch._C._dispatch_has_kernel_for_dispatch_key(self.qualname, "Meta"):
RuntimeError: operator torchvision::nms does not exist
    from torchvision import _meta_registrations, datasets, io, models, ops, transforms, utils  # usort:skip
  File "/home/tianjian/miniconda3/envs/alpacaeval/lib/python3.10/site-packages/torchvision/_meta_registrations.py", line 164, in <module>
    if torch._C._dispatch_has_kernel_for_dispatch_key(self.qualname, "Meta"):
    def meta_nms(dets, scores, iou_threshold):
  File "/home/tianjian/miniconda3/envs/alpacaeval/lib/python3.10/site-packages/torch/library.py", line 1069, in register
    def meta_nms(dets, scores, iou_threshold):
  File "/home/tianjian/miniconda3/envs/alpacaeval/lib/python3.10/site-packages/torch/library.py", line 1069, in register
RuntimeError: operator torchvision::nms does not exist
    def meta_nms(dets, scores, iou_threshold):
  File "/home/tianjian/miniconda3/envs/alpacaeval/lib/python3.10/site-packages/torch/library.py", line 1069, in register
    use_lib._register_fake(
  File "/home/tianjian/miniconda3/envs/alpacaeval/lib/python3.10/site-packages/torch/library.py", line 219, in _register_fake
    handle = entry.fake_impl.register(
  File "/home/tianjian/miniconda3/envs/alpacaeval/lib/python3.10/site-packages/torch/_library/fake_impl.py", line 50, in register
    use_lib._register_fake(
  File "/home/tianjian/miniconda3/envs/alpacaeval/lib/python3.10/site-packages/torch/library.py", line 219, in _register_fake
    use_lib._register_fake(
  File "/home/tianjian/miniconda3/envs/alpacaeval/lib/python3.10/site-packages/torch/library.py", line 219, in _register_fake
    use_lib._register_fake(
  File "/home/tianjian/miniconda3/envs/alpacaeval/lib/python3.10/site-packages/torch/library.py", line 219, in _register_fake
    if torch._C._dispatch_has_kernel_for_dispatch_key(self.qualname, "Meta"):
    handle = entry.fake_impl.register(
  File "/home/tianjian/miniconda3/envs/alpacaeval/lib/python3.10/site-packages/torch/_library/fake_impl.py", line 50, in register
    handle = entry.fake_impl.register(
  File "/home/tianjian/miniconda3/envs/alpacaeval/lib/python3.10/site-packages/torch/_library/fake_impl.py", line 50, in register
RuntimeError: operator torchvision::nms does not exist
    if torch._C._dispatch_has_kernel_for_dispatch_key(self.qualname, "Meta"):
RuntimeError: operator torchvision::nms does not exist
    handle = entry.fake_impl.register(
  File "/home/tianjian/miniconda3/envs/alpacaeval/lib/python3.10/site-packages/torch/_library/fake_impl.py", line 50, in register
    if torch._C._dispatch_has_kernel_for_dispatch_key(self.qualname, "Meta"):
RuntimeError: operator torchvision::nms does not exist
    if torch._C._dispatch_has_kernel_for_dispatch_key(self.qualname, "Meta"):
RuntimeError: operator torchvision::nms does not exist
    if torch._C._dispatch_has_kernel_for_dispatch_key(self.qualname, "Meta"):
RuntimeError: operator torchvision::nms does not exist
Traceback (most recent call last):
  File "/home/tianjian/miniconda3/envs/alpacaeval/bin/fairseq2", line 5, in <module>
    from fairseq2.recipe.cli import main
  File "/home/tianjian/miniconda3/envs/alpacaeval/lib/python3.10/site-packages/fairseq2/recipe/__init__.py", line 9, in <module>
    from fairseq2.recipe.base import EvalRecipe as EvalRecipe
  File "/home/tianjian/miniconda3/envs/alpacaeval/lib/python3.10/site-packages/fairseq2/recipe/base.py", line 22, in <module>
    from fairseq2.recipe.evaluator import Evaluator, EvalUnit
  File "/home/tianjian/miniconda3/envs/alpacaeval/lib/python3.10/site-packages/fairseq2/recipe/evaluator.py", line 24, in <module>
    from fairseq2.metrics import MetricBag, sync_and_compute_metrics
  File "/home/tianjian/miniconda3/envs/alpacaeval/lib/python3.10/site-packages/fairseq2/metrics/__init__.py", line 9, in <module>
    from fairseq2.metrics.aggregation import Max as Max
  File "/home/tianjian/miniconda3/envs/alpacaeval/lib/python3.10/site-packages/fairseq2/metrics/aggregation.py", line 10, in <module>
    from torcheval.metrics import Max as MaxBase
  File "/home/tianjian/miniconda3/envs/alpacaeval/lib/python3.10/site-packages/torcheval/metrics/__init__.py", line 44, in <module>
    from torcheval.metrics.image import FrechetInceptionDistance, PeakSignalNoiseRatio
  File "/home/tianjian/miniconda3/envs/alpacaeval/lib/python3.10/site-packages/torcheval/metrics/image/__init__.py", line 7, in <module>
    from torcheval.metrics.image.fid import FrechetInceptionDistance
  File "/home/tianjian/miniconda3/envs/alpacaeval/lib/python3.10/site-packages/torcheval/metrics/image/fid.py", line 17, in <module>
    from torchvision import models
  File "/home/tianjian/miniconda3/envs/alpacaeval/lib/python3.10/site-packages/torchvision/__init__.py", line 10, in <module>
    from torchvision import _meta_registrations, datasets, io, models, ops, transforms, utils  # usort:skip
  File "/home/tianjian/miniconda3/envs/alpacaeval/lib/python3.10/site-packages/torchvision/_meta_registrations.py", line 164, in <module>
    def meta_nms(dets, scores, iou_threshold):
  File "/home/tianjian/miniconda3/envs/alpacaeval/lib/python3.10/site-packages/torch/library.py", line 1069, in register
    use_lib._register_fake(
  File "/home/tianjian/miniconda3/envs/alpacaeval/lib/python3.10/site-packages/torch/library.py", line 219, in _register_fake
    handle = entry.fake_impl.register(
  File "/home/tianjian/miniconda3/envs/alpacaeval/lib/python3.10/site-packages/torch/_library/fake_impl.py", line 50, in register
    if torch._C._dispatch_has_kernel_for_dispatch_key(self.qualname, "Meta"):
RuntimeError: operator torchvision::nms does not exist
Traceback (most recent call last):
  File "/home/tianjian/miniconda3/envs/alpacaeval/bin/fairseq2", line 5, in <module>
Traceback (most recent call last):
  File "/home/tianjian/miniconda3/envs/alpacaeval/bin/fairseq2", line 5, in <module>
Traceback (most recent call last):
  File "/home/tianjian/miniconda3/envs/alpacaeval/bin/fairseq2", line 5, in <module>
    from fairseq2.recipe.cli import main
  File "/home/tianjian/miniconda3/envs/alpacaeval/lib/python3.10/site-packages/fairseq2/recipe/__init__.py", line 9, in <module>
    from fairseq2.recipe.cli import main
  File "/home/tianjian/miniconda3/envs/alpacaeval/lib/python3.10/site-packages/fairseq2/recipe/__init__.py", line 9, in <module>
Traceback (most recent call last):
  File "/home/tianjian/miniconda3/envs/alpacaeval/bin/fairseq2", line 5, in <module>
Traceback (most recent call last):
  File "/home/tianjian/miniconda3/envs/alpacaeval/bin/fairseq2", line 5, in <module>
    from fairseq2.recipe.cli import main
  File "/home/tianjian/miniconda3/envs/alpacaeval/lib/python3.10/site-packages/fairseq2/recipe/__init__.py", line 9, in <module>
Traceback (most recent call last):
  File "/home/tianjian/miniconda3/envs/alpacaeval/bin/fairseq2", line 5, in <module>
Traceback (most recent call last):
  File "/home/tianjian/miniconda3/envs/alpacaeval/bin/fairseq2", line 5, in <module>
    from fairseq2.recipe.cli import main
  File "/home/tianjian/miniconda3/envs/alpacaeval/lib/python3.10/site-packages/fairseq2/recipe/__init__.py", line 9, in <module>
    from fairseq2.recipe.cli import main
  File "/home/tianjian/miniconda3/envs/alpacaeval/lib/python3.10/site-packages/fairseq2/recipe/__init__.py", line 9, in <module>
    from fairseq2.recipe.cli import main
  File "/home/tianjian/miniconda3/envs/alpacaeval/lib/python3.10/site-packages/fairseq2/recipe/__init__.py", line 9, in <module>
    from fairseq2.recipe.cli import main
  File "/home/tianjian/miniconda3/envs/alpacaeval/lib/python3.10/site-packages/fairseq2/recipe/__init__.py", line 9, in <module>
    from fairseq2.recipe.base import EvalRecipe as EvalRecipe
  File "/home/tianjian/miniconda3/envs/alpacaeval/lib/python3.10/site-packages/fairseq2/recipe/base.py", line 22, in <module>
    from fairseq2.recipe.base import EvalRecipe as EvalRecipe
  File "/home/tianjian/miniconda3/envs/alpacaeval/lib/python3.10/site-packages/fairseq2/recipe/base.py", line 22, in <module>
    from fairseq2.recipe.base import EvalRecipe as EvalRecipe
  File "/home/tianjian/miniconda3/envs/alpacaeval/lib/python3.10/site-packages/fairseq2/recipe/base.py", line 22, in <module>
    from fairseq2.recipe.base import EvalRecipe as EvalRecipe
  File "/home/tianjian/miniconda3/envs/alpacaeval/lib/python3.10/site-packages/fairseq2/recipe/base.py", line 22, in <module>
    from fairseq2.recipe.base import EvalRecipe as EvalRecipe
  File "/home/tianjian/miniconda3/envs/alpacaeval/lib/python3.10/site-packages/fairseq2/recipe/base.py", line 22, in <module>
    from fairseq2.recipe.base import EvalRecipe as EvalRecipe
  File "/home/tianjian/miniconda3/envs/alpacaeval/lib/python3.10/site-packages/fairseq2/recipe/base.py", line 22, in <module>
    from fairseq2.recipe.base import EvalRecipe as EvalRecipe
  File "/home/tianjian/miniconda3/envs/alpacaeval/lib/python3.10/site-packages/fairseq2/recipe/base.py", line 22, in <module>
    from fairseq2.recipe.evaluator import Evaluator, EvalUnit
  File "/home/tianjian/miniconda3/envs/alpacaeval/lib/python3.10/site-packages/fairseq2/recipe/evaluator.py", line 24, in <module>
    from fairseq2.recipe.evaluator import Evaluator, EvalUnit
  File "/home/tianjian/miniconda3/envs/alpacaeval/lib/python3.10/site-packages/fairseq2/recipe/evaluator.py", line 24, in <module>
    from fairseq2.recipe.evaluator import Evaluator, EvalUnit
  File "/home/tianjian/miniconda3/envs/alpacaeval/lib/python3.10/site-packages/fairseq2/recipe/evaluator.py", line 24, in <module>
    from fairseq2.recipe.evaluator import Evaluator, EvalUnit
  File "/home/tianjian/miniconda3/envs/alpacaeval/lib/python3.10/site-packages/fairseq2/recipe/evaluator.py", line 24, in <module>
    from fairseq2.recipe.evaluator import Evaluator, EvalUnit
  File "/home/tianjian/miniconda3/envs/alpacaeval/lib/python3.10/site-packages/fairseq2/recipe/evaluator.py", line 24, in <module>
    from fairseq2.metrics import MetricBag, sync_and_compute_metrics
  File "/home/tianjian/miniconda3/envs/alpacaeval/lib/python3.10/site-packages/fairseq2/metrics/__init__.py", line 9, in <module>
    from fairseq2.metrics import MetricBag, sync_and_compute_metrics
  File "/home/tianjian/miniconda3/envs/alpacaeval/lib/python3.10/site-packages/fairseq2/metrics/__init__.py", line 9, in <module>
    from fairseq2.metrics import MetricBag, sync_and_compute_metrics
  File "/home/tianjian/miniconda3/envs/alpacaeval/lib/python3.10/site-packages/fairseq2/metrics/__init__.py", line 9, in <module>
    from fairseq2.recipe.evaluator import Evaluator, EvalUnit
  File "/home/tianjian/miniconda3/envs/alpacaeval/lib/python3.10/site-packages/fairseq2/recipe/evaluator.py", line 24, in <module>
    from fairseq2.recipe.evaluator import Evaluator, EvalUnit
  File "/home/tianjian/miniconda3/envs/alpacaeval/lib/python3.10/site-packages/fairseq2/recipe/evaluator.py", line 24, in <module>
    from fairseq2.metrics import MetricBag, sync_and_compute_metrics
  File "/home/tianjian/miniconda3/envs/alpacaeval/lib/python3.10/site-packages/fairseq2/metrics/__init__.py", line 9, in <module>
    from fairseq2.metrics.aggregation import Max as Max
  File "/home/tianjian/miniconda3/envs/alpacaeval/lib/python3.10/site-packages/fairseq2/metrics/aggregation.py", line 10, in <module>
    from fairseq2.metrics.aggregation import Max as Max
  File "/home/tianjian/miniconda3/envs/alpacaeval/lib/python3.10/site-packages/fairseq2/metrics/aggregation.py", line 10, in <module>
    from fairseq2.metrics.aggregation import Max as Max
  File "/home/tianjian/miniconda3/envs/alpacaeval/lib/python3.10/site-packages/fairseq2/metrics/aggregation.py", line 10, in <module>
    from fairseq2.metrics import MetricBag, sync_and_compute_metrics
  File "/home/tianjian/miniconda3/envs/alpacaeval/lib/python3.10/site-packages/fairseq2/metrics/__init__.py", line 9, in <module>
    from fairseq2.metrics import MetricBag, sync_and_compute_metrics
  File "/home/tianjian/miniconda3/envs/alpacaeval/lib/python3.10/site-packages/fairseq2/metrics/__init__.py", line 9, in <module>
    from fairseq2.metrics import MetricBag, sync_and_compute_metrics
  File "/home/tianjian/miniconda3/envs/alpacaeval/lib/python3.10/site-packages/fairseq2/metrics/__init__.py", line 9, in <module>
    from fairseq2.metrics.aggregation import Max as Max
  File "/home/tianjian/miniconda3/envs/alpacaeval/lib/python3.10/site-packages/fairseq2/metrics/aggregation.py", line 10, in <module>
    from torcheval.metrics import Max as MaxBase
  File "/home/tianjian/miniconda3/envs/alpacaeval/lib/python3.10/site-packages/torcheval/metrics/__init__.py", line 44, in <module>
    from fairseq2.metrics.aggregation import Max as Max
  File "/home/tianjian/miniconda3/envs/alpacaeval/lib/python3.10/site-packages/fairseq2/metrics/aggregation.py", line 10, in <module>
    from fairseq2.metrics.aggregation import Max as Max
  File "/home/tianjian/miniconda3/envs/alpacaeval/lib/python3.10/site-packages/fairseq2/metrics/aggregation.py", line 10, in <module>
    from fairseq2.metrics.aggregation import Max as Max
  File "/home/tianjian/miniconda3/envs/alpacaeval/lib/python3.10/site-packages/fairseq2/metrics/aggregation.py", line 10, in <module>
    from torcheval.metrics import Max as MaxBase
  File "/home/tianjian/miniconda3/envs/alpacaeval/lib/python3.10/site-packages/torcheval/metrics/__init__.py", line 44, in <module>
    from torcheval.metrics import Max as MaxBase
  File "/home/tianjian/miniconda3/envs/alpacaeval/lib/python3.10/site-packages/torcheval/metrics/__init__.py", line 44, in <module>
    from torcheval.metrics import Max as MaxBase
  File "/home/tianjian/miniconda3/envs/alpacaeval/lib/python3.10/site-packages/torcheval/metrics/__init__.py", line 44, in <module>
    from torcheval.metrics import Max as MaxBase
  File "/home/tianjian/miniconda3/envs/alpacaeval/lib/python3.10/site-packages/torcheval/metrics/__init__.py", line 44, in <module>
    from torcheval.metrics import Max as MaxBase
  File "/home/tianjian/miniconda3/envs/alpacaeval/lib/python3.10/site-packages/torcheval/metrics/__init__.py", line 44, in <module>
    from torcheval.metrics.image import FrechetInceptionDistance, PeakSignalNoiseRatio
  File "/home/tianjian/miniconda3/envs/alpacaeval/lib/python3.10/site-packages/torcheval/metrics/image/__init__.py", line 7, in <module>
    from torcheval.metrics.image import FrechetInceptionDistance, PeakSignalNoiseRatio
  File "/home/tianjian/miniconda3/envs/alpacaeval/lib/python3.10/site-packages/torcheval/metrics/image/__init__.py", line 7, in <module>
    from torcheval.metrics.image import FrechetInceptionDistance, PeakSignalNoiseRatio
  File "/home/tianjian/miniconda3/envs/alpacaeval/lib/python3.10/site-packages/torcheval/metrics/image/__init__.py", line 7, in <module>
    from torcheval.metrics import Max as MaxBase
  File "/home/tianjian/miniconda3/envs/alpacaeval/lib/python3.10/site-packages/torcheval/metrics/__init__.py", line 44, in <module>
    from torcheval.metrics.image import FrechetInceptionDistance, PeakSignalNoiseRatio
  File "/home/tianjian/miniconda3/envs/alpacaeval/lib/python3.10/site-packages/torcheval/metrics/image/__init__.py", line 7, in <module>
    from torcheval.metrics.image import FrechetInceptionDistance, PeakSignalNoiseRatio
  File "/home/tianjian/miniconda3/envs/alpacaeval/lib/python3.10/site-packages/torcheval/metrics/image/__init__.py", line 7, in <module>
    from torcheval.metrics.image import FrechetInceptionDistance, PeakSignalNoiseRatio
  File "/home/tianjian/miniconda3/envs/alpacaeval/lib/python3.10/site-packages/torcheval/metrics/image/__init__.py", line 7, in <module>
    from torcheval.metrics.image.fid import FrechetInceptionDistance
  File "/home/tianjian/miniconda3/envs/alpacaeval/lib/python3.10/site-packages/torcheval/metrics/image/fid.py", line 17, in <module>
    from torcheval.metrics.image.fid import FrechetInceptionDistance
  File "/home/tianjian/miniconda3/envs/alpacaeval/lib/python3.10/site-packages/torcheval/metrics/image/fid.py", line 17, in <module>
    from torcheval.metrics.image.fid import FrechetInceptionDistance
  File "/home/tianjian/miniconda3/envs/alpacaeval/lib/python3.10/site-packages/torcheval/metrics/image/fid.py", line 17, in <module>
    from torcheval.metrics.image import FrechetInceptionDistance, PeakSignalNoiseRatio
  File "/home/tianjian/miniconda3/envs/alpacaeval/lib/python3.10/site-packages/torcheval/metrics/image/__init__.py", line 7, in <module>
    from torcheval.metrics.image.fid import FrechetInceptionDistance
  File "/home/tianjian/miniconda3/envs/alpacaeval/lib/python3.10/site-packages/torcheval/metrics/image/fid.py", line 17, in <module>
    from torcheval.metrics.image.fid import FrechetInceptionDistance
  File "/home/tianjian/miniconda3/envs/alpacaeval/lib/python3.10/site-packages/torcheval/metrics/image/fid.py", line 17, in <module>
    from torchvision import models
  File "/home/tianjian/miniconda3/envs/alpacaeval/lib/python3.10/site-packages/torchvision/__init__.py", line 10, in <module>
    from torcheval.metrics.image.fid import FrechetInceptionDistance
  File "/home/tianjian/miniconda3/envs/alpacaeval/lib/python3.10/site-packages/torcheval/metrics/image/fid.py", line 17, in <module>
    from torcheval.metrics.image.fid import FrechetInceptionDistance
  File "/home/tianjian/miniconda3/envs/alpacaeval/lib/python3.10/site-packages/torcheval/metrics/image/fid.py", line 17, in <module>
    from torchvision import models
  File "/home/tianjian/miniconda3/envs/alpacaeval/lib/python3.10/site-packages/torchvision/__init__.py", line 10, in <module>
    from torchvision import models
  File "/home/tianjian/miniconda3/envs/alpacaeval/lib/python3.10/site-packages/torchvision/__init__.py", line 10, in <module>
    from torchvision import models
  File "/home/tianjian/miniconda3/envs/alpacaeval/lib/python3.10/site-packages/torchvision/__init__.py", line 10, in <module>
    from torchvision import models
  File "/home/tianjian/miniconda3/envs/alpacaeval/lib/python3.10/site-packages/torchvision/__init__.py", line 10, in <module>
    from torchvision import models
  File "/home/tianjian/miniconda3/envs/alpacaeval/lib/python3.10/site-packages/torchvision/__init__.py", line 10, in <module>
    from torchvision import _meta_registrations, datasets, io, models, ops, transforms, utils  # usort:skip
  File "/home/tianjian/miniconda3/envs/alpacaeval/lib/python3.10/site-packages/torchvision/_meta_registrations.py", line 164, in <module>
    from torchvision import _meta_registrations, datasets, io, models, ops, transforms, utils  # usort:skip
  File "/home/tianjian/miniconda3/envs/alpacaeval/lib/python3.10/site-packages/torchvision/_meta_registrations.py", line 164, in <module>
    from torchvision import _meta_registrations, datasets, io, models, ops, transforms, utils  # usort:skip
  File "/home/tianjian/miniconda3/envs/alpacaeval/lib/python3.10/site-packages/torchvision/_meta_registrations.py", line 164, in <module>
    from torchvision import _meta_registrations, datasets, io, models, ops, transforms, utils  # usort:skip
  File "/home/tianjian/miniconda3/envs/alpacaeval/lib/python3.10/site-packages/torchvision/_meta_registrations.py", line 164, in <module>
    from torchvision import models
  File "/home/tianjian/miniconda3/envs/alpacaeval/lib/python3.10/site-packages/torchvision/__init__.py", line 10, in <module>
    def meta_nms(dets, scores, iou_threshold):
  File "/home/tianjian/miniconda3/envs/alpacaeval/lib/python3.10/site-packages/torch/library.py", line 1069, in register
    def meta_nms(dets, scores, iou_threshold):
  File "/home/tianjian/miniconda3/envs/alpacaeval/lib/python3.10/site-packages/torch/library.py", line 1069, in register
    def meta_nms(dets, scores, iou_threshold):
  File "/home/tianjian/miniconda3/envs/alpacaeval/lib/python3.10/site-packages/torch/library.py", line 1069, in register
    def meta_nms(dets, scores, iou_threshold):
  File "/home/tianjian/miniconda3/envs/alpacaeval/lib/python3.10/site-packages/torch/library.py", line 1069, in register
    use_lib._register_fake(
  File "/home/tianjian/miniconda3/envs/alpacaeval/lib/python3.10/site-packages/torch/library.py", line 219, in _register_fake
    use_lib._register_fake(
  File "/home/tianjian/miniconda3/envs/alpacaeval/lib/python3.10/site-packages/torch/library.py", line 219, in _register_fake
    use_lib._register_fake(
  File "/home/tianjian/miniconda3/envs/alpacaeval/lib/python3.10/site-packages/torch/library.py", line 219, in _register_fake
    use_lib._register_fake(
  File "/home/tianjian/miniconda3/envs/alpacaeval/lib/python3.10/site-packages/torch/library.py", line 219, in _register_fake
    from torchvision import _meta_registrations, datasets, io, models, ops, transforms, utils  # usort:skip
  File "/home/tianjian/miniconda3/envs/alpacaeval/lib/python3.10/site-packages/torchvision/_meta_registrations.py", line 164, in <module>
    handle = entry.fake_impl.register(
  File "/home/tianjian/miniconda3/envs/alpacaeval/lib/python3.10/site-packages/torch/_library/fake_impl.py", line 50, in register
    handle = entry.fake_impl.register(
  File "/home/tianjian/miniconda3/envs/alpacaeval/lib/python3.10/site-packages/torch/_library/fake_impl.py", line 50, in register
    handle = entry.fake_impl.register(
  File "/home/tianjian/miniconda3/envs/alpacaeval/lib/python3.10/site-packages/torch/_library/fake_impl.py", line 50, in register
    def meta_nms(dets, scores, iou_threshold):
  File "/home/tianjian/miniconda3/envs/alpacaeval/lib/python3.10/site-packages/torch/library.py", line 1069, in register
    handle = entry.fake_impl.register(
  File "/home/tianjian/miniconda3/envs/alpacaeval/lib/python3.10/site-packages/torch/_library/fake_impl.py", line 50, in register
    from torchvision import _meta_registrations, datasets, io, models, ops, transforms, utils  # usort:skip
  File "/home/tianjian/miniconda3/envs/alpacaeval/lib/python3.10/site-packages/torchvision/_meta_registrations.py", line 164, in <module>
    from torchvision import _meta_registrations, datasets, io, models, ops, transforms, utils  # usort:skip
  File "/home/tianjian/miniconda3/envs/alpacaeval/lib/python3.10/site-packages/torchvision/_meta_registrations.py", line 164, in <module>
    def meta_nms(dets, scores, iou_threshold):
  File "/home/tianjian/miniconda3/envs/alpacaeval/lib/python3.10/site-packages/torch/library.py", line 1069, in register
    def meta_nms(dets, scores, iou_threshold):
  File "/home/tianjian/miniconda3/envs/alpacaeval/lib/python3.10/site-packages/torch/library.py", line 1069, in register
    use_lib._register_fake(
  File "/home/tianjian/miniconda3/envs/alpacaeval/lib/python3.10/site-packages/torch/library.py", line 219, in _register_fake
    handle = entry.fake_impl.register(
  File "/home/tianjian/miniconda3/envs/alpacaeval/lib/python3.10/site-packages/torch/_library/fake_impl.py", line 50, in register
    use_lib._register_fake(
  File "/home/tianjian/miniconda3/envs/alpacaeval/lib/python3.10/site-packages/torch/library.py", line 219, in _register_fake
    use_lib._register_fake(
  File "/home/tianjian/miniconda3/envs/alpacaeval/lib/python3.10/site-packages/torch/library.py", line 219, in _register_fake
    if torch._C._dispatch_has_kernel_for_dispatch_key(self.qualname, "Meta"):
RuntimeError: operator torchvision::nms does not exist
    if torch._C._dispatch_has_kernel_for_dispatch_key(self.qualname, "Meta"):
    if torch._C._dispatch_has_kernel_for_dispatch_key(self.qualname, "Meta"):
RuntimeError: operator torchvision::nms does not exist
RuntimeError: operator torchvision::nms does not exist
    handle = entry.fake_impl.register(
  File "/home/tianjian/miniconda3/envs/alpacaeval/lib/python3.10/site-packages/torch/_library/fake_impl.py", line 50, in register
    handle = entry.fake_impl.register(
  File "/home/tianjian/miniconda3/envs/alpacaeval/lib/python3.10/site-packages/torch/_library/fake_impl.py", line 50, in register
Traceback (most recent call last):
  File "/home/tianjian/miniconda3/envs/alpacaeval/bin/fairseq2", line 5, in <module>
    from fairseq2.recipe.cli import main
  File "/home/tianjian/miniconda3/envs/alpacaeval/lib/python3.10/site-packages/fairseq2/recipe/__init__.py", line 9, in <module>
    if torch._C._dispatch_has_kernel_for_dispatch_key(self.qualname, "Meta"):
RuntimeError: operator torchvision::nms does not exist
    if torch._C._dispatch_has_kernel_for_dispatch_key(self.qualname, "Meta"):
RuntimeError: operator torchvision::nms does not exist
    from fairseq2.recipe.base import EvalRecipe as EvalRecipe
  File "/home/tianjian/miniconda3/envs/alpacaeval/lib/python3.10/site-packages/fairseq2/recipe/base.py", line 22, in <module>
    if torch._C._dispatch_has_kernel_for_dispatch_key(self.qualname, "Meta"):
RuntimeError: operator torchvision::nms does not exist
    from fairseq2.recipe.evaluator import Evaluator, EvalUnit
  File "/home/tianjian/miniconda3/envs/alpacaeval/lib/python3.10/site-packages/fairseq2/recipe/evaluator.py", line 24, in <module>
    if torch._C._dispatch_has_kernel_for_dispatch_key(self.qualname, "Meta"):
RuntimeError: operator torchvision::nms does not exist
    from fairseq2.metrics import MetricBag, sync_and_compute_metrics
  File "/home/tianjian/miniconda3/envs/alpacaeval/lib/python3.10/site-packages/fairseq2/metrics/__init__.py", line 9, in <module>
    from fairseq2.metrics.aggregation import Max as Max
  File "/home/tianjian/miniconda3/envs/alpacaeval/lib/python3.10/site-packages/fairseq2/metrics/aggregation.py", line 10, in <module>
    from torcheval.metrics import Max as MaxBase
  File "/home/tianjian/miniconda3/envs/alpacaeval/lib/python3.10/site-packages/torcheval/metrics/__init__.py", line 44, in <module>
    from torcheval.metrics.image import FrechetInceptionDistance, PeakSignalNoiseRatio
  File "/home/tianjian/miniconda3/envs/alpacaeval/lib/python3.10/site-packages/torcheval/metrics/image/__init__.py", line 7, in <module>
    from torcheval.metrics.image.fid import FrechetInceptionDistance
  File "/home/tianjian/miniconda3/envs/alpacaeval/lib/python3.10/site-packages/torcheval/metrics/image/fid.py", line 17, in <module>
    from torchvision import models
  File "/home/tianjian/miniconda3/envs/alpacaeval/lib/python3.10/site-packages/torchvision/__init__.py", line 10, in <module>
    from torchvision import _meta_registrations, datasets, io, models, ops, transforms, utils  # usort:skip
  File "/home/tianjian/miniconda3/envs/alpacaeval/lib/python3.10/site-packages/torchvision/_meta_registrations.py", line 164, in <module>
    def meta_nms(dets, scores, iou_threshold):
  File "/home/tianjian/miniconda3/envs/alpacaeval/lib/python3.10/site-packages/torch/library.py", line 1069, in register
    use_lib._register_fake(
  File "/home/tianjian/miniconda3/envs/alpacaeval/lib/python3.10/site-packages/torch/library.py", line 219, in _register_fake
    handle = entry.fake_impl.register(
  File "/home/tianjian/miniconda3/envs/alpacaeval/lib/python3.10/site-packages/torch/_library/fake_impl.py", line 50, in register
    if torch._C._dispatch_has_kernel_for_dispatch_key(self.qualname, "Meta"):
RuntimeError: operator torchvision::nms does not exist
srun: error: cr1-h200-p5en48xlarge-817: tasks 16-23: Exited with exit code 1
srun: Terminating StepId=1976332.0
srun: error: cr1-h200-p5en48xlarge-816: tasks 8-15: Exited with exit code 1
Traceback (most recent call last):
  File "/home/tianjian/miniconda3/envs/alpacaeval/bin/fairseq2", line 5, in <module>
Traceback (most recent call last):
  File "/home/tianjian/miniconda3/envs/alpacaeval/bin/fairseq2", line 5, in <module>
Traceback (most recent call last):
  File "/home/tianjian/miniconda3/envs/alpacaeval/bin/fairseq2", line 5, in <module>
Traceback (most recent call last):
  File "/home/tianjian/miniconda3/envs/alpacaeval/bin/fairseq2", line 5, in <module>
Traceback (most recent call last):
  File "/home/tianjian/miniconda3/envs/alpacaeval/bin/fairseq2", line 5, in <module>
Traceback (most recent call last):
  File "/home/tianjian/miniconda3/envs/alpacaeval/bin/fairseq2", line 5, in <module>
Traceback (most recent call last):
  File "/home/tianjian/miniconda3/envs/alpacaeval/bin/fairseq2", line 5, in <module>
    from fairseq2.recipe.cli import main
    from fairseq2.recipe.cli import main
  File "/home/tianjian/miniconda3/envs/alpacaeval/lib/python3.10/site-packages/fairseq2/recipe/__init__.py", line 9, in <module>
    from fairseq2.recipe.cli import main
  File "/home/tianjian/miniconda3/envs/alpacaeval/lib/python3.10/site-packages/fairseq2/recipe/__init__.py", line 9, in <module>
    from fairseq2.recipe.cli import main
  File "/home/tianjian/miniconda3/envs/alpacaeval/lib/python3.10/site-packages/fairseq2/recipe/__init__.py", line 9, in <module>
    from fairseq2.recipe.cli import main
  File "/home/tianjian/miniconda3/envs/alpacaeval/lib/python3.10/site-packages/fairseq2/recipe/__init__.py", line 9, in <module>
    from fairseq2.recipe.cli import main
  File "/home/tianjian/miniconda3/envs/alpacaeval/lib/python3.10/site-packages/fairseq2/recipe/__init__.py", line 9, in <module>
    from fairseq2.recipe.cli import main
  File "/home/tianjian/miniconda3/envs/alpacaeval/lib/python3.10/site-packages/fairseq2/recipe/__init__.py", line 9, in <module>
  File "/home/tianjian/miniconda3/envs/alpacaeval/lib/python3.10/site-packages/fairseq2/recipe/__init__.py", line 9, in <module>
    from fairseq2.recipe.base import EvalRecipe as EvalRecipe
  File "/home/tianjian/miniconda3/envs/alpacaeval/lib/python3.10/site-packages/fairseq2/recipe/base.py", line 22, in <module>
    from fairseq2.recipe.base import EvalRecipe as EvalRecipe
  File "/home/tianjian/miniconda3/envs/alpacaeval/lib/python3.10/site-packages/fairseq2/recipe/base.py", line 22, in <module>
    from fairseq2.recipe.base import EvalRecipe as EvalRecipe
  File "/home/tianjian/miniconda3/envs/alpacaeval/lib/python3.10/site-packages/fairseq2/recipe/base.py", line 22, in <module>
    from fairseq2.recipe.base import EvalRecipe as EvalRecipe
  File "/home/tianjian/miniconda3/envs/alpacaeval/lib/python3.10/site-packages/fairseq2/recipe/base.py", line 22, in <module>
    from fairseq2.recipe.base import EvalRecipe as EvalRecipe
  File "/home/tianjian/miniconda3/envs/alpacaeval/lib/python3.10/site-packages/fairseq2/recipe/base.py", line 22, in <module>
    from fairseq2.recipe.base import EvalRecipe as EvalRecipe
  File "/home/tianjian/miniconda3/envs/alpacaeval/lib/python3.10/site-packages/fairseq2/recipe/base.py", line 22, in <module>
    from fairseq2.recipe.base import EvalRecipe as EvalRecipe
  File "/home/tianjian/miniconda3/envs/alpacaeval/lib/python3.10/site-packages/fairseq2/recipe/base.py", line 22, in <module>
Traceback (most recent call last):
  File "/home/tianjian/miniconda3/envs/alpacaeval/bin/fairseq2", line 5, in <module>
    from fairseq2.recipe.evaluator import Evaluator, EvalUnit
  File "/home/tianjian/miniconda3/envs/alpacaeval/lib/python3.10/site-packages/fairseq2/recipe/evaluator.py", line 24, in <module>
    from fairseq2.recipe.evaluator import Evaluator, EvalUnit
  File "/home/tianjian/miniconda3/envs/alpacaeval/lib/python3.10/site-packages/fairseq2/recipe/evaluator.py", line 24, in <module>
    from fairseq2.recipe.evaluator import Evaluator, EvalUnit
  File "/home/tianjian/miniconda3/envs/alpacaeval/lib/python3.10/site-packages/fairseq2/recipe/evaluator.py", line 24, in <module>
    from fairseq2.recipe.evaluator import Evaluator, EvalUnit
  File "/home/tianjian/miniconda3/envs/alpacaeval/lib/python3.10/site-packages/fairseq2/recipe/evaluator.py", line 24, in <module>
    from fairseq2.recipe.evaluator import Evaluator, EvalUnit
  File "/home/tianjian/miniconda3/envs/alpacaeval/lib/python3.10/site-packages/fairseq2/recipe/evaluator.py", line 24, in <module>
    from fairseq2.recipe.evaluator import Evaluator, EvalUnit
  File "/home/tianjian/miniconda3/envs/alpacaeval/lib/python3.10/site-packages/fairseq2/recipe/evaluator.py", line 24, in <module>
    from fairseq2.recipe.cli import main
  File "/home/tianjian/miniconda3/envs/alpacaeval/lib/python3.10/site-packages/fairseq2/recipe/__init__.py", line 9, in <module>
    from fairseq2.recipe.base import EvalRecipe as EvalRecipe
  File "/home/tianjian/miniconda3/envs/alpacaeval/lib/python3.10/site-packages/fairseq2/recipe/base.py", line 22, in <module>
    from fairseq2.recipe.evaluator import Evaluator, EvalUnit
  File "/home/tianjian/miniconda3/envs/alpacaeval/lib/python3.10/site-packages/fairseq2/recipe/evaluator.py", line 24, in <module>
    from fairseq2.recipe.evaluator import Evaluator, EvalUnit
  File "/home/tianjian/miniconda3/envs/alpacaeval/lib/python3.10/site-packages/fairseq2/recipe/evaluator.py", line 24, in <module>
    from fairseq2.metrics import MetricBag, sync_and_compute_metrics
  File "/home/tianjian/miniconda3/envs/alpacaeval/lib/python3.10/site-packages/fairseq2/metrics/__init__.py", line 9, in <module>
    from fairseq2.metrics import MetricBag, sync_and_compute_metrics
  File "/home/tianjian/miniconda3/envs/alpacaeval/lib/python3.10/site-packages/fairseq2/metrics/__init__.py", line 9, in <module>
    from fairseq2.metrics import MetricBag, sync_and_compute_metrics
  File "/home/tianjian/miniconda3/envs/alpacaeval/lib/python3.10/site-packages/fairseq2/metrics/__init__.py", line 9, in <module>
    from fairseq2.metrics import MetricBag, sync_and_compute_metrics
  File "/home/tianjian/miniconda3/envs/alpacaeval/lib/python3.10/site-packages/fairseq2/metrics/__init__.py", line 9, in <module>
    from fairseq2.metrics import MetricBag, sync_and_compute_metrics
  File "/home/tianjian/miniconda3/envs/alpacaeval/lib/python3.10/site-packages/fairseq2/metrics/__init__.py", line 9, in <module>
    from fairseq2.metrics import MetricBag, sync_and_compute_metrics
  File "/home/tianjian/miniconda3/envs/alpacaeval/lib/python3.10/site-packages/fairseq2/metrics/__init__.py", line 9, in <module>
    from fairseq2.metrics import MetricBag, sync_and_compute_metrics
  File "/home/tianjian/miniconda3/envs/alpacaeval/lib/python3.10/site-packages/fairseq2/metrics/__init__.py", line 9, in <module>
    from fairseq2.metrics import MetricBag, sync_and_compute_metrics
  File "/home/tianjian/miniconda3/envs/alpacaeval/lib/python3.10/site-packages/fairseq2/metrics/__init__.py", line 9, in <module>
    from fairseq2.metrics.aggregation import Max as Max
  File "/home/tianjian/miniconda3/envs/alpacaeval/lib/python3.10/site-packages/fairseq2/metrics/aggregation.py", line 10, in <module>
    from fairseq2.metrics.aggregation import Max as Max
  File "/home/tianjian/miniconda3/envs/alpacaeval/lib/python3.10/site-packages/fairseq2/metrics/aggregation.py", line 10, in <module>
    from fairseq2.metrics.aggregation import Max as Max
  File "/home/tianjian/miniconda3/envs/alpacaeval/lib/python3.10/site-packages/fairseq2/metrics/aggregation.py", line 10, in <module>
    from fairseq2.metrics.aggregation import Max as Max
  File "/home/tianjian/miniconda3/envs/alpacaeval/lib/python3.10/site-packages/fairseq2/metrics/aggregation.py", line 10, in <module>
    from fairseq2.metrics.aggregation import Max as Max
  File "/home/tianjian/miniconda3/envs/alpacaeval/lib/python3.10/site-packages/fairseq2/metrics/aggregation.py", line 10, in <module>
    from fairseq2.metrics.aggregation import Max as Max
  File "/home/tianjian/miniconda3/envs/alpacaeval/lib/python3.10/site-packages/fairseq2/metrics/aggregation.py", line 10, in <module>
    from fairseq2.metrics.aggregation import Max as Max
  File "/home/tianjian/miniconda3/envs/alpacaeval/lib/python3.10/site-packages/fairseq2/metrics/aggregation.py", line 10, in <module>
    from fairseq2.metrics.aggregation import Max as Max
  File "/home/tianjian/miniconda3/envs/alpacaeval/lib/python3.10/site-packages/fairseq2/metrics/aggregation.py", line 10, in <module>
    from torcheval.metrics import Max as MaxBase
  File "/home/tianjian/miniconda3/envs/alpacaeval/lib/python3.10/site-packages/torcheval/metrics/__init__.py", line 44, in <module>
    from torcheval.metrics import Max as MaxBase
  File "/home/tianjian/miniconda3/envs/alpacaeval/lib/python3.10/site-packages/torcheval/metrics/__init__.py", line 44, in <module>
    from torcheval.metrics import Max as MaxBase
  File "/home/tianjian/miniconda3/envs/alpacaeval/lib/python3.10/site-packages/torcheval/metrics/__init__.py", line 44, in <module>
    from torcheval.metrics import Max as MaxBase
  File "/home/tianjian/miniconda3/envs/alpacaeval/lib/python3.10/site-packages/torcheval/metrics/__init__.py", line 44, in <module>
    from torcheval.metrics import Max as MaxBase
  File "/home/tianjian/miniconda3/envs/alpacaeval/lib/python3.10/site-packages/torcheval/metrics/__init__.py", line 44, in <module>
    from torcheval.metrics import Max as MaxBase
  File "/home/tianjian/miniconda3/envs/alpacaeval/lib/python3.10/site-packages/torcheval/metrics/__init__.py", line 44, in <module>
    from torcheval.metrics import Max as MaxBase
  File "/home/tianjian/miniconda3/envs/alpacaeval/lib/python3.10/site-packages/torcheval/metrics/__init__.py", line 44, in <module>
    from torcheval.metrics import Max as MaxBase
  File "/home/tianjian/miniconda3/envs/alpacaeval/lib/python3.10/site-packages/torcheval/metrics/__init__.py", line 44, in <module>
    from torcheval.metrics.image import FrechetInceptionDistance, PeakSignalNoiseRatio
  File "/home/tianjian/miniconda3/envs/alpacaeval/lib/python3.10/site-packages/torcheval/metrics/image/__init__.py", line 7, in <module>
    from torcheval.metrics.image import FrechetInceptionDistance, PeakSignalNoiseRatio
  File "/home/tianjian/miniconda3/envs/alpacaeval/lib/python3.10/site-packages/torcheval/metrics/image/__init__.py", line 7, in <module>
    from torcheval.metrics.image import FrechetInceptionDistance, PeakSignalNoiseRatio
  File "/home/tianjian/miniconda3/envs/alpacaeval/lib/python3.10/site-packages/torcheval/metrics/image/__init__.py", line 7, in <module>
    from torcheval.metrics.image import FrechetInceptionDistance, PeakSignalNoiseRatio
  File "/home/tianjian/miniconda3/envs/alpacaeval/lib/python3.10/site-packages/torcheval/metrics/image/__init__.py", line 7, in <module>
    from torcheval.metrics.image import FrechetInceptionDistance, PeakSignalNoiseRatio
  File "/home/tianjian/miniconda3/envs/alpacaeval/lib/python3.10/site-packages/torcheval/metrics/image/__init__.py", line 7, in <module>
    from torcheval.metrics.image import FrechetInceptionDistance, PeakSignalNoiseRatio
  File "/home/tianjian/miniconda3/envs/alpacaeval/lib/python3.10/site-packages/torcheval/metrics/image/__init__.py", line 7, in <module>
    from torcheval.metrics.image import FrechetInceptionDistance, PeakSignalNoiseRatio
  File "/home/tianjian/miniconda3/envs/alpacaeval/lib/python3.10/site-packages/torcheval/metrics/image/__init__.py", line 7, in <module>
    from torcheval.metrics.image import FrechetInceptionDistance, PeakSignalNoiseRatio
  File "/home/tianjian/miniconda3/envs/alpacaeval/lib/python3.10/site-packages/torcheval/metrics/image/__init__.py", line 7, in <module>
    from torcheval.metrics.image.fid import FrechetInceptionDistance
  File "/home/tianjian/miniconda3/envs/alpacaeval/lib/python3.10/site-packages/torcheval/metrics/image/fid.py", line 17, in <module>
    from torcheval.metrics.image.fid import FrechetInceptionDistance
  File "/home/tianjian/miniconda3/envs/alpacaeval/lib/python3.10/site-packages/torcheval/metrics/image/fid.py", line 17, in <module>
    from torcheval.metrics.image.fid import FrechetInceptionDistance
  File "/home/tianjian/miniconda3/envs/alpacaeval/lib/python3.10/site-packages/torcheval/metrics/image/fid.py", line 17, in <module>
    from torcheval.metrics.image.fid import FrechetInceptionDistance
  File "/home/tianjian/miniconda3/envs/alpacaeval/lib/python3.10/site-packages/torcheval/metrics/image/fid.py", line 17, in <module>
    from torcheval.metrics.image.fid import FrechetInceptionDistance
  File "/home/tianjian/miniconda3/envs/alpacaeval/lib/python3.10/site-packages/torcheval/metrics/image/fid.py", line 17, in <module>
    from torcheval.metrics.image.fid import FrechetInceptionDistance
  File "/home/tianjian/miniconda3/envs/alpacaeval/lib/python3.10/site-packages/torcheval/metrics/image/fid.py", line 17, in <module>
    from torcheval.metrics.image.fid import FrechetInceptionDistance
  File "/home/tianjian/miniconda3/envs/alpacaeval/lib/python3.10/site-packages/torcheval/metrics/image/fid.py", line 17, in <module>
    from torcheval.metrics.image.fid import FrechetInceptionDistance
  File "/home/tianjian/miniconda3/envs/alpacaeval/lib/python3.10/site-packages/torcheval/metrics/image/fid.py", line 17, in <module>
    from torchvision import models
  File "/home/tianjian/miniconda3/envs/alpacaeval/lib/python3.10/site-packages/torchvision/__init__.py", line 10, in <module>
    from torchvision import models
  File "/home/tianjian/miniconda3/envs/alpacaeval/lib/python3.10/site-packages/torchvision/__init__.py", line 10, in <module>
    from torchvision import models
  File "/home/tianjian/miniconda3/envs/alpacaeval/lib/python3.10/site-packages/torchvision/__init__.py", line 10, in <module>
    from torchvision import models
  File "/home/tianjian/miniconda3/envs/alpacaeval/lib/python3.10/site-packages/torchvision/__init__.py", line 10, in <module>
    from torchvision import models
  File "/home/tianjian/miniconda3/envs/alpacaeval/lib/python3.10/site-packages/torchvision/__init__.py", line 10, in <module>
    from torchvision import models
  File "/home/tianjian/miniconda3/envs/alpacaeval/lib/python3.10/site-packages/torchvision/__init__.py", line 10, in <module>
    from torchvision import models
  File "/home/tianjian/miniconda3/envs/alpacaeval/lib/python3.10/site-packages/torchvision/__init__.py", line 10, in <module>
    from torchvision import models
  File "/home/tianjian/miniconda3/envs/alpacaeval/lib/python3.10/site-packages/torchvision/__init__.py", line 10, in <module>
    from torchvision import _meta_registrations, datasets, io, models, ops, transforms, utils  # usort:skip
  File "/home/tianjian/miniconda3/envs/alpacaeval/lib/python3.10/site-packages/torchvision/_meta_registrations.py", line 164, in <module>
    from torchvision import _meta_registrations, datasets, io, models, ops, transforms, utils  # usort:skip
  File "/home/tianjian/miniconda3/envs/alpacaeval/lib/python3.10/site-packages/torchvision/_meta_registrations.py", line 164, in <module>
    from torchvision import _meta_registrations, datasets, io, models, ops, transforms, utils  # usort:skip
  File "/home/tianjian/miniconda3/envs/alpacaeval/lib/python3.10/site-packages/torchvision/_meta_registrations.py", line 164, in <module>
    from torchvision import _meta_registrations, datasets, io, models, ops, transforms, utils  # usort:skip
  File "/home/tianjian/miniconda3/envs/alpacaeval/lib/python3.10/site-packages/torchvision/_meta_registrations.py", line 164, in <module>
    from torchvision import _meta_registrations, datasets, io, models, ops, transforms, utils  # usort:skip
  File "/home/tianjian/miniconda3/envs/alpacaeval/lib/python3.10/site-packages/torchvision/_meta_registrations.py", line 164, in <module>
    from torchvision import _meta_registrations, datasets, io, models, ops, transforms, utils  # usort:skip
  File "/home/tianjian/miniconda3/envs/alpacaeval/lib/python3.10/site-packages/torchvision/_meta_registrations.py", line 164, in <module>
    from torchvision import _meta_registrations, datasets, io, models, ops, transforms, utils  # usort:skip
  File "/home/tianjian/miniconda3/envs/alpacaeval/lib/python3.10/site-packages/torchvision/_meta_registrations.py", line 164, in <module>
    def meta_nms(dets, scores, iou_threshold):
  File "/home/tianjian/miniconda3/envs/alpacaeval/lib/python3.10/site-packages/torch/library.py", line 1069, in register
    def meta_nms(dets, scores, iou_threshold):
  File "/home/tianjian/miniconda3/envs/alpacaeval/lib/python3.10/site-packages/torch/library.py", line 1069, in register
    def meta_nms(dets, scores, iou_threshold):
    def meta_nms(dets, scores, iou_threshold):
  File "/home/tianjian/miniconda3/envs/alpacaeval/lib/python3.10/site-packages/torch/library.py", line 1069, in register
    def meta_nms(dets, scores, iou_threshold):
  File "/home/tianjian/miniconda3/envs/alpacaeval/lib/python3.10/site-packages/torch/library.py", line 1069, in register
    def meta_nms(dets, scores, iou_threshold):
  File "/home/tianjian/miniconda3/envs/alpacaeval/lib/python3.10/site-packages/torch/library.py", line 1069, in register
    def meta_nms(dets, scores, iou_threshold):
  File "/home/tianjian/miniconda3/envs/alpacaeval/lib/python3.10/site-packages/torch/library.py", line 1069, in register
  File "/home/tianjian/miniconda3/envs/alpacaeval/lib/python3.10/site-packages/torch/library.py", line 1069, in register
    use_lib._register_fake(
  File "/home/tianjian/miniconda3/envs/alpacaeval/lib/python3.10/site-packages/torch/library.py", line 219, in _register_fake
    use_lib._register_fake(
  File "/home/tianjian/miniconda3/envs/alpacaeval/lib/python3.10/site-packages/torch/library.py", line 219, in _register_fake
    use_lib._register_fake(
  File "/home/tianjian/miniconda3/envs/alpacaeval/lib/python3.10/site-packages/torch/library.py", line 219, in _register_fake
    use_lib._register_fake(
  File "/home/tianjian/miniconda3/envs/alpacaeval/lib/python3.10/site-packages/torch/library.py", line 219, in _register_fake
    use_lib._register_fake(
  File "/home/tianjian/miniconda3/envs/alpacaeval/lib/python3.10/site-packages/torch/library.py", line 219, in _register_fake
    use_lib._register_fake(
  File "/home/tianjian/miniconda3/envs/alpacaeval/lib/python3.10/site-packages/torch/library.py", line 219, in _register_fake
    from torchvision import _meta_registrations, datasets, io, models, ops, transforms, utils  # usort:skip
  File "/home/tianjian/miniconda3/envs/alpacaeval/lib/python3.10/site-packages/torchvision/_meta_registrations.py", line 164, in <module>
    use_lib._register_fake(
  File "/home/tianjian/miniconda3/envs/alpacaeval/lib/python3.10/site-packages/torch/library.py", line 219, in _register_fake
    handle = entry.fake_impl.register(
  File "/home/tianjian/miniconda3/envs/alpacaeval/lib/python3.10/site-packages/torch/_library/fake_impl.py", line 50, in register
    handle = entry.fake_impl.register(
  File "/home/tianjian/miniconda3/envs/alpacaeval/lib/python3.10/site-packages/torch/_library/fake_impl.py", line 50, in register
    handle = entry.fake_impl.register(
  File "/home/tianjian/miniconda3/envs/alpacaeval/lib/python3.10/site-packages/torch/_library/fake_impl.py", line 50, in register
    handle = entry.fake_impl.register(
  File "/home/tianjian/miniconda3/envs/alpacaeval/lib/python3.10/site-packages/torch/_library/fake_impl.py", line 50, in register
    handle = entry.fake_impl.register(
  File "/home/tianjian/miniconda3/envs/alpacaeval/lib/python3.10/site-packages/torch/_library/fake_impl.py", line 50, in register
    handle = entry.fake_impl.register(
  File "/home/tianjian/miniconda3/envs/alpacaeval/lib/python3.10/site-packages/torch/_library/fake_impl.py", line 50, in register
    handle = entry.fake_impl.register(
  File "/home/tianjian/miniconda3/envs/alpacaeval/lib/python3.10/site-packages/torch/_library/fake_impl.py", line 50, in register
    def meta_nms(dets, scores, iou_threshold):
  File "/home/tianjian/miniconda3/envs/alpacaeval/lib/python3.10/site-packages/torch/library.py", line 1069, in register
    use_lib._register_fake(
  File "/home/tianjian/miniconda3/envs/alpacaeval/lib/python3.10/site-packages/torch/library.py", line 219, in _register_fake
    handle = entry.fake_impl.register(
  File "/home/tianjian/miniconda3/envs/alpacaeval/lib/python3.10/site-packages/torch/_library/fake_impl.py", line 50, in register
    if torch._C._dispatch_has_kernel_for_dispatch_key(self.qualname, "Meta"):
    if torch._C._dispatch_has_kernel_for_dispatch_key(self.qualname, "Meta"):
RuntimeError: operator torchvision::nms does not exist
    if torch._C._dispatch_has_kernel_for_dispatch_key(self.qualname, "Meta"):
RuntimeError: operator torchvision::nms does not exist
    if torch._C._dispatch_has_kernel_for_dispatch_key(self.qualname, "Meta"):
RuntimeError: operator torchvision::nms does not exist
    if torch._C._dispatch_has_kernel_for_dispatch_key(self.qualname, "Meta"):
RuntimeError: operator torchvision::nms does not exist
    if torch._C._dispatch_has_kernel_for_dispatch_key(self.qualname, "Meta"):
RuntimeError: operator torchvision::nms does not exist
RuntimeError: operator torchvision::nms does not exist
    if torch._C._dispatch_has_kernel_for_dispatch_key(self.qualname, "Meta"):
RuntimeError: operator torchvision::nms does not exist
    if torch._C._dispatch_has_kernel_for_dispatch_key(self.qualname, "Meta"):
RuntimeError: operator torchvision::nms does not exist
srun: error: cr1-h200-p5en48xlarge-755: tasks 0-7: Exited with exit code 1
slurmstepd: error: Prolog hung on node cr1-h200-p5en48xlarge-818
Traceback (most recent call last):
  File "/home/tianjian/miniconda3/envs/alpacaeval/bin/fairseq2", line 5, in <module>
Traceback (most recent call last):
  File "/home/tianjian/miniconda3/envs/alpacaeval/bin/fairseq2", line 5, in <module>
Traceback (most recent call last):
  File "/home/tianjian/miniconda3/envs/alpacaeval/bin/fairseq2", line 5, in <module>
    from fairseq2.recipe.cli import main
  File "/home/tianjian/miniconda3/envs/alpacaeval/lib/python3.10/site-packages/fairseq2/recipe/__init__.py", line 9, in <module>
    from fairseq2.recipe.cli import main
  File "/home/tianjian/miniconda3/envs/alpacaeval/lib/python3.10/site-packages/fairseq2/recipe/__init__.py", line 9, in <module>
Traceback (most recent call last):
  File "/home/tianjian/miniconda3/envs/alpacaeval/bin/fairseq2", line 5, in <module>
    from fairseq2.recipe.cli import main
  File "/home/tianjian/miniconda3/envs/alpacaeval/lib/python3.10/site-packages/fairseq2/recipe/__init__.py", line 9, in <module>
Traceback (most recent call last):
  File "/home/tianjian/miniconda3/envs/alpacaeval/bin/fairseq2", line 5, in <module>
    from fairseq2.recipe.cli import main
  File "/home/tianjian/miniconda3/envs/alpacaeval/lib/python3.10/site-packages/fairseq2/recipe/__init__.py", line 9, in <module>
Traceback (most recent call last):
  File "/home/tianjian/miniconda3/envs/alpacaeval/bin/fairseq2", line 5, in <module>
Traceback (most recent call last):
  File "/home/tianjian/miniconda3/envs/alpacaeval/bin/fairseq2", line 5, in <module>
    from fairseq2.recipe.cli import main
  File "/home/tianjian/miniconda3/envs/alpacaeval/lib/python3.10/site-packages/fairseq2/recipe/__init__.py", line 9, in <module>
    from fairseq2.recipe.cli import main
  File "/home/tianjian/miniconda3/envs/alpacaeval/lib/python3.10/site-packages/fairseq2/recipe/__init__.py", line 9, in <module>
    from fairseq2.recipe.cli import main
  File "/home/tianjian/miniconda3/envs/alpacaeval/lib/python3.10/site-packages/fairseq2/recipe/__init__.py", line 9, in <module>
    from fairseq2.recipe.base import EvalRecipe as EvalRecipe
  File "/home/tianjian/miniconda3/envs/alpacaeval/lib/python3.10/site-packages/fairseq2/recipe/base.py", line 22, in <module>
    from fairseq2.recipe.base import EvalRecipe as EvalRecipe
  File "/home/tianjian/miniconda3/envs/alpacaeval/lib/python3.10/site-packages/fairseq2/recipe/base.py", line 22, in <module>
    from fairseq2.recipe.base import EvalRecipe as EvalRecipe
  File "/home/tianjian/miniconda3/envs/alpacaeval/lib/python3.10/site-packages/fairseq2/recipe/base.py", line 22, in <module>
    from fairseq2.recipe.evaluator import Evaluator, EvalUnit
  File "/home/tianjian/miniconda3/envs/alpacaeval/lib/python3.10/site-packages/fairseq2/recipe/evaluator.py", line 24, in <module>
    from fairseq2.recipe.evaluator import Evaluator, EvalUnit
  File "/home/tianjian/miniconda3/envs/alpacaeval/lib/python3.10/site-packages/fairseq2/recipe/evaluator.py", line 24, in <module>
    from fairseq2.recipe.base import EvalRecipe as EvalRecipe
  File "/home/tianjian/miniconda3/envs/alpacaeval/lib/python3.10/site-packages/fairseq2/recipe/base.py", line 22, in <module>
    from fairseq2.recipe.base import EvalRecipe as EvalRecipe
  File "/home/tianjian/miniconda3/envs/alpacaeval/lib/python3.10/site-packages/fairseq2/recipe/base.py", line 22, in <module>
    from fairseq2.recipe.evaluator import Evaluator, EvalUnit
  File "/home/tianjian/miniconda3/envs/alpacaeval/lib/python3.10/site-packages/fairseq2/recipe/evaluator.py", line 24, in <module>
    from fairseq2.recipe.evaluator import Evaluator, EvalUnit
  File "/home/tianjian/miniconda3/envs/alpacaeval/lib/python3.10/site-packages/fairseq2/recipe/evaluator.py", line 24, in <module>
    from fairseq2.recipe.base import EvalRecipe as EvalRecipe
  File "/home/tianjian/miniconda3/envs/alpacaeval/lib/python3.10/site-packages/fairseq2/recipe/base.py", line 22, in <module>
    from fairseq2.recipe.evaluator import Evaluator, EvalUnit
  File "/home/tianjian/miniconda3/envs/alpacaeval/lib/python3.10/site-packages/fairseq2/recipe/evaluator.py", line 24, in <module>
    from fairseq2.recipe.base import EvalRecipe as EvalRecipe
  File "/home/tianjian/miniconda3/envs/alpacaeval/lib/python3.10/site-packages/fairseq2/recipe/base.py", line 22, in <module>
    from fairseq2.metrics import MetricBag, sync_and_compute_metrics
  File "/home/tianjian/miniconda3/envs/alpacaeval/lib/python3.10/site-packages/fairseq2/metrics/__init__.py", line 9, in <module>
    from fairseq2.recipe.evaluator import Evaluator, EvalUnit
  File "/home/tianjian/miniconda3/envs/alpacaeval/lib/python3.10/site-packages/fairseq2/recipe/evaluator.py", line 24, in <module>
    from fairseq2.recipe.evaluator import Evaluator, EvalUnit
  File "/home/tianjian/miniconda3/envs/alpacaeval/lib/python3.10/site-packages/fairseq2/recipe/evaluator.py", line 24, in <module>
Traceback (most recent call last):
  File "/home/tianjian/miniconda3/envs/alpacaeval/bin/fairseq2", line 5, in <module>
    from fairseq2.metrics import MetricBag, sync_and_compute_metrics
  File "/home/tianjian/miniconda3/envs/alpacaeval/lib/python3.10/site-packages/fairseq2/metrics/__init__.py", line 9, in <module>
    from fairseq2.metrics import MetricBag, sync_and_compute_metrics
  File "/home/tianjian/miniconda3/envs/alpacaeval/lib/python3.10/site-packages/fairseq2/metrics/__init__.py", line 9, in <module>
    from fairseq2.recipe.cli import main
  File "/home/tianjian/miniconda3/envs/alpacaeval/lib/python3.10/site-packages/fairseq2/recipe/__init__.py", line 9, in <module>
    from fairseq2.recipe.base import EvalRecipe as EvalRecipe
  File "/home/tianjian/miniconda3/envs/alpacaeval/lib/python3.10/site-packages/fairseq2/recipe/base.py", line 22, in <module>
    from fairseq2.recipe.evaluator import Evaluator, EvalUnit
  File "/home/tianjian/miniconda3/envs/alpacaeval/lib/python3.10/site-packages/fairseq2/recipe/evaluator.py", line 24, in <module>
    from fairseq2.metrics import MetricBag, sync_and_compute_metrics
  File "/home/tianjian/miniconda3/envs/alpacaeval/lib/python3.10/site-packages/fairseq2/metrics/__init__.py", line 9, in <module>
    from fairseq2.metrics import MetricBag, sync_and_compute_metrics
  File "/home/tianjian/miniconda3/envs/alpacaeval/lib/python3.10/site-packages/fairseq2/metrics/__init__.py", line 9, in <module>
    from fairseq2.metrics import MetricBag, sync_and_compute_metrics
  File "/home/tianjian/miniconda3/envs/alpacaeval/lib/python3.10/site-packages/fairseq2/metrics/__init__.py", line 9, in <module>
    from fairseq2.metrics.aggregation import Max as Max
    from fairseq2.metrics.aggregation import Max as Max
  File "/home/tianjian/miniconda3/envs/alpacaeval/lib/python3.10/site-packages/fairseq2/metrics/aggregation.py", line 10, in <module>
  File "/home/tianjian/miniconda3/envs/alpacaeval/lib/python3.10/site-packages/fairseq2/metrics/aggregation.py", line 10, in <module>
    from fairseq2.metrics.aggregation import Max as Max
  File "/home/tianjian/miniconda3/envs/alpacaeval/lib/python3.10/site-packages/fairseq2/metrics/aggregation.py", line 10, in <module>
    from fairseq2.metrics import MetricBag, sync_and_compute_metrics
  File "/home/tianjian/miniconda3/envs/alpacaeval/lib/python3.10/site-packages/fairseq2/metrics/__init__.py", line 9, in <module>
    from fairseq2.metrics.aggregation import Max as Max
  File "/home/tianjian/miniconda3/envs/alpacaeval/lib/python3.10/site-packages/fairseq2/metrics/aggregation.py", line 10, in <module>
    from fairseq2.metrics import MetricBag, sync_and_compute_metrics
  File "/home/tianjian/miniconda3/envs/alpacaeval/lib/python3.10/site-packages/fairseq2/metrics/__init__.py", line 9, in <module>
    from torcheval.metrics import Max as MaxBase
  File "/home/tianjian/miniconda3/envs/alpacaeval/lib/python3.10/site-packages/torcheval/metrics/__init__.py", line 44, in <module>
    from torcheval.metrics import Max as MaxBase
  File "/home/tianjian/miniconda3/envs/alpacaeval/lib/python3.10/site-packages/torcheval/metrics/__init__.py", line 44, in <module>
    from fairseq2.metrics.aggregation import Max as Max
  File "/home/tianjian/miniconda3/envs/alpacaeval/lib/python3.10/site-packages/fairseq2/metrics/aggregation.py", line 10, in <module>
    from torcheval.metrics import Max as MaxBase
  File "/home/tianjian/miniconda3/envs/alpacaeval/lib/python3.10/site-packages/torcheval/metrics/__init__.py", line 44, in <module>
    from fairseq2.metrics.aggregation import Max as Max
  File "/home/tianjian/miniconda3/envs/alpacaeval/lib/python3.10/site-packages/fairseq2/metrics/aggregation.py", line 10, in <module>
    from torcheval.metrics import Max as MaxBase
  File "/home/tianjian/miniconda3/envs/alpacaeval/lib/python3.10/site-packages/torcheval/metrics/__init__.py", line 44, in <module>
    from fairseq2.metrics.aggregation import Max as Max
  File "/home/tianjian/miniconda3/envs/alpacaeval/lib/python3.10/site-packages/fairseq2/metrics/aggregation.py", line 10, in <module>
    from fairseq2.metrics.aggregation import Max as Max
  File "/home/tianjian/miniconda3/envs/alpacaeval/lib/python3.10/site-packages/fairseq2/metrics/aggregation.py", line 10, in <module>
    from torcheval.metrics import Max as MaxBase
  File "/home/tianjian/miniconda3/envs/alpacaeval/lib/python3.10/site-packages/torcheval/metrics/__init__.py", line 44, in <module>
    from torcheval.metrics import Max as MaxBase
  File "/home/tianjian/miniconda3/envs/alpacaeval/lib/python3.10/site-packages/torcheval/metrics/__init__.py", line 44, in <module>
    from torcheval.metrics.image import FrechetInceptionDistance, PeakSignalNoiseRatio
  File "/home/tianjian/miniconda3/envs/alpacaeval/lib/python3.10/site-packages/torcheval/metrics/image/__init__.py", line 7, in <module>
    from torcheval.metrics.image import FrechetInceptionDistance, PeakSignalNoiseRatio
  File "/home/tianjian/miniconda3/envs/alpacaeval/lib/python3.10/site-packages/torcheval/metrics/image/__init__.py", line 7, in <module>
    from torcheval.metrics import Max as MaxBase
    from torcheval.metrics.image import FrechetInceptionDistance, PeakSignalNoiseRatio
  File "/home/tianjian/miniconda3/envs/alpacaeval/lib/python3.10/site-packages/torcheval/metrics/image/__init__.py", line 7, in <module>
    from torcheval.metrics import Max as MaxBase
  File "/home/tianjian/miniconda3/envs/alpacaeval/lib/python3.10/site-packages/torcheval/metrics/__init__.py", line 44, in <module>
  File "/home/tianjian/miniconda3/envs/alpacaeval/lib/python3.10/site-packages/torcheval/metrics/__init__.py", line 44, in <module>
    from torcheval.metrics.image import FrechetInceptionDistance, PeakSignalNoiseRatio
  File "/home/tianjian/miniconda3/envs/alpacaeval/lib/python3.10/site-packages/torcheval/metrics/image/__init__.py", line 7, in <module>
    from torcheval.metrics.image import FrechetInceptionDistance, PeakSignalNoiseRatio
  File "/home/tianjian/miniconda3/envs/alpacaeval/lib/python3.10/site-packages/torcheval/metrics/image/__init__.py", line 7, in <module>
    from torcheval.metrics.image import FrechetInceptionDistance, PeakSignalNoiseRatio
  File "/home/tianjian/miniconda3/envs/alpacaeval/lib/python3.10/site-packages/torcheval/metrics/image/__init__.py", line 7, in <module>
    from torcheval.metrics.image import FrechetInceptionDistance, PeakSignalNoiseRatio
  File "/home/tianjian/miniconda3/envs/alpacaeval/lib/python3.10/site-packages/torcheval/metrics/image/__init__.py", line 7, in <module>
    from torcheval.metrics.image.fid import FrechetInceptionDistance
  File "/home/tianjian/miniconda3/envs/alpacaeval/lib/python3.10/site-packages/torcheval/metrics/image/fid.py", line 17, in <module>
    from torcheval.metrics.image.fid import FrechetInceptionDistance
  File "/home/tianjian/miniconda3/envs/alpacaeval/lib/python3.10/site-packages/torcheval/metrics/image/fid.py", line 17, in <module>
    from torcheval.metrics.image.fid import FrechetInceptionDistance
  File "/home/tianjian/miniconda3/envs/alpacaeval/lib/python3.10/site-packages/torcheval/metrics/image/fid.py", line 17, in <module>
    from torcheval.metrics.image.fid import FrechetInceptionDistance
  File "/home/tianjian/miniconda3/envs/alpacaeval/lib/python3.10/site-packages/torcheval/metrics/image/fid.py", line 17, in <module>
    from torcheval.metrics.image.fid import FrechetInceptionDistance
  File "/home/tianjian/miniconda3/envs/alpacaeval/lib/python3.10/site-packages/torcheval/metrics/image/fid.py", line 17, in <module>
    from torcheval.metrics.image import FrechetInceptionDistance, PeakSignalNoiseRatio
  File "/home/tianjian/miniconda3/envs/alpacaeval/lib/python3.10/site-packages/torcheval/metrics/image/__init__.py", line 7, in <module>
    from torcheval.metrics.image.fid import FrechetInceptionDistance
  File "/home/tianjian/miniconda3/envs/alpacaeval/lib/python3.10/site-packages/torcheval/metrics/image/fid.py", line 17, in <module>
    from torchvision import models
  File "/home/tianjian/miniconda3/envs/alpacaeval/lib/python3.10/site-packages/torchvision/__init__.py", line 10, in <module>
    from torchvision import models
  File "/home/tianjian/miniconda3/envs/alpacaeval/lib/python3.10/site-packages/torchvision/__init__.py", line 10, in <module>
    from torchvision import models
  File "/home/tianjian/miniconda3/envs/alpacaeval/lib/python3.10/site-packages/torchvision/__init__.py", line 10, in <module>
    from torchvision import models
  File "/home/tianjian/miniconda3/envs/alpacaeval/lib/python3.10/site-packages/torchvision/__init__.py", line 10, in <module>
    from torcheval.metrics.image.fid import FrechetInceptionDistance
  File "/home/tianjian/miniconda3/envs/alpacaeval/lib/python3.10/site-packages/torcheval/metrics/image/fid.py", line 17, in <module>
    from torchvision import models
  File "/home/tianjian/miniconda3/envs/alpacaeval/lib/python3.10/site-packages/torchvision/__init__.py", line 10, in <module>
    from torchvision import _meta_registrations, datasets, io, models, ops, transforms, utils  # usort:skip
  File "/home/tianjian/miniconda3/envs/alpacaeval/lib/python3.10/site-packages/torchvision/_meta_registrations.py", line 164, in <module>
    from torchvision import _meta_registrations, datasets, io, models, ops, transforms, utils  # usort:skip
  File "/home/tianjian/miniconda3/envs/alpacaeval/lib/python3.10/site-packages/torchvision/_meta_registrations.py", line 164, in <module>
    from torchvision import _meta_registrations, datasets, io, models, ops, transforms, utils  # usort:skip
  File "/home/tianjian/miniconda3/envs/alpacaeval/lib/python3.10/site-packages/torchvision/_meta_registrations.py", line 164, in <module>
    from torcheval.metrics.image.fid import FrechetInceptionDistance
    from torchvision import models
  File "/home/tianjian/miniconda3/envs/alpacaeval/lib/python3.10/site-packages/torchvision/__init__.py", line 10, in <module>
  File "/home/tianjian/miniconda3/envs/alpacaeval/lib/python3.10/site-packages/torcheval/metrics/image/fid.py", line 17, in <module>
    def meta_nms(dets, scores, iou_threshold):
  File "/home/tianjian/miniconda3/envs/alpacaeval/lib/python3.10/site-packages/torch/library.py", line 1069, in register
    def meta_nms(dets, scores, iou_threshold):
  File "/home/tianjian/miniconda3/envs/alpacaeval/lib/python3.10/site-packages/torch/library.py", line 1069, in register
    def meta_nms(dets, scores, iou_threshold):
  File "/home/tianjian/miniconda3/envs/alpacaeval/lib/python3.10/site-packages/torch/library.py", line 1069, in register
    from torchvision import models
  File "/home/tianjian/miniconda3/envs/alpacaeval/lib/python3.10/site-packages/torchvision/__init__.py", line 10, in <module>
    from torchvision import models
  File "/home/tianjian/miniconda3/envs/alpacaeval/lib/python3.10/site-packages/torchvision/__init__.py", line 10, in <module>
    use_lib._register_fake(
  File "/home/tianjian/miniconda3/envs/alpacaeval/lib/python3.10/site-packages/torch/library.py", line 219, in _register_fake
    use_lib._register_fake(
  File "/home/tianjian/miniconda3/envs/alpacaeval/lib/python3.10/site-packages/torch/library.py", line 219, in _register_fake
    use_lib._register_fake(
  File "/home/tianjian/miniconda3/envs/alpacaeval/lib/python3.10/site-packages/torch/library.py", line 219, in _register_fake
    from torchvision import _meta_registrations, datasets, io, models, ops, transforms, utils  # usort:skip
  File "/home/tianjian/miniconda3/envs/alpacaeval/lib/python3.10/site-packages/torchvision/_meta_registrations.py", line 164, in <module>
    from torchvision import _meta_registrations, datasets, io, models, ops, transforms, utils  # usort:skip
  File "/home/tianjian/miniconda3/envs/alpacaeval/lib/python3.10/site-packages/torchvision/_meta_registrations.py", line 164, in <module>
    handle = entry.fake_impl.register(
    handle = entry.fake_impl.register(
  File "/home/tianjian/miniconda3/envs/alpacaeval/lib/python3.10/site-packages/torch/_library/fake_impl.py", line 50, in register
    handle = entry.fake_impl.register(
  File "/home/tianjian/miniconda3/envs/alpacaeval/lib/python3.10/site-packages/torch/_library/fake_impl.py", line 50, in register
  File "/home/tianjian/miniconda3/envs/alpacaeval/lib/python3.10/site-packages/torch/_library/fake_impl.py", line 50, in register
    from torchvision import _meta_registrations, datasets, io, models, ops, transforms, utils  # usort:skip
  File "/home/tianjian/miniconda3/envs/alpacaeval/lib/python3.10/site-packages/torchvision/_meta_registrations.py", line 164, in <module>
    def meta_nms(dets, scores, iou_threshold):
  File "/home/tianjian/miniconda3/envs/alpacaeval/lib/python3.10/site-packages/torch/library.py", line 1069, in register
    def meta_nms(dets, scores, iou_threshold):
  File "/home/tianjian/miniconda3/envs/alpacaeval/lib/python3.10/site-packages/torch/library.py", line 1069, in register
    from torchvision import _meta_registrations, datasets, io, models, ops, transforms, utils  # usort:skip
  File "/home/tianjian/miniconda3/envs/alpacaeval/lib/python3.10/site-packages/torchvision/_meta_registrations.py", line 164, in <module>
    def meta_nms(dets, scores, iou_threshold):
  File "/home/tianjian/miniconda3/envs/alpacaeval/lib/python3.10/site-packages/torch/library.py", line 1069, in register
    from torchvision import _meta_registrations, datasets, io, models, ops, transforms, utils  # usort:skip
  File "/home/tianjian/miniconda3/envs/alpacaeval/lib/python3.10/site-packages/torchvision/_meta_registrations.py", line 164, in <module>
    def meta_nms(dets, scores, iou_threshold):
  File "/home/tianjian/miniconda3/envs/alpacaeval/lib/python3.10/site-packages/torch/library.py", line 1069, in register
    def meta_nms(dets, scores, iou_threshold):
  File "/home/tianjian/miniconda3/envs/alpacaeval/lib/python3.10/site-packages/torch/library.py", line 1069, in register
    use_lib._register_fake(
  File "/home/tianjian/miniconda3/envs/alpacaeval/lib/python3.10/site-packages/torch/library.py", line 219, in _register_fake
    use_lib._register_fake(
  File "/home/tianjian/miniconda3/envs/alpacaeval/lib/python3.10/site-packages/torch/library.py", line 219, in _register_fake
    handle = entry.fake_impl.register(
  File "/home/tianjian/miniconda3/envs/alpacaeval/lib/python3.10/site-packages/torch/_library/fake_impl.py", line 50, in register
    handle = entry.fake_impl.register(
  File "/home/tianjian/miniconda3/envs/alpacaeval/lib/python3.10/site-packages/torch/_library/fake_impl.py", line 50, in register
    use_lib._register_fake(
  File "/home/tianjian/miniconda3/envs/alpacaeval/lib/python3.10/site-packages/torch/library.py", line 219, in _register_fake
    use_lib._register_fake(
  File "/home/tianjian/miniconda3/envs/alpacaeval/lib/python3.10/site-packages/torch/library.py", line 219, in _register_fake
    if torch._C._dispatch_has_kernel_for_dispatch_key(self.qualname, "Meta"):
RuntimeError: operator torchvision::nms does not exist
    if torch._C._dispatch_has_kernel_for_dispatch_key(self.qualname, "Meta"):
RuntimeError: operator torchvision::nms does not exist
    if torch._C._dispatch_has_kernel_for_dispatch_key(self.qualname, "Meta"):
RuntimeError: operator torchvision::nms does not exist
    handle = entry.fake_impl.register(
  File "/home/tianjian/miniconda3/envs/alpacaeval/lib/python3.10/site-packages/torch/_library/fake_impl.py", line 50, in register
    use_lib._register_fake(
  File "/home/tianjian/miniconda3/envs/alpacaeval/lib/python3.10/site-packages/torch/library.py", line 219, in _register_fake
    handle = entry.fake_impl.register(
  File "/home/tianjian/miniconda3/envs/alpacaeval/lib/python3.10/site-packages/torch/_library/fake_impl.py", line 50, in register
    if torch._C._dispatch_has_kernel_for_dispatch_key(self.qualname, "Meta"):
RuntimeError: operator torchvision::nms does not exist
    handle = entry.fake_impl.register(
  File "/home/tianjian/miniconda3/envs/alpacaeval/lib/python3.10/site-packages/torch/_library/fake_impl.py", line 50, in register
    if torch._C._dispatch_has_kernel_for_dispatch_key(self.qualname, "Meta"):
RuntimeError: operator torchvision::nms does not exist
    if torch._C._dispatch_has_kernel_for_dispatch_key(self.qualname, "Meta"):
RuntimeError: operator torchvision::nms does not exist
    if torch._C._dispatch_has_kernel_for_dispatch_key(self.qualname, "Meta"):
RuntimeError: operator torchvision::nms does not exist
    if torch._C._dispatch_has_kernel_for_dispatch_key(self.qualname, "Meta"):
RuntimeError: operator torchvision::nms does not exist
srun: error: cr1-h200-p5en48xlarge-818: tasks 24-31: Exited with exit code 1
