/var/spool/slurmd/job1095393/slurm_script: line 23: conda: command not found
/var/spool/slurmd/job1095393/slurm_script: line 24: /fsx-ram/chuanyang/miniconda3/bin/activate: No such file or directory
/var/spool/slurmd/job1095393/slurm_script: line 26: conda: command not found
slurmstepd: error: execve(): fairseq2: No such file or directory
slurmstepd: error: execve(): fairseq2: No such file or directory
srun: error: cr1-h200-p5en48xlarge-485: task 8: Exited with exit code 2
srun: Terminating StepId=1095393.0
slurmstepd: error: *** STEP 1095393.0 ON cr1-h200-p5en48xlarge-420 CANCELLED AT 2025-08-25T05:14:12 ***
srun: error: cr1-h200-p5en48xlarge-420: task 0: Exited with exit code 2
slurmstepd: error: execve(): fairseq2: No such file or directory
slurmstepd: error: execve(): fairseq2: No such file or directory
slurmstepd: error: execve(): fairseq2: No such file or directory
slurmstepd: error: execve(): fairseq2: No such file or directory
slurmstepd: error: execve(): fairseq2: No such file or directory
slurmstepd: error: execve(): fairseq2: No such file or directory
slurmstepd: error: execve(): fairseq2: No such file or directory
slurmstepd: error: execve(): fairseq2: No such file or directory
slurmstepd: error: execve(): fairseq2: No such file or directory
slurmstepd: error: execve(): fairseq2: No such file or directory
slurmstepd: error: execve(): fairseq2: No such file or directory
slurmstepd: error: execve(): fairseq2: No such file or directory
slurmstepd: error: execve(): fairseq2: No such file or directory
slurmstepd: error: execve(): fairseq2: No such file or directory
slurmstepd: error: execve(): fairseq2: No such file or directory
slurmstepd: error: execve(): fairseq2: No such file or directory
slurmstepd: error: execve(): fairseq2: No such file or directory
slurmstepd: error: execve(): fairseq2: No such file or directory
slurmstepd: error: execve(): fairseq2: No such file or directory
slurmstepd: error: execve(): fairseq2: No such file or directory
slurmstepd: error: execve(): fairseq2: No such file or directory
slurmstepd: error: execve(): fairseq2: No such file or directory
srun: error: cr1-h200-p5en48xlarge-549: tasks 16-23: Exited with exit code 2
srun: error: cr1-h200-p5en48xlarge-420: tasks 1-7: Exited with exit code 2
srun: error: cr1-h200-p5en48xlarge-485: tasks 9-15: Exited with exit code 2
