/var/spool/slurmd/job1401301/slurm_script: line 24: /fsx-ram/chuanyang/miniconda3/bin/activate: No such file or directory
Command failed with an unexpected error. See the logged stack trace for details.
Traceback (most recent call last):
  File "/opt/hpcaas/.mounts/fs-072917c00f01ae1ba/home/chuanyang/envs/fairseq2_2025-08-09/fairseq2/src/fairseq2/cli/_main.py", line 35, in main
    exit_code = _run()
  File "/opt/hpcaas/.mounts/fs-072917c00f01ae1ba/home/chuanyang/envs/fairseq2_2025-08-09/fairseq2/src/fairseq2/cli/_main.py", line 86, in _run
    return cli.run(context)
  File "/opt/hpcaas/.mounts/fs-072917c00f01ae1ba/home/chuanyang/envs/fairseq2_2025-08-09/fairseq2/src/fairseq2/cli/_cli.py", line 123, in run
    return args.command.run(context, args)  # type: ignore[no-any-return]
  File "/opt/hpcaas/.mounts/fs-072917c00f01ae1ba/home/chuanyang/envs/fairseq2_2025-08-09/fairseq2/src/fairseq2/cli/_cli.py", line 361, in run
    return self._handler.run(context, self._parser, args)
  File "/opt/hpcaas/.mounts/fs-072917c00f01ae1ba/home/chuanyang/envs/fairseq2_2025-08-09/fairseq2/src/fairseq2/cli/commands/recipe.py", line 148, in run
    self._do_run(context, args)
  File "/opt/hpcaas/.mounts/fs-072917c00f01ae1ba/home/chuanyang/envs/fairseq2_2025-08-09/fairseq2/src/fairseq2/cli/commands/recipe.py", line 200, in _do_run
    self._setup_distributed_logging(context, output_dir)
  File "/opt/hpcaas/.mounts/fs-072917c00f01ae1ba/home/chuanyang/envs/fairseq2_2025-08-09/fairseq2/src/fairseq2/cli/commands/recipe.py", line 360, in _setup_distributed_logging
    initializer.initialize(output_dir)
  File "/opt/hpcaas/.mounts/fs-072917c00f01ae1ba/home/chuanyang/envs/fairseq2_2025-08-09/fairseq2/src/fairseq2/recipes/utils/logging.py", line 55, in initialize
    handler = FileHandler(log_file)
  File "/home/chuanyang/envs/fairseq/conda/lib/python3.10/logging/__init__.py", line 1169, in __init__
    StreamHandler.__init__(self, self._open())
  File "/home/chuanyang/envs/fairseq/conda/lib/python3.10/logging/__init__.py", line 1201, in _open
    return open_func(self.baseFilename, self.mode,
OSError: [Errno 28] No space left on device: '/checkpoint/ram/chuanyang/math/math_0906_prm800k_phase2_processed_final_LR7e-7_FLR1e-15_BT0.1_WP30_EPS1e-8/logs/rank_1.log'
Command failed with an unexpected error. See the logged stack trace for details.
Traceback (most recent call last):
  File "/opt/hpcaas/.mounts/fs-072917c00f01ae1ba/home/chuanyang/envs/fairseq2_2025-08-09/fairseq2/src/fairseq2/cli/_main.py", line 35, in main
    exit_code = _run()
  File "/opt/hpcaas/.mounts/fs-072917c00f01ae1ba/home/chuanyang/envs/fairseq2_2025-08-09/fairseq2/src/fairseq2/cli/_main.py", line 86, in _run
    return cli.run(context)
  File "/opt/hpcaas/.mounts/fs-072917c00f01ae1ba/home/chuanyang/envs/fairseq2_2025-08-09/fairseq2/src/fairseq2/cli/_cli.py", line 123, in run
    return args.command.run(context, args)  # type: ignore[no-any-return]
  File "/opt/hpcaas/.mounts/fs-072917c00f01ae1ba/home/chuanyang/envs/fairseq2_2025-08-09/fairseq2/src/fairseq2/cli/_cli.py", line 361, in run
    return self._handler.run(context, self._parser, args)
  File "/opt/hpcaas/.mounts/fs-072917c00f01ae1ba/home/chuanyang/envs/fairseq2_2025-08-09/fairseq2/src/fairseq2/cli/commands/recipe.py", line 148, in run
Command failed with an unexpected error. See the logged stack trace for details.
Traceback (most recent call last):
  File "/opt/hpcaas/.mounts/fs-072917c00f01ae1ba/home/chuanyang/envs/fairseq2_2025-08-09/fairseq2/src/fairseq2/cli/_main.py", line 35, in main
    exit_code = _run()
  File "/opt/hpcaas/.mounts/fs-072917c00f01ae1ba/home/chuanyang/envs/fairseq2_2025-08-09/fairseq2/src/fairseq2/cli/_main.py", line 86, in _run
    return cli.run(context)
  File "/opt/hpcaas/.mounts/fs-072917c00f01ae1ba/home/chuanyang/envs/fairseq2_2025-08-09/fairseq2/src/fairseq2/cli/_cli.py", line 123, in run
    return args.command.run(context, args)  # type: ignore[no-any-return]
  File "/opt/hpcaas/.mounts/fs-072917c00f01ae1ba/home/chuanyang/envs/fairseq2_2025-08-09/fairseq2/src/fairseq2/cli/_cli.py", line 361, in run
    return self._handler.run(context, self._parser, args)
  File "/opt/hpcaas/.mounts/fs-072917c00f01ae1ba/home/chuanyang/envs/fairseq2_2025-08-09/fairseq2/src/fairseq2/cli/commands/recipe.py", line 148, in run
Command failed with an unexpected error. See the logged stack trace for details.
Traceback (most recent call last):
  File "/opt/hpcaas/.mounts/fs-072917c00f01ae1ba/home/chuanyang/envs/fairseq2_2025-08-09/fairseq2/src/fairseq2/cli/_main.py", line 35, in main
    exit_code = _run()
  File "/opt/hpcaas/.mounts/fs-072917c00f01ae1ba/home/chuanyang/envs/fairseq2_2025-08-09/fairseq2/src/fairseq2/cli/_main.py", line 86, in _run
    return cli.run(context)
  File "/opt/hpcaas/.mounts/fs-072917c00f01ae1ba/home/chuanyang/envs/fairseq2_2025-08-09/fairseq2/src/fairseq2/cli/_cli.py", line 123, in run
    return args.command.run(context, args)  # type: ignore[no-any-return]
  File "/opt/hpcaas/.mounts/fs-072917c00f01ae1ba/home/chuanyang/envs/fairseq2_2025-08-09/fairseq2/src/fairseq2/cli/_cli.py", line 361, in run
    return self._handler.run(context, self._parser, args)
  File "/opt/hpcaas/.mounts/fs-072917c00f01ae1ba/home/chuanyang/envs/fairseq2_2025-08-09/fairseq2/src/fairseq2/cli/commands/recipe.py", line 148, in run
    self._do_run(context, args)
  File "/opt/hpcaas/.mounts/fs-072917c00f01ae1ba/home/chuanyang/envs/fairseq2_2025-08-09/fairseq2/src/fairseq2/cli/commands/recipe.py", line 200, in _do_run
    self._setup_distributed_logging(context, output_dir)
  File "/opt/hpcaas/.mounts/fs-072917c00f01ae1ba/home/chuanyang/envs/fairseq2_2025-08-09/fairseq2/src/fairseq2/cli/commands/recipe.py", line 360, in _setup_distributed_logging
    initializer.initialize(output_dir)
  File "/opt/hpcaas/.mounts/fs-072917c00f01ae1ba/home/chuanyang/envs/fairseq2_2025-08-09/fairseq2/src/fairseq2/recipes/utils/logging.py", line 55, in initialize
    handler = FileHandler(log_file)
  File "/home/chuanyang/envs/fairseq/conda/lib/python3.10/logging/__init__.py", line 1169, in __init__
    StreamHandler.__init__(self, self._open())
  File "/home/chuanyang/envs/fairseq/conda/lib/python3.10/logging/__init__.py", line 1201, in _open
    return open_func(self.baseFilename, self.mode,
    self._do_run(context, args)
  File "/opt/hpcaas/.mounts/fs-072917c00f01ae1ba/home/chuanyang/envs/fairseq2_2025-08-09/fairseq2/src/fairseq2/cli/commands/recipe.py", line 200, in _do_run
    self._setup_distributed_logging(context, output_dir)
  File "/opt/hpcaas/.mounts/fs-072917c00f01ae1ba/home/chuanyang/envs/fairseq2_2025-08-09/fairseq2/src/fairseq2/cli/commands/recipe.py", line 360, in _setup_distributed_logging
    initializer.initialize(output_dir)
  File "/opt/hpcaas/.mounts/fs-072917c00f01ae1ba/home/chuanyang/envs/fairseq2_2025-08-09/fairseq2/src/fairseq2/recipes/utils/logging.py", line 55, in initialize
    handler = FileHandler(log_file)
  File "/home/chuanyang/envs/fairseq/conda/lib/python3.10/logging/__init__.py", line 1169, in __init__
    StreamHandler.__init__(self, self._open())
  File "/home/chuanyang/envs/fairseq/conda/lib/python3.10/logging/__init__.py", line 1201, in _open
    return open_func(self.baseFilename, self.mode,
    self._do_run(context, args)
  File "/opt/hpcaas/.mounts/fs-072917c00f01ae1ba/home/chuanyang/envs/fairseq2_2025-08-09/fairseq2/src/fairseq2/cli/commands/recipe.py", line 200, in _do_run
    self._setup_distributed_logging(context, output_dir)
  File "/opt/hpcaas/.mounts/fs-072917c00f01ae1ba/home/chuanyang/envs/fairseq2_2025-08-09/fairseq2/src/fairseq2/cli/commands/recipe.py", line 360, in _setup_distributed_logging
    initializer.initialize(output_dir)
  File "/opt/hpcaas/.mounts/fs-072917c00f01ae1ba/home/chuanyang/envs/fairseq2_2025-08-09/fairseq2/src/fairseq2/recipes/utils/logging.py", line 55, in initialize
    handler = FileHandler(log_file)
  File "/home/chuanyang/envs/fairseq/conda/lib/python3.10/logging/__init__.py", line 1169, in __init__
    StreamHandler.__init__(self, self._open())
  File "/home/chuanyang/envs/fairseq/conda/lib/python3.10/logging/__init__.py", line 1201, in _open
    return open_func(self.baseFilename, self.mode,
OSError: [Errno 28] No space left on device: '/checkpoint/ram/chuanyang/math/math_0906_prm800k_phase2_processed_final_LR7e-7_FLR1e-15_BT0.1_WP30_EPS1e-8/logs/rank_9.log'
OSError: [Errno 28] No space left on device: '/checkpoint/ram/chuanyang/math/math_0906_prm800k_phase2_processed_final_LR7e-7_FLR1e-15_BT0.1_WP30_EPS1e-8/logs/rank_17.log'
OSError: [Errno 28] No space left on device: '/checkpoint/ram/chuanyang/math/math_0906_prm800k_phase2_processed_final_LR7e-7_FLR1e-15_BT0.1_WP30_EPS1e-8/logs/rank_2.log'
Command failed with an unexpected error. See the logged stack trace for details.
Traceback (most recent call last):
  File "/opt/hpcaas/.mounts/fs-072917c00f01ae1ba/home/chuanyang/envs/fairseq2_2025-08-09/fairseq2/src/fairseq2/cli/_main.py", line 35, in main
    exit_code = _run()
  File "/opt/hpcaas/.mounts/fs-072917c00f01ae1ba/home/chuanyang/envs/fairseq2_2025-08-09/fairseq2/src/fairseq2/cli/_main.py", line 86, in _run
    return cli.run(context)
  File "/opt/hpcaas/.mounts/fs-072917c00f01ae1ba/home/chuanyang/envs/fairseq2_2025-08-09/fairseq2/src/fairseq2/cli/_cli.py", line 123, in run
    return args.command.run(context, args)  # type: ignore[no-any-return]
  File "/opt/hpcaas/.mounts/fs-072917c00f01ae1ba/home/chuanyang/envs/fairseq2_2025-08-09/fairseq2/src/fairseq2/cli/_cli.py", line 361, in run
    return self._handler.run(context, self._parser, args)
  File "/opt/hpcaas/.mounts/fs-072917c00f01ae1ba/home/chuanyang/envs/fairseq2_2025-08-09/fairseq2/src/fairseq2/cli/commands/recipe.py", line 148, in run
Command failed with an unexpected error. See the logged stack trace for details.
Traceback (most recent call last):
  File "/opt/hpcaas/.mounts/fs-072917c00f01ae1ba/home/chuanyang/envs/fairseq2_2025-08-09/fairseq2/src/fairseq2/cli/_main.py", line 35, in main
    exit_code = _run()
  File "/opt/hpcaas/.mounts/fs-072917c00f01ae1ba/home/chuanyang/envs/fairseq2_2025-08-09/fairseq2/src/fairseq2/cli/_main.py", line 86, in _run
    return cli.run(context)
  File "/opt/hpcaas/.mounts/fs-072917c00f01ae1ba/home/chuanyang/envs/fairseq2_2025-08-09/fairseq2/src/fairseq2/cli/_cli.py", line 123, in run
    return args.command.run(context, args)  # type: ignore[no-any-return]
  File "/opt/hpcaas/.mounts/fs-072917c00f01ae1ba/home/chuanyang/envs/fairseq2_2025-08-09/fairseq2/src/fairseq2/cli/_cli.py", line 361, in run
    return self._handler.run(context, self._parser, args)
  File "/opt/hpcaas/.mounts/fs-072917c00f01ae1ba/home/chuanyang/envs/fairseq2_2025-08-09/fairseq2/src/fairseq2/cli/commands/recipe.py", line 148, in run
Command failed with an unexpected error. See the logged stack trace for details.
Traceback (most recent call last):
  File "/opt/hpcaas/.mounts/fs-072917c00f01ae1ba/home/chuanyang/envs/fairseq2_2025-08-09/fairseq2/src/fairseq2/cli/_main.py", line 35, in main
    exit_code = _run()
  File "/opt/hpcaas/.mounts/fs-072917c00f01ae1ba/home/chuanyang/envs/fairseq2_2025-08-09/fairseq2/src/fairseq2/cli/_main.py", line 86, in _run
    return cli.run(context)
  File "/opt/hpcaas/.mounts/fs-072917c00f01ae1ba/home/chuanyang/envs/fairseq2_2025-08-09/fairseq2/src/fairseq2/cli/_cli.py", line 123, in run
    return args.command.run(context, args)  # type: ignore[no-any-return]
  File "/opt/hpcaas/.mounts/fs-072917c00f01ae1ba/home/chuanyang/envs/fairseq2_2025-08-09/fairseq2/src/fairseq2/cli/_cli.py", line 361, in run
    return self._handler.run(context, self._parser, args)
  File "/opt/hpcaas/.mounts/fs-072917c00f01ae1ba/home/chuanyang/envs/fairseq2_2025-08-09/fairseq2/src/fairseq2/cli/commands/recipe.py", line 148, in run
    self._do_run(context, args)
  File "/opt/hpcaas/.mounts/fs-072917c00f01ae1ba/home/chuanyang/envs/fairseq2_2025-08-09/fairseq2/src/fairseq2/cli/commands/recipe.py", line 200, in _do_run
    self._setup_distributed_logging(context, output_dir)
  File "/opt/hpcaas/.mounts/fs-072917c00f01ae1ba/home/chuanyang/envs/fairseq2_2025-08-09/fairseq2/src/fairseq2/cli/commands/recipe.py", line 360, in _setup_distributed_logging
    initializer.initialize(output_dir)
  File "/opt/hpcaas/.mounts/fs-072917c00f01ae1ba/home/chuanyang/envs/fairseq2_2025-08-09/fairseq2/src/fairseq2/recipes/utils/logging.py", line 55, in initialize
    handler = FileHandler(log_file)
  File "/home/chuanyang/envs/fairseq/conda/lib/python3.10/logging/__init__.py", line 1169, in __init__
    StreamHandler.__init__(self, self._open())
  File "/home/chuanyang/envs/fairseq/conda/lib/python3.10/logging/__init__.py", line 1201, in _open
    return open_func(self.baseFilename, self.mode,
    self._do_run(context, args)
  File "/opt/hpcaas/.mounts/fs-072917c00f01ae1ba/home/chuanyang/envs/fairseq2_2025-08-09/fairseq2/src/fairseq2/cli/commands/recipe.py", line 200, in _do_run
    self._setup_distributed_logging(context, output_dir)
  File "/opt/hpcaas/.mounts/fs-072917c00f01ae1ba/home/chuanyang/envs/fairseq2_2025-08-09/fairseq2/src/fairseq2/cli/commands/recipe.py", line 360, in _setup_distributed_logging
    initializer.initialize(output_dir)
  File "/opt/hpcaas/.mounts/fs-072917c00f01ae1ba/home/chuanyang/envs/fairseq2_2025-08-09/fairseq2/src/fairseq2/recipes/utils/logging.py", line 55, in initialize
    handler = FileHandler(log_file)
  File "/home/chuanyang/envs/fairseq/conda/lib/python3.10/logging/__init__.py", line 1169, in __init__
    StreamHandler.__init__(self, self._open())
  File "/home/chuanyang/envs/fairseq/conda/lib/python3.10/logging/__init__.py", line 1201, in _open
    return open_func(self.baseFilename, self.mode,
    self._do_run(context, args)
  File "/opt/hpcaas/.mounts/fs-072917c00f01ae1ba/home/chuanyang/envs/fairseq2_2025-08-09/fairseq2/src/fairseq2/cli/commands/recipe.py", line 200, in _do_run
    self._setup_distributed_logging(context, output_dir)
  File "/opt/hpcaas/.mounts/fs-072917c00f01ae1ba/home/chuanyang/envs/fairseq2_2025-08-09/fairseq2/src/fairseq2/cli/commands/recipe.py", line 360, in _setup_distributed_logging
    initializer.initialize(output_dir)
  File "/opt/hpcaas/.mounts/fs-072917c00f01ae1ba/home/chuanyang/envs/fairseq2_2025-08-09/fairseq2/src/fairseq2/recipes/utils/logging.py", line 55, in initialize
    handler = FileHandler(log_file)
  File "/home/chuanyang/envs/fairseq/conda/lib/python3.10/logging/__init__.py", line 1169, in __init__
    StreamHandler.__init__(self, self._open())
  File "/home/chuanyang/envs/fairseq/conda/lib/python3.10/logging/__init__.py", line 1201, in _open
    return open_func(self.baseFilename, self.mode,
OSError: [Errno 28] No space left on device: '/checkpoint/ram/chuanyang/math/math_0906_prm800k_phase2_processed_final_LR7e-7_FLR1e-15_BT0.1_WP30_EPS1e-8/logs/rank_10.log'
OSError: [Errno 28] No space left on device: '/checkpoint/ram/chuanyang/math/math_0906_prm800k_phase2_processed_final_LR7e-7_FLR1e-15_BT0.1_WP30_EPS1e-8/logs/rank_19.log'
OSError: [Errno 28] No space left on device: '/checkpoint/ram/chuanyang/math/math_0906_prm800k_phase2_processed_final_LR7e-7_FLR1e-15_BT0.1_WP30_EPS1e-8/logs/rank_3.log'
Command failed with an unexpected error. See the logged stack trace for details.
Traceback (most recent call last):
  File "/opt/hpcaas/.mounts/fs-072917c00f01ae1ba/home/chuanyang/envs/fairseq2_2025-08-09/fairseq2/src/fairseq2/cli/_main.py", line 35, in main
    exit_code = _run()
  File "/opt/hpcaas/.mounts/fs-072917c00f01ae1ba/home/chuanyang/envs/fairseq2_2025-08-09/fairseq2/src/fairseq2/cli/_main.py", line 86, in _run
    return cli.run(context)
  File "/opt/hpcaas/.mounts/fs-072917c00f01ae1ba/home/chuanyang/envs/fairseq2_2025-08-09/fairseq2/src/fairseq2/cli/_cli.py", line 123, in run
    return args.command.run(context, args)  # type: ignore[no-any-return]
  File "/opt/hpcaas/.mounts/fs-072917c00f01ae1ba/home/chuanyang/envs/fairseq2_2025-08-09/fairseq2/src/fairseq2/cli/_cli.py", line 361, in run
    return self._handler.run(context, self._parser, args)
  File "/opt/hpcaas/.mounts/fs-072917c00f01ae1ba/home/chuanyang/envs/fairseq2_2025-08-09/fairseq2/src/fairseq2/cli/commands/recipe.py", line 148, in run
Command failed with an unexpected error. See the logged stack trace for details.
Traceback (most recent call last):
  File "/opt/hpcaas/.mounts/fs-072917c00f01ae1ba/home/chuanyang/envs/fairseq2_2025-08-09/fairseq2/src/fairseq2/cli/_main.py", line 35, in main
    exit_code = _run()
  File "/opt/hpcaas/.mounts/fs-072917c00f01ae1ba/home/chuanyang/envs/fairseq2_2025-08-09/fairseq2/src/fairseq2/cli/_main.py", line 86, in _run
    return cli.run(context)
  File "/opt/hpcaas/.mounts/fs-072917c00f01ae1ba/home/chuanyang/envs/fairseq2_2025-08-09/fairseq2/src/fairseq2/cli/_cli.py", line 123, in run
    return args.command.run(context, args)  # type: ignore[no-any-return]
  File "/opt/hpcaas/.mounts/fs-072917c00f01ae1ba/home/chuanyang/envs/fairseq2_2025-08-09/fairseq2/src/fairseq2/cli/_cli.py", line 361, in run
    return self._handler.run(context, self._parser, args)
  File "/opt/hpcaas/.mounts/fs-072917c00f01ae1ba/home/chuanyang/envs/fairseq2_2025-08-09/fairseq2/src/fairseq2/cli/commands/recipe.py", line 148, in run
Command failed with an unexpected error. See the logged stack trace for details.
Traceback (most recent call last):
  File "/opt/hpcaas/.mounts/fs-072917c00f01ae1ba/home/chuanyang/envs/fairseq2_2025-08-09/fairseq2/src/fairseq2/cli/_main.py", line 35, in main
    exit_code = _run()
  File "/opt/hpcaas/.mounts/fs-072917c00f01ae1ba/home/chuanyang/envs/fairseq2_2025-08-09/fairseq2/src/fairseq2/cli/_main.py", line 86, in _run
    return cli.run(context)
  File "/opt/hpcaas/.mounts/fs-072917c00f01ae1ba/home/chuanyang/envs/fairseq2_2025-08-09/fairseq2/src/fairseq2/cli/_cli.py", line 123, in run
    return args.command.run(context, args)  # type: ignore[no-any-return]
  File "/opt/hpcaas/.mounts/fs-072917c00f01ae1ba/home/chuanyang/envs/fairseq2_2025-08-09/fairseq2/src/fairseq2/cli/_cli.py", line 361, in run
    return self._handler.run(context, self._parser, args)
  File "/opt/hpcaas/.mounts/fs-072917c00f01ae1ba/home/chuanyang/envs/fairseq2_2025-08-09/fairseq2/src/fairseq2/cli/commands/recipe.py", line 148, in run
    self._do_run(context, args)
  File "/opt/hpcaas/.mounts/fs-072917c00f01ae1ba/home/chuanyang/envs/fairseq2_2025-08-09/fairseq2/src/fairseq2/cli/commands/recipe.py", line 200, in _do_run
    self._setup_distributed_logging(context, output_dir)
  File "/opt/hpcaas/.mounts/fs-072917c00f01ae1ba/home/chuanyang/envs/fairseq2_2025-08-09/fairseq2/src/fairseq2/cli/commands/recipe.py", line 360, in _setup_distributed_logging
    initializer.initialize(output_dir)
  File "/opt/hpcaas/.mounts/fs-072917c00f01ae1ba/home/chuanyang/envs/fairseq2_2025-08-09/fairseq2/src/fairseq2/recipes/utils/logging.py", line 55, in initialize
    handler = FileHandler(log_file)
  File "/home/chuanyang/envs/fairseq/conda/lib/python3.10/logging/__init__.py", line 1169, in __init__
    StreamHandler.__init__(self, self._open())
  File "/home/chuanyang/envs/fairseq/conda/lib/python3.10/logging/__init__.py", line 1201, in _open
    return open_func(self.baseFilename, self.mode,
    self._do_run(context, args)
  File "/opt/hpcaas/.mounts/fs-072917c00f01ae1ba/home/chuanyang/envs/fairseq2_2025-08-09/fairseq2/src/fairseq2/cli/commands/recipe.py", line 200, in _do_run
    self._setup_distributed_logging(context, output_dir)
  File "/opt/hpcaas/.mounts/fs-072917c00f01ae1ba/home/chuanyang/envs/fairseq2_2025-08-09/fairseq2/src/fairseq2/cli/commands/recipe.py", line 360, in _setup_distributed_logging
    initializer.initialize(output_dir)
  File "/opt/hpcaas/.mounts/fs-072917c00f01ae1ba/home/chuanyang/envs/fairseq2_2025-08-09/fairseq2/src/fairseq2/recipes/utils/logging.py", line 55, in initialize
    handler = FileHandler(log_file)
  File "/home/chuanyang/envs/fairseq/conda/lib/python3.10/logging/__init__.py", line 1169, in __init__
    StreamHandler.__init__(self, self._open())
  File "/home/chuanyang/envs/fairseq/conda/lib/python3.10/logging/__init__.py", line 1201, in _open
    return open_func(self.baseFilename, self.mode,
    self._do_run(context, args)
  File "/opt/hpcaas/.mounts/fs-072917c00f01ae1ba/home/chuanyang/envs/fairseq2_2025-08-09/fairseq2/src/fairseq2/cli/commands/recipe.py", line 200, in _do_run
    self._setup_distributed_logging(context, output_dir)
  File "/opt/hpcaas/.mounts/fs-072917c00f01ae1ba/home/chuanyang/envs/fairseq2_2025-08-09/fairseq2/src/fairseq2/cli/commands/recipe.py", line 360, in _setup_distributed_logging
    initializer.initialize(output_dir)
  File "/opt/hpcaas/.mounts/fs-072917c00f01ae1ba/home/chuanyang/envs/fairseq2_2025-08-09/fairseq2/src/fairseq2/recipes/utils/logging.py", line 55, in initialize
    handler = FileHandler(log_file)
  File "/home/chuanyang/envs/fairseq/conda/lib/python3.10/logging/__init__.py", line 1169, in __init__
    StreamHandler.__init__(self, self._open())
  File "/home/chuanyang/envs/fairseq/conda/lib/python3.10/logging/__init__.py", line 1201, in _open
    return open_func(self.baseFilename, self.mode,
OSError: [Errno 28] No space left on device: '/checkpoint/ram/chuanyang/math/math_0906_prm800k_phase2_processed_final_LR7e-7_FLR1e-15_BT0.1_WP30_EPS1e-8/logs/rank_12.log'
OSError: [Errno 28] No space left on device: '/checkpoint/ram/chuanyang/math/math_0906_prm800k_phase2_processed_final_LR7e-7_FLR1e-15_BT0.1_WP30_EPS1e-8/logs/rank_20.log'
OSError: [Errno 28] No space left on device: '/checkpoint/ram/chuanyang/math/math_0906_prm800k_phase2_processed_final_LR7e-7_FLR1e-15_BT0.1_WP30_EPS1e-8/logs/rank_4.log'
Command failed with an unexpected error. See the logged stack trace for details.
Traceback (most recent call last):
  File "/opt/hpcaas/.mounts/fs-072917c00f01ae1ba/home/chuanyang/envs/fairseq2_2025-08-09/fairseq2/src/fairseq2/cli/_main.py", line 35, in main
    exit_code = _run()
  File "/opt/hpcaas/.mounts/fs-072917c00f01ae1ba/home/chuanyang/envs/fairseq2_2025-08-09/fairseq2/src/fairseq2/cli/_main.py", line 86, in _run
    return cli.run(context)
  File "/opt/hpcaas/.mounts/fs-072917c00f01ae1ba/home/chuanyang/envs/fairseq2_2025-08-09/fairseq2/src/fairseq2/cli/_cli.py", line 123, in run
    return args.command.run(context, args)  # type: ignore[no-any-return]
  File "/opt/hpcaas/.mounts/fs-072917c00f01ae1ba/home/chuanyang/envs/fairseq2_2025-08-09/fairseq2/src/fairseq2/cli/_cli.py", line 361, in run
    return self._handler.run(context, self._parser, args)
  File "/opt/hpcaas/.mounts/fs-072917c00f01ae1ba/home/chuanyang/envs/fairseq2_2025-08-09/fairseq2/src/fairseq2/cli/commands/recipe.py", line 148, in run
Command failed with an unexpected error. See the logged stack trace for details.
Traceback (most recent call last):
  File "/opt/hpcaas/.mounts/fs-072917c00f01ae1ba/home/chuanyang/envs/fairseq2_2025-08-09/fairseq2/src/fairseq2/cli/_main.py", line 35, in main
    exit_code = _run()
  File "/opt/hpcaas/.mounts/fs-072917c00f01ae1ba/home/chuanyang/envs/fairseq2_2025-08-09/fairseq2/src/fairseq2/cli/_main.py", line 86, in _run
    return cli.run(context)
  File "/opt/hpcaas/.mounts/fs-072917c00f01ae1ba/home/chuanyang/envs/fairseq2_2025-08-09/fairseq2/src/fairseq2/cli/_cli.py", line 123, in run
    return args.command.run(context, args)  # type: ignore[no-any-return]
  File "/opt/hpcaas/.mounts/fs-072917c00f01ae1ba/home/chuanyang/envs/fairseq2_2025-08-09/fairseq2/src/fairseq2/cli/_cli.py", line 361, in run
    return self._handler.run(context, self._parser, args)
  File "/opt/hpcaas/.mounts/fs-072917c00f01ae1ba/home/chuanyang/envs/fairseq2_2025-08-09/fairseq2/src/fairseq2/cli/commands/recipe.py", line 148, in run
Command failed with an unexpected error. See the logged stack trace for details.
Traceback (most recent call last):
  File "/opt/hpcaas/.mounts/fs-072917c00f01ae1ba/home/chuanyang/envs/fairseq2_2025-08-09/fairseq2/src/fairseq2/cli/_main.py", line 35, in main
    exit_code = _run()
  File "/opt/hpcaas/.mounts/fs-072917c00f01ae1ba/home/chuanyang/envs/fairseq2_2025-08-09/fairseq2/src/fairseq2/cli/_main.py", line 86, in _run
    return cli.run(context)
  File "/opt/hpcaas/.mounts/fs-072917c00f01ae1ba/home/chuanyang/envs/fairseq2_2025-08-09/fairseq2/src/fairseq2/cli/_cli.py", line 123, in run
    return args.command.run(context, args)  # type: ignore[no-any-return]
  File "/opt/hpcaas/.mounts/fs-072917c00f01ae1ba/home/chuanyang/envs/fairseq2_2025-08-09/fairseq2/src/fairseq2/cli/_cli.py", line 361, in run
    return self._handler.run(context, self._parser, args)
  File "/opt/hpcaas/.mounts/fs-072917c00f01ae1ba/home/chuanyang/envs/fairseq2_2025-08-09/fairseq2/src/fairseq2/cli/commands/recipe.py", line 148, in run
    self._do_run(context, args)
  File "/opt/hpcaas/.mounts/fs-072917c00f01ae1ba/home/chuanyang/envs/fairseq2_2025-08-09/fairseq2/src/fairseq2/cli/commands/recipe.py", line 200, in _do_run
    self._setup_distributed_logging(context, output_dir)
  File "/opt/hpcaas/.mounts/fs-072917c00f01ae1ba/home/chuanyang/envs/fairseq2_2025-08-09/fairseq2/src/fairseq2/cli/commands/recipe.py", line 360, in _setup_distributed_logging
    initializer.initialize(output_dir)
  File "/opt/hpcaas/.mounts/fs-072917c00f01ae1ba/home/chuanyang/envs/fairseq2_2025-08-09/fairseq2/src/fairseq2/recipes/utils/logging.py", line 55, in initialize
    handler = FileHandler(log_file)
  File "/home/chuanyang/envs/fairseq/conda/lib/python3.10/logging/__init__.py", line 1169, in __init__
    StreamHandler.__init__(self, self._open())
  File "/home/chuanyang/envs/fairseq/conda/lib/python3.10/logging/__init__.py", line 1201, in _open
    return open_func(self.baseFilename, self.mode,
    self._do_run(context, args)
  File "/opt/hpcaas/.mounts/fs-072917c00f01ae1ba/home/chuanyang/envs/fairseq2_2025-08-09/fairseq2/src/fairseq2/cli/commands/recipe.py", line 200, in _do_run
    self._setup_distributed_logging(context, output_dir)
  File "/opt/hpcaas/.mounts/fs-072917c00f01ae1ba/home/chuanyang/envs/fairseq2_2025-08-09/fairseq2/src/fairseq2/cli/commands/recipe.py", line 360, in _setup_distributed_logging
    initializer.initialize(output_dir)
  File "/opt/hpcaas/.mounts/fs-072917c00f01ae1ba/home/chuanyang/envs/fairseq2_2025-08-09/fairseq2/src/fairseq2/recipes/utils/logging.py", line 55, in initialize
    handler = FileHandler(log_file)
  File "/home/chuanyang/envs/fairseq/conda/lib/python3.10/logging/__init__.py", line 1169, in __init__
    StreamHandler.__init__(self, self._open())
  File "/home/chuanyang/envs/fairseq/conda/lib/python3.10/logging/__init__.py", line 1201, in _open
    return open_func(self.baseFilename, self.mode,
    self._do_run(context, args)
  File "/opt/hpcaas/.mounts/fs-072917c00f01ae1ba/home/chuanyang/envs/fairseq2_2025-08-09/fairseq2/src/fairseq2/cli/commands/recipe.py", line 200, in _do_run
    self._setup_distributed_logging(context, output_dir)
  File "/opt/hpcaas/.mounts/fs-072917c00f01ae1ba/home/chuanyang/envs/fairseq2_2025-08-09/fairseq2/src/fairseq2/cli/commands/recipe.py", line 360, in _setup_distributed_logging
    initializer.initialize(output_dir)
  File "/opt/hpcaas/.mounts/fs-072917c00f01ae1ba/home/chuanyang/envs/fairseq2_2025-08-09/fairseq2/src/fairseq2/recipes/utils/logging.py", line 55, in initialize
    handler = FileHandler(log_file)
  File "/home/chuanyang/envs/fairseq/conda/lib/python3.10/logging/__init__.py", line 1169, in __init__
    StreamHandler.__init__(self, self._open())
  File "/home/chuanyang/envs/fairseq/conda/lib/python3.10/logging/__init__.py", line 1201, in _open
    return open_func(self.baseFilename, self.mode,
OSError: [Errno 28] No space left on device: '/checkpoint/ram/chuanyang/math/math_0906_prm800k_phase2_processed_final_LR7e-7_FLR1e-15_BT0.1_WP30_EPS1e-8/logs/rank_13.log'
OSError: [Errno 28] No space left on device: '/checkpoint/ram/chuanyang/math/math_0906_prm800k_phase2_processed_final_LR7e-7_FLR1e-15_BT0.1_WP30_EPS1e-8/logs/rank_21.log'
OSError: [Errno 28] No space left on device: '/checkpoint/ram/chuanyang/math/math_0906_prm800k_phase2_processed_final_LR7e-7_FLR1e-15_BT0.1_WP30_EPS1e-8/logs/rank_5.log'
Command failed with an unexpected error. See the logged stack trace for details.
Traceback (most recent call last):
  File "/opt/hpcaas/.mounts/fs-072917c00f01ae1ba/home/chuanyang/envs/fairseq2_2025-08-09/fairseq2/src/fairseq2/cli/_main.py", line 35, in main
    exit_code = _run()
  File "/opt/hpcaas/.mounts/fs-072917c00f01ae1ba/home/chuanyang/envs/fairseq2_2025-08-09/fairseq2/src/fairseq2/cli/_main.py", line 86, in _run
    return cli.run(context)
  File "/opt/hpcaas/.mounts/fs-072917c00f01ae1ba/home/chuanyang/envs/fairseq2_2025-08-09/fairseq2/src/fairseq2/cli/_cli.py", line 123, in run
    return args.command.run(context, args)  # type: ignore[no-any-return]
  File "/opt/hpcaas/.mounts/fs-072917c00f01ae1ba/home/chuanyang/envs/fairseq2_2025-08-09/fairseq2/src/fairseq2/cli/_cli.py", line 361, in run
    return self._handler.run(context, self._parser, args)
  File "/opt/hpcaas/.mounts/fs-072917c00f01ae1ba/home/chuanyang/envs/fairseq2_2025-08-09/fairseq2/src/fairseq2/cli/commands/recipe.py", line 148, in run
Command failed with an unexpected error. See the logged stack trace for details.
Traceback (most recent call last):
  File "/opt/hpcaas/.mounts/fs-072917c00f01ae1ba/home/chuanyang/envs/fairseq2_2025-08-09/fairseq2/src/fairseq2/cli/_main.py", line 35, in main
    exit_code = _run()
  File "/opt/hpcaas/.mounts/fs-072917c00f01ae1ba/home/chuanyang/envs/fairseq2_2025-08-09/fairseq2/src/fairseq2/cli/_main.py", line 86, in _run
    return cli.run(context)
  File "/opt/hpcaas/.mounts/fs-072917c00f01ae1ba/home/chuanyang/envs/fairseq2_2025-08-09/fairseq2/src/fairseq2/cli/_cli.py", line 123, in run
    return args.command.run(context, args)  # type: ignore[no-any-return]
  File "/opt/hpcaas/.mounts/fs-072917c00f01ae1ba/home/chuanyang/envs/fairseq2_2025-08-09/fairseq2/src/fairseq2/cli/_cli.py", line 361, in run
    return self._handler.run(context, self._parser, args)
  File "/opt/hpcaas/.mounts/fs-072917c00f01ae1ba/home/chuanyang/envs/fairseq2_2025-08-09/fairseq2/src/fairseq2/cli/commands/recipe.py", line 148, in run
Command failed with an unexpected error. See the logged stack trace for details.
Traceback (most recent call last):
  File "/opt/hpcaas/.mounts/fs-072917c00f01ae1ba/home/chuanyang/envs/fairseq2_2025-08-09/fairseq2/src/fairseq2/cli/_main.py", line 35, in main
    exit_code = _run()
  File "/opt/hpcaas/.mounts/fs-072917c00f01ae1ba/home/chuanyang/envs/fairseq2_2025-08-09/fairseq2/src/fairseq2/cli/_main.py", line 86, in _run
    return cli.run(context)
  File "/opt/hpcaas/.mounts/fs-072917c00f01ae1ba/home/chuanyang/envs/fairseq2_2025-08-09/fairseq2/src/fairseq2/cli/_cli.py", line 123, in run
    return args.command.run(context, args)  # type: ignore[no-any-return]
  File "/opt/hpcaas/.mounts/fs-072917c00f01ae1ba/home/chuanyang/envs/fairseq2_2025-08-09/fairseq2/src/fairseq2/cli/_cli.py", line 361, in run
    return self._handler.run(context, self._parser, args)
  File "/opt/hpcaas/.mounts/fs-072917c00f01ae1ba/home/chuanyang/envs/fairseq2_2025-08-09/fairseq2/src/fairseq2/cli/commands/recipe.py", line 148, in run
    self._do_run(context, args)
  File "/opt/hpcaas/.mounts/fs-072917c00f01ae1ba/home/chuanyang/envs/fairseq2_2025-08-09/fairseq2/src/fairseq2/cli/commands/recipe.py", line 200, in _do_run
    self._setup_distributed_logging(context, output_dir)
  File "/opt/hpcaas/.mounts/fs-072917c00f01ae1ba/home/chuanyang/envs/fairseq2_2025-08-09/fairseq2/src/fairseq2/cli/commands/recipe.py", line 360, in _setup_distributed_logging
    initializer.initialize(output_dir)
  File "/opt/hpcaas/.mounts/fs-072917c00f01ae1ba/home/chuanyang/envs/fairseq2_2025-08-09/fairseq2/src/fairseq2/recipes/utils/logging.py", line 55, in initialize
    handler = FileHandler(log_file)
  File "/home/chuanyang/envs/fairseq/conda/lib/python3.10/logging/__init__.py", line 1169, in __init__
    StreamHandler.__init__(self, self._open())
  File "/home/chuanyang/envs/fairseq/conda/lib/python3.10/logging/__init__.py", line 1201, in _open
    return open_func(self.baseFilename, self.mode,
    self._do_run(context, args)
  File "/opt/hpcaas/.mounts/fs-072917c00f01ae1ba/home/chuanyang/envs/fairseq2_2025-08-09/fairseq2/src/fairseq2/cli/commands/recipe.py", line 200, in _do_run
    self._setup_distributed_logging(context, output_dir)
  File "/opt/hpcaas/.mounts/fs-072917c00f01ae1ba/home/chuanyang/envs/fairseq2_2025-08-09/fairseq2/src/fairseq2/cli/commands/recipe.py", line 360, in _setup_distributed_logging
    initializer.initialize(output_dir)
  File "/opt/hpcaas/.mounts/fs-072917c00f01ae1ba/home/chuanyang/envs/fairseq2_2025-08-09/fairseq2/src/fairseq2/recipes/utils/logging.py", line 55, in initialize
    handler = FileHandler(log_file)
  File "/home/chuanyang/envs/fairseq/conda/lib/python3.10/logging/__init__.py", line 1169, in __init__
    StreamHandler.__init__(self, self._open())
  File "/home/chuanyang/envs/fairseq/conda/lib/python3.10/logging/__init__.py", line 1201, in _open
    return open_func(self.baseFilename, self.mode,
    self._do_run(context, args)
  File "/opt/hpcaas/.mounts/fs-072917c00f01ae1ba/home/chuanyang/envs/fairseq2_2025-08-09/fairseq2/src/fairseq2/cli/commands/recipe.py", line 200, in _do_run
    self._setup_distributed_logging(context, output_dir)
  File "/opt/hpcaas/.mounts/fs-072917c00f01ae1ba/home/chuanyang/envs/fairseq2_2025-08-09/fairseq2/src/fairseq2/cli/commands/recipe.py", line 360, in _setup_distributed_logging
    initializer.initialize(output_dir)
  File "/opt/hpcaas/.mounts/fs-072917c00f01ae1ba/home/chuanyang/envs/fairseq2_2025-08-09/fairseq2/src/fairseq2/recipes/utils/logging.py", line 55, in initialize
    handler = FileHandler(log_file)
  File "/home/chuanyang/envs/fairseq/conda/lib/python3.10/logging/__init__.py", line 1169, in __init__
    StreamHandler.__init__(self, self._open())
  File "/home/chuanyang/envs/fairseq/conda/lib/python3.10/logging/__init__.py", line 1201, in _open
    return open_func(self.baseFilename, self.mode,
OSError: [Errno 28] No space left on device: '/checkpoint/ram/chuanyang/math/math_0906_prm800k_phase2_processed_final_LR7e-7_FLR1e-15_BT0.1_WP30_EPS1e-8/logs/rank_8.log'
OSError: [Errno 28] No space left on device: '/checkpoint/ram/chuanyang/math/math_0906_prm800k_phase2_processed_final_LR7e-7_FLR1e-15_BT0.1_WP30_EPS1e-8/logs/rank_22.log'
OSError: [Errno 28] No space left on device: '/checkpoint/ram/chuanyang/math/math_0906_prm800k_phase2_processed_final_LR7e-7_FLR1e-15_BT0.1_WP30_EPS1e-8/logs/rank_7.log'
Command failed with an unexpected error. See the logged stack trace for details.
Traceback (most recent call last):
  File "/opt/hpcaas/.mounts/fs-072917c00f01ae1ba/home/chuanyang/envs/fairseq2_2025-08-09/fairseq2/src/fairseq2/cli/_main.py", line 35, in main
    exit_code = _run()
  File "/opt/hpcaas/.mounts/fs-072917c00f01ae1ba/home/chuanyang/envs/fairseq2_2025-08-09/fairseq2/src/fairseq2/cli/_main.py", line 86, in _run
    return cli.run(context)
  File "/opt/hpcaas/.mounts/fs-072917c00f01ae1ba/home/chuanyang/envs/fairseq2_2025-08-09/fairseq2/src/fairseq2/cli/_cli.py", line 123, in run
    return args.command.run(context, args)  # type: ignore[no-any-return]
  File "/opt/hpcaas/.mounts/fs-072917c00f01ae1ba/home/chuanyang/envs/fairseq2_2025-08-09/fairseq2/src/fairseq2/cli/_cli.py", line 361, in run
    return self._handler.run(context, self._parser, args)
  File "/opt/hpcaas/.mounts/fs-072917c00f01ae1ba/home/chuanyang/envs/fairseq2_2025-08-09/fairseq2/src/fairseq2/cli/commands/recipe.py", line 148, in run
Command failed with an unexpected error. See the logged stack trace for details.
Traceback (most recent call last):
  File "/opt/hpcaas/.mounts/fs-072917c00f01ae1ba/home/chuanyang/envs/fairseq2_2025-08-09/fairseq2/src/fairseq2/cli/_main.py", line 35, in main
    exit_code = _run()
  File "/opt/hpcaas/.mounts/fs-072917c00f01ae1ba/home/chuanyang/envs/fairseq2_2025-08-09/fairseq2/src/fairseq2/cli/_main.py", line 86, in _run
    return cli.run(context)
  File "/opt/hpcaas/.mounts/fs-072917c00f01ae1ba/home/chuanyang/envs/fairseq2_2025-08-09/fairseq2/src/fairseq2/cli/_cli.py", line 123, in run
    return args.command.run(context, args)  # type: ignore[no-any-return]
  File "/opt/hpcaas/.mounts/fs-072917c00f01ae1ba/home/chuanyang/envs/fairseq2_2025-08-09/fairseq2/src/fairseq2/cli/_cli.py", line 361, in run
    return self._handler.run(context, self._parser, args)
  File "/opt/hpcaas/.mounts/fs-072917c00f01ae1ba/home/chuanyang/envs/fairseq2_2025-08-09/fairseq2/src/fairseq2/cli/commands/recipe.py", line 148, in run
Command failed with an unexpected error. See the logged stack trace for details.
Traceback (most recent call last):
  File "/opt/hpcaas/.mounts/fs-072917c00f01ae1ba/home/chuanyang/envs/fairseq2_2025-08-09/fairseq2/src/fairseq2/cli/_main.py", line 35, in main
    exit_code = _run()
  File "/opt/hpcaas/.mounts/fs-072917c00f01ae1ba/home/chuanyang/envs/fairseq2_2025-08-09/fairseq2/src/fairseq2/cli/_main.py", line 86, in _run
    return cli.run(context)
  File "/opt/hpcaas/.mounts/fs-072917c00f01ae1ba/home/chuanyang/envs/fairseq2_2025-08-09/fairseq2/src/fairseq2/cli/_cli.py", line 123, in run
    return args.command.run(context, args)  # type: ignore[no-any-return]
  File "/opt/hpcaas/.mounts/fs-072917c00f01ae1ba/home/chuanyang/envs/fairseq2_2025-08-09/fairseq2/src/fairseq2/cli/_cli.py", line 361, in run
    return self._handler.run(context, self._parser, args)
  File "/opt/hpcaas/.mounts/fs-072917c00f01ae1ba/home/chuanyang/envs/fairseq2_2025-08-09/fairseq2/src/fairseq2/cli/commands/recipe.py", line 148, in run
    self._do_run(context, args)
  File "/opt/hpcaas/.mounts/fs-072917c00f01ae1ba/home/chuanyang/envs/fairseq2_2025-08-09/fairseq2/src/fairseq2/cli/commands/recipe.py", line 200, in _do_run
    self._setup_distributed_logging(context, output_dir)
  File "/opt/hpcaas/.mounts/fs-072917c00f01ae1ba/home/chuanyang/envs/fairseq2_2025-08-09/fairseq2/src/fairseq2/cli/commands/recipe.py", line 360, in _setup_distributed_logging
    initializer.initialize(output_dir)
  File "/opt/hpcaas/.mounts/fs-072917c00f01ae1ba/home/chuanyang/envs/fairseq2_2025-08-09/fairseq2/src/fairseq2/recipes/utils/logging.py", line 55, in initialize
    handler = FileHandler(log_file)
  File "/home/chuanyang/envs/fairseq/conda/lib/python3.10/logging/__init__.py", line 1169, in __init__
    StreamHandler.__init__(self, self._open())
  File "/home/chuanyang/envs/fairseq/conda/lib/python3.10/logging/__init__.py", line 1201, in _open
    return open_func(self.baseFilename, self.mode,
    self._do_run(context, args)
  File "/opt/hpcaas/.mounts/fs-072917c00f01ae1ba/home/chuanyang/envs/fairseq2_2025-08-09/fairseq2/src/fairseq2/cli/commands/recipe.py", line 200, in _do_run
    self._setup_distributed_logging(context, output_dir)
  File "/opt/hpcaas/.mounts/fs-072917c00f01ae1ba/home/chuanyang/envs/fairseq2_2025-08-09/fairseq2/src/fairseq2/cli/commands/recipe.py", line 360, in _setup_distributed_logging
    initializer.initialize(output_dir)
  File "/opt/hpcaas/.mounts/fs-072917c00f01ae1ba/home/chuanyang/envs/fairseq2_2025-08-09/fairseq2/src/fairseq2/recipes/utils/logging.py", line 55, in initialize
    handler = FileHandler(log_file)
  File "/home/chuanyang/envs/fairseq/conda/lib/python3.10/logging/__init__.py", line 1169, in __init__
    StreamHandler.__init__(self, self._open())
  File "/home/chuanyang/envs/fairseq/conda/lib/python3.10/logging/__init__.py", line 1201, in _open
    return open_func(self.baseFilename, self.mode,
    self._do_run(context, args)
  File "/opt/hpcaas/.mounts/fs-072917c00f01ae1ba/home/chuanyang/envs/fairseq2_2025-08-09/fairseq2/src/fairseq2/cli/commands/recipe.py", line 200, in _do_run
    self._setup_distributed_logging(context, output_dir)
  File "/opt/hpcaas/.mounts/fs-072917c00f01ae1ba/home/chuanyang/envs/fairseq2_2025-08-09/fairseq2/src/fairseq2/cli/commands/recipe.py", line 360, in _setup_distributed_logging
    initializer.initialize(output_dir)
  File "/opt/hpcaas/.mounts/fs-072917c00f01ae1ba/home/chuanyang/envs/fairseq2_2025-08-09/fairseq2/src/fairseq2/recipes/utils/logging.py", line 55, in initialize
    handler = FileHandler(log_file)
  File "/home/chuanyang/envs/fairseq/conda/lib/python3.10/logging/__init__.py", line 1169, in __init__
    StreamHandler.__init__(self, self._open())
  File "/home/chuanyang/envs/fairseq/conda/lib/python3.10/logging/__init__.py", line 1201, in _open
    return open_func(self.baseFilename, self.mode,
OSError: [Errno 28] No space left on device: '/checkpoint/ram/chuanyang/math/math_0906_prm800k_phase2_processed_final_LR7e-7_FLR1e-15_BT0.1_WP30_EPS1e-8/logs/rank_11.log'
OSError: [Errno 28] No space left on device: '/checkpoint/ram/chuanyang/math/math_0906_prm800k_phase2_processed_final_LR7e-7_FLR1e-15_BT0.1_WP30_EPS1e-8/logs/rank_23.log'
OSError: [Errno 28] No space left on device: '/checkpoint/ram/chuanyang/math/math_0906_prm800k_phase2_processed_final_LR7e-7_FLR1e-15_BT0.1_WP30_EPS1e-8/logs/rank_6.log'
Command failed with an unexpected error. See the logged stack trace for details.
Traceback (most recent call last):
  File "/opt/hpcaas/.mounts/fs-072917c00f01ae1ba/home/chuanyang/envs/fairseq2_2025-08-09/fairseq2/src/fairseq2/cli/_main.py", line 35, in main
    exit_code = _run()
  File "/opt/hpcaas/.mounts/fs-072917c00f01ae1ba/home/chuanyang/envs/fairseq2_2025-08-09/fairseq2/src/fairseq2/cli/_main.py", line 86, in _run
    return cli.run(context)
  File "/opt/hpcaas/.mounts/fs-072917c00f01ae1ba/home/chuanyang/envs/fairseq2_2025-08-09/fairseq2/src/fairseq2/cli/_cli.py", line 123, in run
    return args.command.run(context, args)  # type: ignore[no-any-return]
  File "/opt/hpcaas/.mounts/fs-072917c00f01ae1ba/home/chuanyang/envs/fairseq2_2025-08-09/fairseq2/src/fairseq2/cli/_cli.py", line 361, in run
    return self._handler.run(context, self._parser, args)
  File "/opt/hpcaas/.mounts/fs-072917c00f01ae1ba/home/chuanyang/envs/fairseq2_2025-08-09/fairseq2/src/fairseq2/cli/commands/recipe.py", line 148, in run
Command failed with an unexpected error. See the logged stack trace for details.
Traceback (most recent call last):
  File "/opt/hpcaas/.mounts/fs-072917c00f01ae1ba/home/chuanyang/envs/fairseq2_2025-08-09/fairseq2/src/fairseq2/cli/_main.py", line 35, in main
    exit_code = _run()
  File "/opt/hpcaas/.mounts/fs-072917c00f01ae1ba/home/chuanyang/envs/fairseq2_2025-08-09/fairseq2/src/fairseq2/cli/_main.py", line 86, in _run
    return cli.run(context)
  File "/opt/hpcaas/.mounts/fs-072917c00f01ae1ba/home/chuanyang/envs/fairseq2_2025-08-09/fairseq2/src/fairseq2/cli/_cli.py", line 123, in run
    return args.command.run(context, args)  # type: ignore[no-any-return]
  File "/opt/hpcaas/.mounts/fs-072917c00f01ae1ba/home/chuanyang/envs/fairseq2_2025-08-09/fairseq2/src/fairseq2/cli/_cli.py", line 361, in run
    return self._handler.run(context, self._parser, args)
  File "/opt/hpcaas/.mounts/fs-072917c00f01ae1ba/home/chuanyang/envs/fairseq2_2025-08-09/fairseq2/src/fairseq2/cli/commands/recipe.py", line 148, in run
[09/06/25 15:51:10] ERROR    fairseq2 - Command failed with an unexpected error.
                             See the logged stack trace for details.            
                             Traceback (most recent call last):                 
                               File                                             
                             "/opt/hpcaas/.mounts/fs-072917c00f01ae1ba/home/chua
                             nyang/envs/fairseq2_2025-08-09/fairseq2/src/fairseq
                             2/cli/_main.py", line 35, in main                  
                                 exit_code = _run()                             
                               File                                             
                             "/opt/hpcaas/.mounts/fs-072917c00f01ae1ba/home/chua
                             nyang/envs/fairseq2_2025-08-09/fairseq2/src/fairseq
                             2/cli/_main.py", line 86, in _run                  
    self._do_run(context, args)
  File "/opt/hpcaas/.mounts/fs-072917c00f01ae1ba/home/chuanyang/envs/fairseq2_2025-08-09/fairseq2/src/fairseq2/cli/commands/recipe.py", line 200, in _do_run
    self._setup_distributed_logging(context, output_dir)
  File "/opt/hpcaas/.mounts/fs-072917c00f01ae1ba/home/chuanyang/envs/fairseq2_2025-08-09/fairseq2/src/fairseq2/cli/commands/recipe.py", line 360, in _setup_distributed_logging
    initializer.initialize(output_dir)
  File "/opt/hpcaas/.mounts/fs-072917c00f01ae1ba/home/chuanyang/envs/fairseq2_2025-08-09/fairseq2/src/fairseq2/recipes/utils/logging.py", line 55, in initialize
    handler = FileHandler(log_file)
  File "/home/chuanyang/envs/fairseq/conda/lib/python3.10/logging/__init__.py", line 1169, in __init__
    StreamHandler.__init__(self, self._open())
  File "/home/chuanyang/envs/fairseq/conda/lib/python3.10/logging/__init__.py", line 1201, in _open
    return open_func(self.baseFilename, self.mode,
    self._do_run(context, args)
  File "/opt/hpcaas/.mounts/fs-072917c00f01ae1ba/home/chuanyang/envs/fairseq2_2025-08-09/fairseq2/src/fairseq2/cli/commands/recipe.py", line 200, in _do_run
    self._setup_distributed_logging(context, output_dir)
  File "/opt/hpcaas/.mounts/fs-072917c00f01ae1ba/home/chuanyang/envs/fairseq2_2025-08-09/fairseq2/src/fairseq2/cli/commands/recipe.py", line 360, in _setup_distributed_logging
    initializer.initialize(output_dir)
  File "/opt/hpcaas/.mounts/fs-072917c00f01ae1ba/home/chuanyang/envs/fairseq2_2025-08-09/fairseq2/src/fairseq2/recipes/utils/logging.py", line 55, in initialize
    handler = FileHandler(log_file)
  File "/home/chuanyang/envs/fairseq/conda/lib/python3.10/logging/__init__.py", line 1169, in __init__
    StreamHandler.__init__(self, self._open())
  File "/home/chuanyang/envs/fairseq/conda/lib/python3.10/logging/__init__.py", line 1201, in _open
    return open_func(self.baseFilename, self.mode,
                                 return cli.run(context)                        
                               File                                             
                             "/opt/hpcaas/.mounts/fs-072917c00f01ae1ba/home/chua
                             nyang/envs/fairseq2_2025-08-09/fairseq2/src/fairseq
                             2/cli/_cli.py", line 123, in run                   
                                 return args.command.run(context, args)  # type:
                             ignore[no-any-return]                              
                               File                                             
                             "/opt/hpcaas/.mounts/fs-072917c00f01ae1ba/home/chua
                             nyang/envs/fairseq2_2025-08-09/fairseq2/src/fairseq
                             2/cli/_cli.py", line 361, in run                   
                                 return self._handler.run(context, self._parser,
OSError: [Errno 28] No space left on device: '/checkpoint/ram/chuanyang/math/math_0906_prm800k_phase2_processed_final_LR7e-7_FLR1e-15_BT0.1_WP30_EPS1e-8/logs/rank_15.log'
OSError: [Errno 28] No space left on device: '/checkpoint/ram/chuanyang/math/math_0906_prm800k_phase2_processed_final_LR7e-7_FLR1e-15_BT0.1_WP30_EPS1e-8/logs/rank_18.log'
                             args)                                              
                               File                                             
                             "/opt/hpcaas/.mounts/fs-072917c00f01ae1ba/home/chua
                             nyang/envs/fairseq2_2025-08-09/fairseq2/src/fairseq
                             2/cli/commands/recipe.py", line 148, in run        
                                 self._do_run(context, args)                    
                               File                                             
                             "/opt/hpcaas/.mounts/fs-072917c00f01ae1ba/home/chua
                             nyang/envs/fairseq2_2025-08-09/fairseq2/src/fairseq
                             2/cli/commands/recipe.py", line 200, in _do_run    
                                 self._setup_distributed_logging(context,       
                             output_dir)                                        
Command failed with an unexpected error. See the logged stack trace for details.
Traceback (most recent call last):
  File "/opt/hpcaas/.mounts/fs-072917c00f01ae1ba/home/chuanyang/envs/fairseq2_2025-08-09/fairseq2/src/fairseq2/cli/_main.py", line 35, in main
    exit_code = _run()
  File "/opt/hpcaas/.mounts/fs-072917c00f01ae1ba/home/chuanyang/envs/fairseq2_2025-08-09/fairseq2/src/fairseq2/cli/_main.py", line 86, in _run
    return cli.run(context)
  File "/opt/hpcaas/.mounts/fs-072917c00f01ae1ba/home/chuanyang/envs/fairseq2_2025-08-09/fairseq2/src/fairseq2/cli/_cli.py", line 123, in run
    return args.command.run(context, args)  # type: ignore[no-any-return]
  File "/opt/hpcaas/.mounts/fs-072917c00f01ae1ba/home/chuanyang/envs/fairseq2_2025-08-09/fairseq2/src/fairseq2/cli/_cli.py", line 361, in run
    return self._handler.run(context, self._parser, args)
  File "/opt/hpcaas/.mounts/fs-072917c00f01ae1ba/home/chuanyang/envs/fairseq2_2025-08-09/fairseq2/src/fairseq2/cli/commands/recipe.py", line 148, in run
Command failed with an unexpected error. See the logged stack trace for details.
Traceback (most recent call last):
  File "/opt/hpcaas/.mounts/fs-072917c00f01ae1ba/home/chuanyang/envs/fairseq2_2025-08-09/fairseq2/src/fairseq2/cli/_main.py", line 35, in main
    exit_code = _run()
  File "/opt/hpcaas/.mounts/fs-072917c00f01ae1ba/home/chuanyang/envs/fairseq2_2025-08-09/fairseq2/src/fairseq2/cli/_main.py", line 86, in _run
    return cli.run(context)
  File "/opt/hpcaas/.mounts/fs-072917c00f01ae1ba/home/chuanyang/envs/fairseq2_2025-08-09/fairseq2/src/fairseq2/cli/_cli.py", line 123, in run
    return args.command.run(context, args)  # type: ignore[no-any-return]
  File "/opt/hpcaas/.mounts/fs-072917c00f01ae1ba/home/chuanyang/envs/fairseq2_2025-08-09/fairseq2/src/fairseq2/cli/_cli.py", line 361, in run
    return self._handler.run(context, self._parser, args)
  File "/opt/hpcaas/.mounts/fs-072917c00f01ae1ba/home/chuanyang/envs/fairseq2_2025-08-09/fairseq2/src/fairseq2/cli/commands/recipe.py", line 148, in run
                               File                                             
                             "/opt/hpcaas/.mounts/fs-072917c00f01ae1ba/home/chua
                             nyang/envs/fairseq2_2025-08-09/fairseq2/src/fairseq
                             2/cli/commands/recipe.py", line 360, in            
                             _setup_distributed_logging                         
                                 initializer.initialize(output_dir)             
                               File                                             
                             "/opt/hpcaas/.mounts/fs-072917c00f01ae1ba/home/chua
                             nyang/envs/fairseq2_2025-08-09/fairseq2/src/fairseq
                             2/recipes/utils/logging.py", line 55, in initialize
                                 handler = FileHandler(log_file)                
                               File                                             
    self._do_run(context, args)
  File "/opt/hpcaas/.mounts/fs-072917c00f01ae1ba/home/chuanyang/envs/fairseq2_2025-08-09/fairseq2/src/fairseq2/cli/commands/recipe.py", line 200, in _do_run
    self._setup_distributed_logging(context, output_dir)
  File "/opt/hpcaas/.mounts/fs-072917c00f01ae1ba/home/chuanyang/envs/fairseq2_2025-08-09/fairseq2/src/fairseq2/cli/commands/recipe.py", line 360, in _setup_distributed_logging
    initializer.initialize(output_dir)
  File "/opt/hpcaas/.mounts/fs-072917c00f01ae1ba/home/chuanyang/envs/fairseq2_2025-08-09/fairseq2/src/fairseq2/recipes/utils/logging.py", line 55, in initialize
    handler = FileHandler(log_file)
  File "/home/chuanyang/envs/fairseq/conda/lib/python3.10/logging/__init__.py", line 1169, in __init__
    StreamHandler.__init__(self, self._open())
  File "/home/chuanyang/envs/fairseq/conda/lib/python3.10/logging/__init__.py", line 1201, in _open
    return open_func(self.baseFilename, self.mode,
    self._do_run(context, args)
  File "/opt/hpcaas/.mounts/fs-072917c00f01ae1ba/home/chuanyang/envs/fairseq2_2025-08-09/fairseq2/src/fairseq2/cli/commands/recipe.py", line 200, in _do_run
    self._setup_distributed_logging(context, output_dir)
  File "/opt/hpcaas/.mounts/fs-072917c00f01ae1ba/home/chuanyang/envs/fairseq2_2025-08-09/fairseq2/src/fairseq2/cli/commands/recipe.py", line 360, in _setup_distributed_logging
    initializer.initialize(output_dir)
  File "/opt/hpcaas/.mounts/fs-072917c00f01ae1ba/home/chuanyang/envs/fairseq2_2025-08-09/fairseq2/src/fairseq2/recipes/utils/logging.py", line 55, in initialize
    handler = FileHandler(log_file)
  File "/home/chuanyang/envs/fairseq/conda/lib/python3.10/logging/__init__.py", line 1169, in __init__
    StreamHandler.__init__(self, self._open())
  File "/home/chuanyang/envs/fairseq/conda/lib/python3.10/logging/__init__.py", line 1201, in _open
    return open_func(self.baseFilename, self.mode,
                             "/home/chuanyang/envs/fairseq/conda/lib/python3.10/
                             logging/__init__.py", line 1169, in __init__       
OSError: [Errno 28] No space left on device: '/checkpoint/ram/chuanyang/math/math_0906_prm800k_phase2_processed_final_LR7e-7_FLR1e-15_BT0.1_WP30_EPS1e-8/logs/rank_14.log'
OSError: [Errno 28] No space left on device: '/checkpoint/ram/chuanyang/math/math_0906_prm800k_phase2_processed_final_LR7e-7_FLR1e-15_BT0.1_WP30_EPS1e-8/logs/rank_16.log'
                                 StreamHandler.__init__(self, self._open())     
                               File                                             
                             "/home/chuanyang/envs/fairseq/conda/lib/python3.10/
                             logging/__init__.py", line 1201, in _open          
                                 return open_func(self.baseFilename, self.mode, 
                             OSError: [Errno 28] No space left on device:       
                             '/checkpoint/ram/chuanyang/math/math_0906_prm800k_p
                             hase2_processed_final_LR7e-7_FLR1e-15_BT0.1_WP30_EP
                             S1e-8/logs/rank_0.log'                             
srun: error: cr1-h200-p5en48xlarge-544: tasks 16-23: Exited with exit code 1
srun: Terminating StepId=1401301.0
srun: error: cr1-h200-p5en48xlarge-344: tasks 0-7: Exited with exit code 1
srun: error: cr1-h200-p5en48xlarge-543: tasks 8-15: Exited with exit code 1
