/var/spool/slurmd/job1523963/slurm_script: line 22: /fsx-ram/chuanyang/miniconda3/bin/activate: No such file or directory
slurmstepd: error: execve(): fairseq: No such file or directory
srun: error: cr1-h100-p548xlarge-160: task 8: Exited with exit code 2
srun: Terminating StepId=1523963.0
slurmstepd: error: *** STEP 1523963.0 ON cr1-h100-p548xlarge-77 CANCELLED AT 2025-08-08T01:17:37 ***
slurmstepd: error: execve(): fairseq: No such file or directory
slurmstepd: error: execve(): fairseq: No such file or directory
slurmstepd: error: execve(): fairseq: No such file or directory
slurmstepd: error: execve(): fairseq: No such file or directory
slurmstepd: error: execve(): fairseq: No such file or directory
slurmstepd: error: execve(): fairseq: No such file or directory
slurmstepd: error: execve(): fairseq: No such file or directory
srun: error: cr1-h100-p548xlarge-160: tasks 9-15: Exited with exit code 2
slurmstepd: error: execve(): fairseq: No such file or directory
slurmstepd: error: execve(): fairseq: No such file or directory
slurmstepd: error: execve(): fairseq: No such file or directory
slurmstepd: error: execve(): fairseq: No such file or directory
slurmstepd: error: execve(): fairseq: No such file or directory
slurmstepd: error: execve(): fairseq: No such file or directory
slurmstepd: error: execve(): fairseq: No such file or directory
slurmstepd: error: execve(): fairseq: No such file or directory
srun: error: cr1-h100-p548xlarge-77: tasks 0-7: Exited with exit code 2
