/var/spool/slurmd/job1402041/slurm_script: line 23: conda: command not found
/var/spool/slurmd/job1402041/slurm_script: line 24: /fsx-ram/chuanyang/miniconda3/bin/activate: No such file or directory
/var/spool/slurmd/job1402041/slurm_script: line 26: conda: command not found
slurmstepd: error: execve(): fairseq2: No such file or directory
slurmstepd: error: execve(): fairseq2: No such file or directory
slurmstepd: error: execve(): fairseq2: No such file or directory
srun: error: cr1-h200-p5en48xlarge-486: task 8: Exited with exit code 2
srun: Terminating StepId=1402041.0
slurmstepd: error: *** STEP 1402041.0 ON cr1-h200-p5en48xlarge-456 CANCELLED AT 2025-09-06T17:45:31 ***
slurmstepd: error: execve(): fairseq2: No such file or directory
slurmstepd: error: execve(): fairseq2: No such file or directory
slurmstepd: error: execve(): fairseq2: No such file or directory
slurmstepd: error: execve(): fairseq2: No such file or directory
slurmstepd: error: execve(): fairseq2: No such file or directory
slurmstepd: error: execve(): fairseq2: No such file or directory
slurmstepd: error: execve(): fairseq2: No such file or directory
slurmstepd: error: execve(): fairseq2: No such file or directory
srun: error: cr1-h200-p5en48xlarge-487: tasks 16-23: Exited with exit code 2
srun: error: cr1-h200-p5en48xlarge-456: tasks 0,2: Exited with exit code 2
slurmstepd: error: execve(): fairseq2: No such file or directory
slurmstepd: error: execve(): fairseq2: No such file or directory
slurmstepd: error: execve(): fairseq2: No such file or directory
slurmstepd: error: execve(): fairseq2: No such file or directory
slurmstepd: error: execve(): fairseq2: No such file or directory
slurmstepd: error: execve(): fairseq2: No such file or directory
slurmstepd: error: execve(): fairseq2: No such file or directory
slurmstepd: error: execve(): fairseq2: No such file or directory
slurmstepd: error: execve(): fairseq2: No such file or directory
slurmstepd: error: execve(): fairseq2: No such file or directory
slurmstepd: error: execve(): fairseq2: No such file or directory
slurmstepd: error: execve(): fairseq2: No such file or directory
slurmstepd: error: execve(): fairseq2: No such file or directory
srun: error: cr1-h200-p5en48xlarge-486: tasks 9-15: Exited with exit code 2
srun: error: cr1-h200-p5en48xlarge-456: tasks 1,3-7: Exited with exit code 2
