/var/spool/slurmd/job1474489/slurm_script: line 21: /fsx-ram/chuanyang/miniconda3/bin/activate: No such file or directory
[07/18/25 12:44:57] INFO     fairseq2 - Log files are stored under              
                             /checkpoint/ram/chuanyang/dpo/rlhi_0718_combined_co
                             mbined_preference_pairs_0718_6.1k.jsonl_LR1e-7_FLR1
                             e-17_BT0.1_WP30_EPS1e-8.                           
                    INFO     fairseq2 - Config:                                 
                             {                                                  
                                 'model': {                                     
                                     'name': 'llama3_1_8b_instruct',            
                                     'family': None,                            
                                     'arch': None,                              
                                     'config': {'dropout_p': 0.0},              
                                     'checkpoint': None                         
                                 },                                             
                                 'dataset': {                                   
                                     'name': 'dpo_rip',                         
                                     'path':                                    
                             '/home/chuanyang/data/combined_preference_pairs_071
                             8_6.1k.jsonl.jsonl',                               
                                     'family': 'generic_preference',            
                                     'source_encode_mode': 'prompt',            
                                     'target_encode_mode': 'prompt_response',   
                                     'mask_source_tokens': True,                
                                     'min_seq_len': 1,                          
                                     'max_seq_len': 8192,                       
                                     'max_num_tokens': 16384,                   
                                     'batch_size': 1,                           
                                     'example_shuffle_window': 10000,           
                                     'batch_shuffle_window': 1000,              
                                     'num_prefetch': 4,                         
                                     'extras': {}                               
                                 },                                             
                                 'gang': {                                      
                                     'tensor_parallel_size': 1,                 
                                     'timeout': 15,                             
                                     'high_priority': True,                     
                                     'monitored': False                         
                                 },                                             
                                 'trainer': {                                   
                                     'dtype': 'bfloat16',                       
                                     'data_parallelism': 'fsdp',                
                                     'fsdp': {                                  
                                         'version': 'v1',                       
                                         'granularity': 'layer',                
                                         'hsdp': False,                         
                                         'reshard_after_forward': True,         
                                         'fp32_reduce': True                    
                                     },                                         
                                     'mixed_precision': 'static',               
                                     'gradient_accumulation': 4,                
                                     'activation_checkpointing': True,          
                                     'max_gradient_norm': 1.0,                  
                                     'fp16_loss_scale': [128.0, 0.0001],        
                                     'torch_compile': False,                    
                                     'gc_every_n_steps': None,                  
                                     'profile': None,                           
                                     'gradient_check': False,                   
                                     'anomaly_detection': False                 
                                 },                                             
                                 'criterion': {                                 
                                     'name': 'dpo',                             
                                     'config': {                                
                                         'reference_model': {'name':            
                             'llama3_1_8b_instruct'},                           
                                         'reference_dtype': 'bfloat16',         
                                         'beta': 0.1,                           
                                         'nll_scale': 0.0,                      
                                         'length_normalization': False          
                                     }                                          
                                 },                                             
                                 'optimizer': {                                 
                                     'name': 'adamw',                           
                                     'config': {                                
                                         'lr': '1e-7',                          
                                         'betas': [0.9, 0.95],                  
                                         'eps': '1e-8',                         
                                         'weight_decay': 0.1,                   
                                         'amsgrad': False,                      
                                         'maximize': False,                     
                                         'capturable': False,                   
                                         'differentiable': False,               
                                         'impl': 'auto',                        
                                         'use_fp32': False                      
                                     }                                          
                                 },                                             
                                 'lr_scheduler': {                              
                                     'name': 'cosine_annealing',                
                                     'config': {                                
                                         'cycle_len': None,                     
                                         'num_warmup_steps': 30,                
                                         'cycle_mul': 1.0,                      
                                         'lr_mul': 1.0,                         
                                         'start_lr': 0.0,                       
                                         'final_lr': None,                      
                                         'final_lr_scale': '1e-10'              
                                     }                                          
                                 },                                             
                                 'regime': {                                    
                                     'num_steps': 2000,                         
                                     'num_data_epochs': 100,                    
                                     'score_metric': None,                      
                                     'lower_score_better': False,               
                                     'validate_after_n_steps': 0,               
                                     'validate_every_n_steps': None,            
                                     'validate_after_n_data_epochs': 0,         
                                     'validate_every_n_data_epochs': None,      
                                     'checkpoint_after_n_steps': 0,             
                                     'checkpoint_every_n_steps': 500,           
                                     'checkpoint_after_n_data_epochs': 0,       
                                     'checkpoint_every_n_data_epochs': 1,       
                                     'keep_last_n_checkpoints': 1,              
                                     'keep_best_n_checkpoints': None,           
                                     'keep_last_n_models': 100000,              
                                     'keep_best_n_models': None,                
                                     'publish_metrics_after_n_steps': 0,        
                                     'publish_metrics_every_n_steps': 1,        
                                     'publish_metrics_after_n_data_epochs': 1,  
                                     'publish_metrics_every_n_data_epochs': None
                                 },                                             
                                 'common': {                                    
                                     'metric_recorders': {                      
                                         'log': {'enabled': True},              
                                         'jsonl': {'enabled': True},            
                                         'tensorboard': {'enabled': True},      
                                         'wandb': {'enabled': False, 'project': 
                             None, 'run': None}                                 
                                     },                                         
                                     'profilers': {                             
                                         'torch': {                             
                                             'enabled': False,                  
                                             'skip_n_steps': 4,                 
                                             'wait_n_steps': 0,                 
                                             'num_warmup_steps': 1,             
                                             'num_active_steps': 4,             
                                             'repeat': 1                        
                                         }                                      
                                     },                                         
                                     'assets': {'extra_path': None,             
                             'checkpoint_dir': None},                           
                                     'seed': 2                                  
                                 }                                              
                             }                                                  
[07/18/25 12:45:02] INFO     fairseq2 - Setting 'cuda:0' as the default device  
                             of the process.                                    
                    INFO     fairseq2 - Host - Name: cr1-h100-p548xlarge-126 |  
                             Platform:                                          
                             Linux-6.8.0-1029-aws-x86_64-with-glibc2.35 | Linux 
                             Distribution: Ubuntu 22.04.5 LTS | Number of CPUs: 
                             10/192 (0,48,58-60,96,144,154-156) | Memory: 1.95  
                             TiB                                                
                    INFO     fairseq2 - Device - ID: cuda:0 | Name: NVIDIA H100 
                             80GB HBM3 | Memory: 79.19 GiB | Number of SMs: 132 
                             | Compute Capability: 9.0                          
                    INFO     fairseq2 - Software - Python: 3.10.14 | PyTorch:   
                             2.6.0+cu124 | CUDA: 12.4 | NCCL: 2.21.5 | fairseq2:
                             0.4.5 | fairseq2n: 0.4.5+cu124 | Python            
                             Environment: Conda                                 
                             (/home/chuanyang/miniconda3/envs/fairseq2)         
                    INFO     fairseq2 - Runtime Environment - Process ID:       
                             3690491 | PyTorch Intraop Thread Count: 10         
                    INFO     fairseq2 - Environment Variables -                 
                             SLURM_GPUS_PER_NODE=8, SLURM_TRES_PER_TASK=cpu=10, 
                             OMPI_MCA_plm_slurm_args=--external-launcher,       
                             PRTE_MCA_plm_slurm_args=--external-launcher,       
                             HYDRA_BOOTSTRAP=slurm,                             
                             HYDRA_LAUNCHER_EXTRA_ARGS=--external-launcher,     
                             I_MPI_HYDRA_BOOTSTRAP=slurm,                       
                             I_MPI_HYDRA_BOOTSTRAP_EXEC_EXTRA_ARGS=--external-la
                             uncher, SHELL=/bin/bash, COLORTERM=truecolor,      
                             SLURM_JOB_USER=chuanyang,                          
                             SLURM_TASKS_PER_NODE=8(x2), SLURM_JOB_UID=694137,  
                             TERM_PROGRAM_VERSION=1.101.2,                      
                             SLURM_TASK_PID=3690491,                            
                             CONDA_EXE=/home/chuanyang/miniconda3/bin/conda,    
                             SLURM_JOB_GPUS=0,1,2,3,4,5,6,7, SLURM_LOCALID=0,   
                             SLURM_SUBMIT_DIR=/opt/hpcaas/.mounts/fs-072917c00f0
                             1ae1ba/home/chuanyang/dpo,                         
                             HOSTNAME=cr1-h100-p548xlarge-126,                  
                             SLURMD_NODENAME=cr1-h100-p548xlarge-126,           
                             SLURM_JOB_START_TIME=1752842658,                   
                             SSH_AUTH_SOCK=/run/user/694137/vscode-ssh-auth-sock
                             -799205681,                                        
                             CUDA_CACHE_PATH=/opt/dlami/nvme/chuanyang/.nv/Compu
                             teCache/, HISTTIMEFORMAT=%F %T ,                   
                             SLURM_CLUSTER_NAME=fair-aws-h100-1,                
                             SLURM_JOB_END_TIME=1752878658,                     
                             FI_EFA_USE_HUGE_PAGE=0, SLURM_CPUS_ON_NODE=80,     
                             SLURM_JOB_CPUS_PER_NODE=80(x2),                    
                             SLURM_GPUS_ON_NODE=8, PWD=/home/chuanyang/dpo,     
                             SLURM_GTIDS=0,1,2,3,4,5,6,7, LOGNAME=chuanyang,    
                             XDG_SESSION_TYPE=tty,                              
                             CONDA_PREFIX=/home/chuanyang/miniconda3/envs/fairse
                             q2, SLURM_JOB_PARTITION=learn,                     
                             MODULESHOME=/usr/share/modules, MANPATH=:,         
                             SLURM_OOM_KILL_STEP=0, SLURM_JOB_NUM_NODES=2,      
                             SLURM_OPEN_MODE=a,                                 
                             VSCODE_GIT_ASKPASS_NODE=/opt/hpcaas/.mounts/fs-0729
                             17c00f01ae1ba/home/chuanyang/.vscode-server/cli/ser
                             vers/Stable-2901c5ac6db8a986a5666c3af51ff804d05af0d
                             4/server/node, SLURM_JOBID=1474489,                
                             SLURM_JOB_QOS=ram_high, MOTD_SHOWN=pam,            
                             HOME=/home/chuanyang, LANG=C.UTF-8, SLURM_PROCID=0,
                             CLUSTER_ID=fair-aws-h100-1,                        
                             SSL_CERT_DIR=/usr/lib/ssl/certs,                   
                             CONDA_PROMPT_MODIFIER=(fairseq2) , TMPDIR=/tmp,    
                             GIT_ASKPASS=/opt/hpcaas/.mounts/fs-072917c00f01ae1b
                             a/home/chuanyang/.vscode-server/cli/servers/Stable-
                             2901c5ac6db8a986a5666c3af51ff804d05af0d4/server/ext
                             ensions/git/dist/askpass.sh,                       
                             SLURM_CPUS_PER_TASK=10, SLURM_NTASKS=16,           
                             SLURM_TOPOLOGY_ADDR=cr1-h100-p548xlarge-126,       
                             SSH_CONNECTION=163.114.130.8 38519 10.200.245.71   
                             22, VSCODE_GIT_ASKPASS_EXTRA_ARGS=,                
                             SLURM_TOPOLOGY_ADDR_PATTERN=node,                  
                             CUDA_VISIBLE_DEVICES=0, LESSCLOSE=/usr/bin/lesspipe
                             %s %s, XDG_SESSION_CLASS=user,                     
                             SLURM_SCRIPT_CONTEXT=prolog_task,                  
                             TERM=xterm-256color, LESSOPEN=| /usr/bin/lesspipe  
                             %s, USER=chuanyang,                                
                             SLURM_NODELIST=cr1-h100-p548xlarge-[126,216],      
                             VSCODE_GIT_IPC_HANDLE=/run/user/694137/vscode-git-5
                             4d05a38a8.sock, ENVIRONMENT=BATCH, CONDA_SHLVL=2,  
                             LOADEDMODULES=, SLURM_JOB_ACCOUNT=ram,             
                             SLURM_PRIO_PROCESS=0, SLURM_NPROCS=16, SHLVL=3,    
                             SLURM_NNODES=2, XDG_SESSION_ID=4429,               
                             SLURM_SUBMIT_HOST=submit-1,                        
                             CONDA_PYTHON_EXE=/home/chuanyang/miniconda3/bin/pyt
                             hon,                                               
                             LD_LIBRARY_PATH=/opt/amazon/efa/lib:/opt/amazon/ope
                             nmpi/lib:/opt/amazon/ofi-nccl/lib:/usr/local/cuda-1
                             2.8/lib:/usr/local/cuda-12.8/lib64:/usr/local/cuda-
                             12.8:/usr/local/cuda-12.8/targets/x86_64-linux/lib/
                             :/usr/local/cuda-12.8/extras/CUPTI/lib64:/usr/local
                             /lib:/usr/lib:/opt/amazon/efa/lib:/opt/amazon/openm
                             pi/lib:/opt/amazon/ofi-nccl/lib:/usr/local/cuda-12.
                             8/lib:/usr/local/cuda-12.8/lib64:/usr/local/cuda-12
                             .8:/usr/local/cuda-12.8/targets/x86_64-linux/lib/:/
                             usr/local/cuda-12.8/extras/CUPTI/lib64:/usr/local/l
                             ib:/usr/lib:/opt/amazon/efa/lib:/opt/amazon/openmpi
                             /lib:/opt/amazon/ofi-nccl/lib:/usr/local/cuda-12.8/
                             lib:/usr/local/cuda-12.8/lib64:/usr/local/cuda-12.8
                             :/usr/local/cuda-12.8/targets/x86_64-linux/lib/:/us
                             r/local/cuda-12.8/extras/CUPTI/lib64:/usr/local/lib
                             :/usr/lib, XDG_RUNTIME_DIR=/run/user/694137,       
                             SLURM_JOB_ID=1474489,                              
                             SSL_CERT_FILE=/usr/lib/ssl/certs/ca-certificates.cr
                             t, SLURM_NODEID=0, SSH_CLIENT=163.114.130.8 38519  
                             22, CONDA_DEFAULT_ENV=fairseq2,                    
                             VSCODE_GIT_ASKPASS_MAIN=/opt/hpcaas/.mounts/fs-0729
                             17c00f01ae1ba/home/chuanyang/.vscode-server/cli/ser
                             vers/Stable-2901c5ac6db8a986a5666c3af51ff804d05af0d
                             4/server/extensions/git/dist/askpass-main.js,      
                             XDG_DATA_DIRS=/usr/local/share:/usr/share:/var/lib/
                             snapd/desktop,                                     
                             SLURM_CONF=/opt/slurm/etc/slurm.conf,              
                             BROWSER=/opt/hpcaas/.mounts/fs-072917c00f01ae1ba/ho
                             me/chuanyang/.vscode-server/cli/servers/Stable-2901
                             c5ac6db8a986a5666c3af51ff804d05af0d4/server/bin/hel
                             pers/browser.sh,                                   
                             PATH=/home/chuanyang/miniconda3/envs/fairseq2/bin:/
                             usr/local/sbin:/usr/local/bin:/usr/sbin:/usr/bin:/s
                             bin:/bin:/snap/bin:/opt/slurm/bin:/opt/slurm/sbin, 
                             SLURM_JOB_NAME=dpo_wildchat,                       
                             MODULEPATH=/opt/amazon/modules/modulefiles:/opt/ama
                             zon/modules/modulefiles:/etc/environment-modules/mo
                             dules:/usr/share/modules/versions:/usr/share/module
                             s/$MODULE_VERSION/modulefiles:/usr/share/modules/mo
                             dulefiles, SLURM_NTASKS_PER_NODE=8,                
                             DBUS_SESSION_BUS_ADDRESS=unix:path=/run/user/694137
                             /bus, CONDA_PREFIX_1=/home/chuanyang/miniconda3,   
                             SLURM_JOB_GID=694137,                              
                             OLDPWD=/home/chuanyang/dpo/slurm,                  
                             SLURM_JOB_NODELIST=cr1-h100-p548xlarge-[126,216],  
                             MODULES_CMD=/usr/lib/x86_64-linux-gnu/modulecmd.tcl
                             , TERM_PROGRAM=vscode,                             
                             VSCODE_IPC_HOOK_CLI=/run/user/694137/vscode-ipc-0a1
                             a8fb4-38ed-4186-b517-42b1eab1a3d8.sock,            
                             _=/opt/slurm/bin/srun, SLURM_MPI_TYPE=pmi2,        
                             SRUN_DEBUG=3, SLURM_UMASK=0002,                    
                             SLURM_DISTRIBUTION=block, SLURMD_DEBUG=2,          
                             SLURM_STEP_ID=0, SLURM_STEPID=0,                   
                             SLURM_STEP_NODELIST=cr1-h100-p548xlarge-[126,216], 
                             SLURM_STEP_NUM_NODES=2, SLURM_STEP_NUM_TASKS=16,   
                             SLURM_STEP_TASKS_PER_NODE=8(x2),                   
                             SLURM_STEP_LAUNCHER_PORT=60287,                    
                             SLURM_SRUN_COMM_PORT=60287,                        
                             SLURM_SRUN_COMM_HOST=10.200.247.206,               
                             SLURM_STEP_GPUS=0,1,2,3,4,5,6,7,                   
                             SLURM_CPU_BIND=quiet,mask_cpu:0x000000001C010000000
                             00001000000001C01000000000001,0x00000003E0000000000
                             0000000000003E000000000000000,0x0000007C00000000000
                             000000000007C0000000000000000,0x00000F8000000000000
                             0000000000F800000000000000000,0x0001F00000000000000
                             000000001F0000000000000000000,0x003E000000000000000
                             00000003E00000000000000000000,0x07C0000000000000000
                             0000007C000000000000000000000,0xF800000000000000000
                             00000F80000000000000000000000,                     
                             SLURM_CPU_BIND_LIST=0x000000001C0100000000000100000
                             0001C01000000000001,0x00000003E00000000000000000000
                             003E000000000000000,0x0000007C000000000000000000000
                             07C0000000000000000,0x00000F80000000000000000000000
                             F800000000000000000,0x0001F00000000000000000000001F
                             0000000000000000000,0x003E00000000000000000000003E0
                             0000000000000000000,0x07C00000000000000000000007C00
                             0000000000000000000,0xF80000000000000000000000F8000
                             0000000000000000000, SLURM_CPU_BIND_TYPE=mask_cpu:,
                             SLURM_CPU_BIND_VERBOSE=quiet,                      
                             SLURM_LAUNCH_NODE_IPADDR=10.200.247.206, PMI_FD=17,
                             PMI_JOBID=1474489.0, PMI_RANK=0, PMI_SIZE=16,      
                             WORLD_SIZE=16, RANK=0, LOCAL_WORLD_SIZE=8,         
                             LOCAL_RANK=0, MASTER_ADDR=cr1-h100-p548xlarge-126, 
                             MASTER_PORT=35116, TORCH_CPP_LOG_LEVEL=INFO,       
                             NCCL_DEBUG=INFO,                                   
                             NCCL_DEBUG_FILE=/checkpoint/ram/chuanyang/dpo/rlhi_
                             0718_combined_combined_preference_pairs_0718_6.1k.j
                             sonl_LR1e-7_FLR1e-17_BT0.1_WP30_EPS1e-8/logs/nccl/r
                             ank_0.log, CUDA_MODULE_LOADING=LAZY                
                    INFO     fairseq2 - Initializing the root gang.             
                    INFO     fairseq2 - Setting the number of threads used for  
                             intra-op parallelism to 10.                        
[07/18/25 12:45:06] INFO     fairseq2 - Root gang initialized.                  
                    INFO     fairseq2 - Initializing the parallel gangs.        
                    INFO     fairseq2 - Initializing data parallel gang with a  
                             size of 16.                                        
                    INFO     fairseq2 - Initializing tensor parallel gang with a
                             size of 1.                                         
                    INFO     fairseq2 - Parallel gangs initialized.             
                    INFO     fairseq2 - Model Config:                           
                             LLaMAConfig(                                       
                                 model_dim=4096,                                
                                 max_seq_len=131072,                            
                                 vocab_info=VocabularyInfo(                     
                                     size=128256,                               
                                     unk_idx=None,                              
                                     bos_idx=128000,                            
                                     eos_idx=128009,                            
                                     pad_idx=None,                              
                                     boh_idx=None,                              
                                     eoh_idx=None                               
                                 ),                                             
                                 num_layers=32,                                 
                                 num_attn_heads=32,                             
                                 num_key_value_heads=8,                         
                                 ffn_inner_dim=16384,                           
                                 ffn_inner_dim_scale=0.6666666666666666,        
                                 ffn_inner_dim_multiplier=1.3,                  
                                 ffn_inner_dim_to_multiple=1024,                
                                 rope_theta=500000.0,                           
                                 use_scaled_rope=True,                          
                                 rope_scaling=LLaMARopeScalingConfig(           
                                     factor=8.0,                                
                                     frequency_factors=(1.0, 4.0),              
                                     original_context_length=8192               
                                 ),                                             
                                 dropout_p=0.0                                  
                             )                                                  
                    INFO     fairseq2 - Loading 'llama3_1_8b_instruct' model on 
                             data parallel rank 0.                              
[07/18/25 12:46:02] INFO     fairseq2 - Model loaded on data parallel rank 0.   
                    INFO     fairseq2 - Wrapping the model with FSDP and        
                             broadcasting to all processes.                     
                    INFO     fairseq2 - Model wrapped with FSDP and broadcasted.
                    INFO     fairseq2 - Model (rank 0) - Parameter Size:        
                             501,891,328 | Parameter Size (bytes): 1.87 GiB |   
                             Trainable Parameter Size: 501,891,328 | Trainable  
                             Parameter Size (bytes): 1.87 GiB | Buffer Size:    
                             16,777,216 | Buffer Size (bytes): 64.00 MiB | Total
                             Size: 518,668,544 | Total Size (bytes): 1.93 GiB | 
                             Layout:                                            
                             FullyShardedDataParallel(                          
                               (_fsdp_wrapped_module): TransformerDecoderModel( 
                                 model_dim=4096                                 
                                 (decoder_frontend):                            
                             TransformerEmbeddingFrontend(                      
                                   model_dim=4096                               
                                   (embed):                                     
                             StandardEmbedding(num_embeddings=128256,           
                             embedding_dim=4096)                                
                                   (pos_encoder): None                          
                                   (layer_norm): None                           
                                   (dropout): None                              
                                 )                                              
                                 (decoder): StandardTransformerDecoder(         
                                   model_dim=4096,                              
                             self_attn_mask_factory=CausalAttentionMaskFactory()
                             , norm_order=PRE                                   
                                   (layers): ModuleList(                        
                                     (0-31): 32 x FullyShardedDataParallel(     
                                       (_fsdp_wrapped_module):                  
                             CheckpointWrapper(                                 
                                         (_checkpoint_wrapped_module):          
                             StandardTransformerDecoderLayer(                   
                                           model_dim=4096, norm_order=PRE       
                                           (self_attn_layer_norm):              
                             RMSNorm(normalized_shape=(4096,), eps=1E-05,       
                             elementwise_affine=True)                           
                                           (self_attn):                         
                             StandardMultiheadAttention(                        
                                             num_heads=32, model_dim=4096,      
                             num_key_value_heads=8                              
                                             (q_proj): Linear(input_dim=4096,   
                             output_dim=4096, bias=False,                       
                             init_fn=init_qkv_projection)                       
                                             (k_proj): Linear(input_dim=4096,   
                             output_dim=1024, bias=False,                       
                             init_fn=init_qkv_projection)                       
                                             (v_proj): Linear(input_dim=4096,   
                             output_dim=1024, bias=False,                       
                             init_fn=init_qkv_projection)                       
                                             (pos_encoder):                     
                             RotaryEncoder(encoding_dim=128, max_seq_len=131072)
                                             (sdpa): TorchSDPA(attn_dropout_p=0)
                                             (output_proj):                     
                             Linear(input_dim=4096, output_dim=4096, bias=False,
                             init_fn=init_output_projection)                    
                                           )                                    
                                           (self_attn_norm): None               
                                           (self_attn_dropout): None            
                                           (self_attn_residual):                
                             StandardResidualConnect()                          
                                           (encoder_decoder_attn): None         
                                           (encoder_decoder_attn_dropout): None 
                                           (encoder_decoder_attn_residual): None
                                           (encoder_decoder_attn_layer_norm):   
                             None                                               
                                           (ffn_layer_norm):                    
                             RMSNorm(normalized_shape=(4096,), eps=1E-05,       
                             elementwise_affine=True)                           
                                           (ffn): GLUFeedForwardNetwork(        
                                             model_dim=4096,                    
                             inner_dim_scale=0.666667,                          
                             inner_dim_to_multiple=1024                         
                                             (gate_proj): Linear(input_dim=4096,
                             output_dim=14336, bias=False)                      
                                             (gate_activation): SiLU()          
                                             (inner_proj):                      
                             Linear(input_dim=4096, output_dim=14336,           
                             bias=False)                                        
                                             (inner_dropout): None              
                                             (output_proj):                     
                             Linear(input_dim=14336, output_dim=4096,           
                             bias=False)                                        
                                           )                                    
                                           (ffn_dropout): None                  
                                           (ffn_residual):                      
                             StandardResidualConnect()                          
                                         )                                      
                                       )                                        
                                     )                                          
                                   )                                            
                                   (layer_norm):                                
                             RMSNorm(normalized_shape=(4096,), eps=1E-05,       
                             elementwise_affine=True)                           
                                   (dropout): None                              
                                 )                                              
                                 (final_proj): Linear(input_dim=4096,           
                             output_dim=128256, bias=False,                     
                             init_fn=init_final_projection)                     
                               )                                                
                             )                                                  
                    INFO     fairseq2 - Loading the dataset.                    
                    ERROR    fairseq2 - The 'custom' dataset cannot be found at 
                             the                                                
                             '/home/chuanyang/data/combined_preference_pairs_071
                             8_6.1k.jsonl.jsonl' path.                          
srun: error: cr1-h100-p548xlarge-216: task 10: Exited with exit code 1
srun: Terminating StepId=1474489.0
slurmstepd: error: *** STEP 1474489.0 ON cr1-h100-p548xlarge-126 CANCELLED AT 2025-07-18T12:46:05 ***
srun: error: cr1-h100-p548xlarge-216: tasks 8,11,14-15: Exited with exit code 1
srun: error: cr1-h100-p548xlarge-126: tasks 1-7: Exited with exit code 1
srun: error: cr1-h100-p548xlarge-126: task 0: Exited with exit code 1
srun: error: cr1-h100-p548xlarge-216: tasks 9,12-13: Exited with exit code 1
