INFO 08-20 16:02:39 [importing.py:53] Triton module has been replaced with a placeholder.
INFO 08-20 16:02:39 [importing.py:53] Triton module has been replaced with a placeholder.
INFO 08-20 16:02:39 [importing.py:53] Triton module has been replaced with a placeholder.
INFO 08-20 16:02:39 [importing.py:53] Triton module has been replaced with a placeholder.
INFO 08-20 16:02:39 [importing.py:53] Triton module has been replaced with a placeholder.
INFO 08-20 16:02:39 [importing.py:53] Triton module has been replaced with a placeholder.
INFO 08-20 16:02:39 [importing.py:53] Triton module has been replaced with a placeholder.
INFO 08-20 16:02:39 [importing.py:53] Triton module has been replaced with a placeholder.
INFO 08-20 16:02:39 [importing.py:53] Triton module has been replaced with a placeholder.
INFO 08-20 16:02:39 [importing.py:53] Triton module has been replaced with a placeholder.
INFO 08-20 16:02:39 [importing.py:53] Triton module has been replaced with a placeholder.
INFO 08-20 16:02:39 [importing.py:53] Triton module has been replaced with a placeholder.
INFO 08-20 16:02:39 [importing.py:53] Triton module has been replaced with a placeholder.
INFO 08-20 16:02:39 [importing.py:53] Triton module has been replaced with a placeholder.
INFO 08-20 16:02:39 [importing.py:53] Triton module has been replaced with a placeholder.
INFO 08-20 16:02:39 [importing.py:53] Triton module has been replaced with a placeholder.
INFO 08-20 16:02:41 [__init__.py:239] Automatically detected platform cuda.
INFO 08-20 16:02:41 [__init__.py:239] Automatically detected platform cuda.
INFO 08-20 16:02:41 [__init__.py:239] Automatically detected platform cuda.
INFO 08-20 16:02:41 [__init__.py:239] Automatically detected platform cuda.
INFO 08-20 16:02:41 [__init__.py:239] Automatically detected platform cuda.
INFO 08-20 16:02:41 [__init__.py:239] Automatically detected platform cuda.
INFO 08-20 16:02:41 [__init__.py:239] Automatically detected platform cuda.
INFO 08-20 16:02:41 [__init__.py:239] Automatically detected platform cuda.
INFO 08-20 16:02:41 [__init__.py:239] Automatically detected platform cuda.
INFO 08-20 16:02:41 [__init__.py:239] Automatically detected platform cuda.
INFO 08-20 16:02:41 [__init__.py:239] Automatically detected platform cuda.
INFO 08-20 16:02:41 [__init__.py:239] Automatically detected platform cuda.
INFO 08-20 16:02:41 [__init__.py:239] Automatically detected platform cuda.
INFO 08-20 16:02:41 [__init__.py:239] Automatically detected platform cuda.
INFO 08-20 16:02:41 [__init__.py:239] Automatically detected platform cuda.
INFO 08-20 16:02:41 [__init__.py:239] Automatically detected platform cuda.
NCCL version 2.21.5+cuda12.4
INFO 08-21 00:12:46 [importing.py:53] Triton module has been replaced with a placeholder.
INFO 08-21 00:12:46 [importing.py:53] Triton module has been replaced with a placeholder.
INFO 08-21 00:12:46 [importing.py:53] Triton module has been replaced with a placeholder.
INFO 08-21 00:12:46 [importing.py:53] Triton module has been replaced with a placeholder.
INFO 08-21 00:12:46 [importing.py:53] Triton module has been replaced with a placeholder.
INFO 08-21 00:12:46 [importing.py:53] Triton module has been replaced with a placeholder.
INFO 08-21 00:12:46 [importing.py:53] Triton module has been replaced with a placeholder.
INFO 08-21 00:12:46 [importing.py:53] Triton module has been replaced with a placeholder.
INFO 08-21 00:12:46 [importing.py:53] Triton module has been replaced with a placeholder.
INFO 08-21 00:12:46 [importing.py:53] Triton module has been replaced with a placeholder.
INFO 08-21 00:12:46 [importing.py:53] Triton module has been replaced with a placeholder.
INFO 08-21 00:12:46 [importing.py:53] Triton module has been replaced with a placeholder.
INFO 08-21 00:12:46 [importing.py:53] Triton module has been replaced with a placeholder.
INFO 08-21 00:12:46 [importing.py:53] Triton module has been replaced with a placeholder.
INFO 08-21 00:12:46 [importing.py:53] Triton module has been replaced with a placeholder.
INFO 08-21 00:12:46 [importing.py:53] Triton module has been replaced with a placeholder.
INFO 08-21 00:12:48 [__init__.py:239] Automatically detected platform cuda.
INFO 08-21 00:12:48 [__init__.py:239] Automatically detected platform cuda.
INFO 08-21 00:12:48 [__init__.py:239] Automatically detected platform cuda.
INFO 08-21 00:12:48 [__init__.py:239] Automatically detected platform cuda.
INFO 08-21 00:12:48 [__init__.py:239] Automatically detected platform cuda.
INFO 08-21 00:12:48 [__init__.py:239] Automatically detected platform cuda.
INFO 08-21 00:12:48 [__init__.py:239] Automatically detected platform cuda.
INFO 08-21 00:12:48 [__init__.py:239] Automatically detected platform cuda.
INFO 08-21 00:12:48 [__init__.py:239] Automatically detected platform cuda.
INFO 08-21 00:12:48 [__init__.py:239] Automatically detected platform cuda.
INFO 08-21 00:12:48 [__init__.py:239] Automatically detected platform cuda.
INFO 08-21 00:12:48 [__init__.py:239] Automatically detected platform cuda.
INFO 08-21 00:12:48 [__init__.py:239] Automatically detected platform cuda.
INFO 08-21 00:12:48 [__init__.py:239] Automatically detected platform cuda.
INFO 08-21 00:12:48 [__init__.py:239] Automatically detected platform cuda.
INFO 08-21 00:12:48 [__init__.py:239] Automatically detected platform cuda.
NCCL version 2.21.5+cuda12.4
INFO 08-21 03:02:44 [importing.py:53] Triton module has been replaced with a placeholder.
INFO 08-21 03:02:44 [importing.py:53] Triton module has been replaced with a placeholder.
INFO 08-21 03:02:44 [importing.py:53] Triton module has been replaced with a placeholder.
INFO 08-21 03:02:44 [importing.py:53] Triton module has been replaced with a placeholder.
INFO 08-21 03:02:44 [importing.py:53] Triton module has been replaced with a placeholder.
INFO 08-21 03:02:44 [importing.py:53] Triton module has been replaced with a placeholder.
INFO 08-21 03:02:44 [importing.py:53] Triton module has been replaced with a placeholder.
INFO 08-21 03:02:44 [importing.py:53] Triton module has been replaced with a placeholder.
INFO 08-21 03:02:44 [importing.py:53] Triton module has been replaced with a placeholder.
INFO 08-21 03:02:44 [importing.py:53] Triton module has been replaced with a placeholder.
INFO 08-21 03:02:44 [importing.py:53] Triton module has been replaced with a placeholder.
INFO 08-21 03:02:44 [importing.py:53] Triton module has been replaced with a placeholder.
INFO 08-21 03:02:44 [importing.py:53] Triton module has been replaced with a placeholder.
INFO 08-21 03:02:44 [importing.py:53] Triton module has been replaced with a placeholder.
INFO 08-21 03:02:44 [importing.py:53] Triton module has been replaced with a placeholder.
INFO 08-21 03:02:44 [importing.py:53] Triton module has been replaced with a placeholder.
INFO 08-21 03:02:46 [__init__.py:239] Automatically detected platform cuda.
INFO 08-21 03:02:46 [__init__.py:239] Automatically detected platform cuda.
INFO 08-21 03:02:46 [__init__.py:239] Automatically detected platform cuda.
INFO 08-21 03:02:46 [__init__.py:239] Automatically detected platform cuda.
INFO 08-21 03:02:46 [__init__.py:239] Automatically detected platform cuda.
INFO 08-21 03:02:46 [__init__.py:239] Automatically detected platform cuda.
INFO 08-21 03:02:46 [__init__.py:239] Automatically detected platform cuda.
INFO 08-21 03:02:46 [__init__.py:239] Automatically detected platform cuda.
INFO 08-21 03:02:46 [__init__.py:239] Automatically detected platform cuda.
INFO 08-21 03:02:46 [__init__.py:239] Automatically detected platform cuda.
INFO 08-21 03:02:46 [__init__.py:239] Automatically detected platform cuda.
INFO 08-21 03:02:46 [__init__.py:239] Automatically detected platform cuda.
INFO 08-21 03:02:46 [__init__.py:239] Automatically detected platform cuda.
INFO 08-21 03:02:46 [__init__.py:239] Automatically detected platform cuda.
INFO 08-21 03:02:46 [__init__.py:239] Automatically detected platform cuda.
INFO 08-21 03:02:46 [__init__.py:239] Automatically detected platform cuda.
NCCL version 2.21.5+cuda12.4
[1;34mwandb[0m: 
[1;34mwandb[0m: 🚀 View run [33mmath_0819_v2_processbench_synthetic_data_merged_v2_filtered_LR7e-7_FLR1e-15_BT0.1_WP30_EPS1e-8[0m at: [34mhttps://fairwandb.org/chuanyang/math_0819_v2/runs/sckyur50[0m
[1;34mwandb[0m: Find logs at: [1;35m../../../checkpoint/ram/chuanyang/math/math_0819_v2_processbench_synthetic_data_merged_v2_filtered_LR7e-7_FLR1e-15_BT0.1_WP30_EPS1e-8/wandb/run-20250821_030344-sckyur50/logs[0m
INFO 08-21 06:32:36 [importing.py:53] Triton module has been replaced with a placeholder.
INFO 08-21 06:32:36 [importing.py:53] Triton module has been replaced with a placeholder.
INFO 08-21 06:32:36 [importing.py:53] Triton module has been replaced with a placeholder.
INFO 08-21 06:32:36 [importing.py:53] Triton module has been replaced with a placeholder.
INFO 08-21 06:32:36 [importing.py:53] Triton module has been replaced with a placeholder.
INFO 08-21 06:32:36 [importing.py:53] Triton module has been replaced with a placeholder.
INFO 08-21 06:32:36 [importing.py:53] Triton module has been replaced with a placeholder.
INFO 08-21 06:32:36 [importing.py:53] Triton module has been replaced with a placeholder.
INFO 08-21 06:32:36 [importing.py:53] Triton module has been replaced with a placeholder.
INFO 08-21 06:32:36 [importing.py:53] Triton module has been replaced with a placeholder.
INFO 08-21 06:32:36 [importing.py:53] Triton module has been replaced with a placeholder.
INFO 08-21 06:32:36 [importing.py:53] Triton module has been replaced with a placeholder.
INFO 08-21 06:32:36 [importing.py:53] Triton module has been replaced with a placeholder.
INFO 08-21 06:32:36 [importing.py:53] Triton module has been replaced with a placeholder.
INFO 08-21 06:32:36 [importing.py:53] Triton module has been replaced with a placeholder.
INFO 08-21 06:32:36 [importing.py:53] Triton module has been replaced with a placeholder.
INFO 08-21 06:32:37 [__init__.py:239] Automatically detected platform cuda.
INFO 08-21 06:32:37 [__init__.py:239] Automatically detected platform cuda.
INFO 08-21 06:32:37 [__init__.py:239] Automatically detected platform cuda.
INFO 08-21 06:32:37 [__init__.py:239] Automatically detected platform cuda.
INFO 08-21 06:32:37 [__init__.py:239] Automatically detected platform cuda.
INFO 08-21 06:32:37 [__init__.py:239] Automatically detected platform cuda.
INFO 08-21 06:32:37 [__init__.py:239] Automatically detected platform cuda.
INFO 08-21 06:32:37 [__init__.py:239] Automatically detected platform cuda.
INFO 08-21 06:32:37 [__init__.py:239] Automatically detected platform cuda.
INFO 08-21 06:32:37 [__init__.py:239] Automatically detected platform cuda.
INFO 08-21 06:32:37 [__init__.py:239] Automatically detected platform cuda.
INFO 08-21 06:32:37 [__init__.py:239] Automatically detected platform cuda.
INFO 08-21 06:32:37 [__init__.py:239] Automatically detected platform cuda.
INFO 08-21 06:32:37 [__init__.py:239] Automatically detected platform cuda.
INFO 08-21 06:32:37 [__init__.py:239] Automatically detected platform cuda.
INFO 08-21 06:32:37 [__init__.py:239] Automatically detected platform cuda.
NCCL version 2.21.5+cuda12.4
INFO 08-21 13:27:17 [importing.py:53] Triton module has been replaced with a placeholder.
INFO 08-21 13:27:17 [importing.py:53] Triton module has been replaced with a placeholder.
INFO 08-21 13:27:17 [importing.py:53] Triton module has been replaced with a placeholder.
INFO 08-21 13:27:17 [importing.py:53] Triton module has been replaced with a placeholder.
INFO 08-21 13:27:17 [importing.py:53] Triton module has been replaced with a placeholder.
INFO 08-21 13:27:17 [importing.py:53] Triton module has been replaced with a placeholder.
INFO 08-21 13:27:17 [importing.py:53] Triton module has been replaced with a placeholder.
INFO 08-21 13:27:17 [importing.py:53] Triton module has been replaced with a placeholder.
INFO 08-21 13:27:17 [importing.py:53] Triton module has been replaced with a placeholder.
INFO 08-21 13:27:17 [importing.py:53] Triton module has been replaced with a placeholder.
INFO 08-21 13:27:17 [importing.py:53] Triton module has been replaced with a placeholder.
INFO 08-21 13:27:17 [importing.py:53] Triton module has been replaced with a placeholder.
INFO 08-21 13:27:17 [importing.py:53] Triton module has been replaced with a placeholder.
INFO 08-21 13:27:17 [importing.py:53] Triton module has been replaced with a placeholder.
INFO 08-21 13:27:17 [importing.py:53] Triton module has been replaced with a placeholder.
INFO 08-21 13:27:17 [importing.py:53] Triton module has been replaced with a placeholder.
INFO 08-21 13:27:18 [__init__.py:239] Automatically detected platform cuda.
INFO 08-21 13:27:18 [__init__.py:239] Automatically detected platform cuda.
INFO 08-21 13:27:18 [__init__.py:239] Automatically detected platform cuda.
INFO 08-21 13:27:18 [__init__.py:239] Automatically detected platform cuda.
INFO 08-21 13:27:18 [__init__.py:239] Automatically detected platform cuda.
INFO 08-21 13:27:18 [__init__.py:239] Automatically detected platform cuda.
INFO 08-21 13:27:18 [__init__.py:239] Automatically detected platform cuda.
INFO 08-21 13:27:18 [__init__.py:239] Automatically detected platform cuda.
INFO 08-21 13:27:18 [__init__.py:239] Automatically detected platform cuda.
INFO 08-21 13:27:18 [__init__.py:239] Automatically detected platform cuda.
INFO 08-21 13:27:18 [__init__.py:239] Automatically detected platform cuda.
INFO 08-21 13:27:18 [__init__.py:239] Automatically detected platform cuda.
INFO 08-21 13:27:18 [__init__.py:239] Automatically detected platform cuda.
INFO 08-21 13:27:19 [__init__.py:239] Automatically detected platform cuda.
INFO 08-21 13:27:19 [__init__.py:239] Automatically detected platform cuda.
INFO 08-21 13:27:19 [__init__.py:239] Automatically detected platform cuda.
NCCL version 2.21.5+cuda12.4
