/var/spool/slurmd/job1402042/slurm_script: line 23: conda: command not found
/var/spool/slurmd/job1402042/slurm_script: line 24: /fsx-ram/chuanyang/miniconda3/bin/activate: No such file or directory
/var/spool/slurmd/job1402042/slurm_script: line 26: conda: command not found
slurmstepd: error: execve(): fairseq2: No such file or directory
slurmstepd: error: execve(): fairseq2: No such file or directory
slurmstepd: error: execve(): fairseq2: No such file or directory
slurmstepd: error: execve(): fairseq2: No such file or directory
slurmstepd: error: execve(): fairseq2: No such file or directory
slurmstepd: error: execve(): fairseq2: No such file or directory
slurmstepd: error: execve(): fairseq2: No such file or directory
slurmstepd: error: execve(): fairseq2: No such file or directory
slurmstepd: error: execve(): fairseq2: No such file or directory
slurmstepd: error: execve(): fairseq2: No such file or directory
slurmstepd: error: execve(): fairseq2: No such file or directory
slurmstepd: error: execve(): fairseq2: No such file or directory
srun: error: cr1-h200-p5en48xlarge-487: tasks 16-23: Exited with exit code 2
srun: Terminating StepId=1402042.0
slurmstepd: error: execve(): fairseq2: No such file or directory
slurmstepd: error: execve(): fairseq2: No such file or directory
slurmstepd: error: execve(): fairseq2: No such file or directory
slurmstepd: error: execve(): fairseq2: No such file or directory
slurmstepd: error: execve(): fairseq2: No such file or directory
slurmstepd: error: execve(): fairseq2: No such file or directory
slurmstepd: error: execve(): fairseq2: No such file or directory
slurmstepd: error: execve(): fairseq2: No such file or directory
slurmstepd: error: execve(): fairseq2: No such file or directory
slurmstepd: error: execve(): fairseq2: No such file or directory
slurmstepd: error: execve(): fairseq2: No such file or directory
slurmstepd: error: execve(): fairseq2: No such file or directory
srun: error: cr1-h200-p5en48xlarge-456: tasks 0,5: Exited with exit code 2
srun: error: cr1-h200-p5en48xlarge-486: tasks 8-9: Exited with exit code 2
slurmstepd: error: *** STEP 1402042.0 ON cr1-h200-p5en48xlarge-456 CANCELLED AT 2025-09-06T17:46:09 ***
srun: error: cr1-h200-p5en48xlarge-456: tasks 1-4,6-7: Exited with exit code 2
srun: error: cr1-h200-p5en48xlarge-486: tasks 10-15: Exited with exit code 2
